Traceback (most recent call last):
  File "/home/users/mendrika/EPS-Impact-Case-AI-Nowcasting/notebook/data-manipulation/combining/data-creation-before-t0-lead-time-for-map-more-lt.py", line 26, in <module>
    test_data_X = pd.read_csv(f'{parent_path}/test-data-{location}-input-t0.csv')
                  ^^^^^^^^^^^^^^^^^^^^^^^^^^^^^^^^^^^^^^^^^^^^^^^^^^^^^^^^^^^^^^^
  File "/apps/jasmin/jaspy/miniforge_envs/jaspy3.11/mf3-23.11.0-0/envs/jaspy3.11-mf3-23.11.0-0-v20240815/lib/python3.11/site-packages/pandas/io/parsers/readers.py", line 1026, in read_csv
    return _read(filepath_or_buffer, kwds)
           ^^^^^^^^^^^^^^^^^^^^^^^^^^^^^^^
  File "/apps/jasmin/jaspy/miniforge_envs/jaspy3.11/mf3-23.11.0-0/envs/jaspy3.11-mf3-23.11.0-0-v20240815/lib/python3.11/site-packages/pandas/io/parsers/readers.py", line 620, in _read
    parser = TextFileReader(filepath_or_buffer, **kwds)
             ^^^^^^^^^^^^^^^^^^^^^^^^^^^^^^^^^^^^^^^^^^
  File "/apps/jasmin/jaspy/miniforge_envs/jaspy3.11/mf3-23.11.0-0/envs/jaspy3.11-mf3-23.11.0-0-v20240815/lib/python3.11/site-packages/pandas/io/parsers/readers.py", line 1620, in __init__
    self._engine = self._make_engine(f, self.engine)
                   ^^^^^^^^^^^^^^^^^^^^^^^^^^^^^^^^^
  File "/apps/jasmin/jaspy/miniforge_envs/jaspy3.11/mf3-23.11.0-0/envs/jaspy3.11-mf3-23.11.0-0-v20240815/lib/python3.11/site-packages/pandas/io/parsers/readers.py", line 1880, in _make_engine
    self.handles = get_handle(
                   ^^^^^^^^^^^
  File "/apps/jasmin/jaspy/miniforge_envs/jaspy3.11/mf3-23.11.0-0/envs/jaspy3.11-mf3-23.11.0-0-v20240815/lib/python3.11/site-packages/pandas/io/common.py", line 873, in get_handle
    handle = open(
             ^^^^^
OSError: [Errno 107] Transport endpoint is not connected: '/gws/nopw/j04/wiser_ewsa/mrakotomanga/EPS/Data/Senegal/64x64/full/test-data-senegal-input-t0.csv'
