Traceback (most recent call last):
  File "/apps/jasmin/jaspy/miniforge_envs/jaspy3.11/mf3-23.11.0-0/envs/jaspy3.11-mf3-23.11.0-0-v20240815/lib/python3.11/pathlib.py", line 1116, in mkdir
    os.mkdir(self, mode)
FileNotFoundError: [Errno 2] No such file or directory: '/gws/nopw/j04/wiser_ewsa/mrakotomanga/EPS/Data/Senegal/H0/zone_14'

During handling of the above exception, another exception occurred:

Traceback (most recent call last):
  File "/apps/jasmin/jaspy/miniforge_envs/jaspy3.11/mf3-23.11.0-0/envs/jaspy3.11-mf3-23.11.0-0-v20240815/lib/python3.11/pathlib.py", line 1116, in mkdir
    os.mkdir(self, mode)
FileNotFoundError: [Errno 2] No such file or directory: '/gws/nopw/j04/wiser_ewsa/mrakotomanga/EPS/Data/Senegal/H0'

During handling of the above exception, another exception occurred:

Traceback (most recent call last):
  File "/apps/jasmin/jaspy/miniforge_envs/jaspy3.11/mf3-23.11.0-0/envs/jaspy3.11-mf3-23.11.0-0-v20240815/lib/python3.11/pathlib.py", line 1116, in mkdir
    os.mkdir(self, mode)
FileNotFoundError: [Errno 2] No such file or directory: '/gws/nopw/j04/wiser_ewsa/mrakotomanga/EPS/Data/Senegal'

During handling of the above exception, another exception occurred:

Traceback (most recent call last):
  File "/apps/jasmin/jaspy/miniforge_envs/jaspy3.11/mf3-23.11.0-0/envs/jaspy3.11-mf3-23.11.0-0-v20240815/lib/python3.11/pathlib.py", line 1116, in mkdir
    os.mkdir(self, mode)
FileNotFoundError: [Errno 2] No such file or directory: '/gws/nopw/j04/wiser_ewsa/mrakotomanga/EPS/Data'

During handling of the above exception, another exception occurred:

Traceback (most recent call last):
  File "/apps/jasmin/jaspy/miniforge_envs/jaspy3.11/mf3-23.11.0-0/envs/jaspy3.11-mf3-23.11.0-0-v20240815/lib/python3.11/pathlib.py", line 1116, in mkdir
    os.mkdir(self, mode)
FileNotFoundError: [Errno 2] No such file or directory: '/gws/nopw/j04/wiser_ewsa/mrakotomanga/EPS'

During handling of the above exception, another exception occurred:

Traceback (most recent call last):
  File "/apps/jasmin/jaspy/miniforge_envs/jaspy3.11/mf3-23.11.0-0/envs/jaspy3.11-mf3-23.11.0-0-v20240815/lib/python3.11/pathlib.py", line 1116, in mkdir
    os.mkdir(self, mode)
FileNotFoundError: [Errno 2] No such file or directory: '/gws/nopw/j04/wiser_ewsa/mrakotomanga'

During handling of the above exception, another exception occurred:

Traceback (most recent call last):
  File "/home/users/mendrika/EPS-Impact-Case-AI-Nowcasting/script/H0-analysis/create-database.py", line 114, in <module>
    main()
  File "/home/users/mendrika/EPS-Impact-Case-AI-Nowcasting/script/H0-analysis/create-database.py", line 63, in main
    OUTPUT_PATH.mkdir(parents=True, exist_ok=True)
  File "/apps/jasmin/jaspy/miniforge_envs/jaspy3.11/mf3-23.11.0-0/envs/jaspy3.11-mf3-23.11.0-0-v20240815/lib/python3.11/pathlib.py", line 1120, in mkdir
    self.parent.mkdir(parents=True, exist_ok=True)
  File "/apps/jasmin/jaspy/miniforge_envs/jaspy3.11/mf3-23.11.0-0/envs/jaspy3.11-mf3-23.11.0-0-v20240815/lib/python3.11/pathlib.py", line 1120, in mkdir
    self.parent.mkdir(parents=True, exist_ok=True)
  File "/apps/jasmin/jaspy/miniforge_envs/jaspy3.11/mf3-23.11.0-0/envs/jaspy3.11-mf3-23.11.0-0-v20240815/lib/python3.11/pathlib.py", line 1120, in mkdir
    self.parent.mkdir(parents=True, exist_ok=True)
  [Previous line repeated 3 more times]
  File "/apps/jasmin/jaspy/miniforge_envs/jaspy3.11/mf3-23.11.0-0/envs/jaspy3.11-mf3-23.11.0-0-v20240815/lib/python3.11/pathlib.py", line 1116, in mkdir
    os.mkdir(self, mode)
PermissionError: [Errno 13] Permission denied: '/gws/nopw/j04/wiser_ewsa'
