
Processing shards:   0%|          | 0/464 [00:00<?, ?it/s]
Processing shards:   0%|          | 1/464 [00:06<52:39,  6.82s/it]
Processing shards:   0%|          | 2/464 [00:14<57:49,  7.51s/it]
Processing shards:   1%|          | 3/464 [00:21<54:00,  7.03s/it]
Processing shards:   1%|          | 4/464 [00:26<49:45,  6.49s/it]
Processing shards:   1%|          | 5/464 [00:33<49:09,  6.43s/it]
Processing shards:   1%|▏         | 6/464 [00:39<48:19,  6.33s/it]
Processing shards:   2%|▏         | 7/464 [00:45<46:27,  6.10s/it]
Processing shards:   2%|▏         | 8/464 [00:50<44:13,  5.82s/it]
Processing shards:   2%|▏         | 9/464 [00:55<43:58,  5.80s/it]
Processing shards:   2%|▏         | 10/464 [01:01<43:23,  5.73s/it]
Processing shards:   2%|▏         | 11/464 [01:06<41:20,  5.48s/it]
Processing shards:   3%|▎         | 12/464 [01:16<51:23,  6.82s/it]
Processing shards:   3%|▎         | 13/464 [01:30<1:07:46,  9.02s/it]
Processing shards:   3%|▎         | 14/464 [01:40<1:10:46,  9.44s/it]
Processing shards:   3%|▎         | 15/464 [01:46<1:03:11,  8.44s/it]
Processing shards:   3%|▎         | 16/464 [01:52<57:00,  7.63s/it]  
Processing shards:   4%|▎         | 17/464 [01:58<51:37,  6.93s/it]
Processing shards:   4%|▍         | 18/464 [02:02<46:43,  6.29s/it]
Processing shards:   4%|▍         | 19/464 [02:07<43:07,  5.82s/it]
Processing shards:   4%|▍         | 20/464 [02:12<41:24,  5.59s/it]
Processing shards:   5%|▍         | 21/464 [02:17<39:25,  5.34s/it]
Processing shards:   5%|▍         | 22/464 [02:22<38:01,  5.16s/it]
Processing shards:   5%|▍         | 23/464 [02:26<36:44,  5.00s/it]
Processing shards:   5%|▌         | 24/464 [02:31<36:14,  4.94s/it]
Processing shards:   5%|▌         | 25/464 [02:36<36:01,  4.92s/it]
Processing shards:   6%|▌         | 26/464 [02:40<35:02,  4.80s/it]
Processing shards:   6%|▌         | 27/464 [02:46<35:52,  4.92s/it]
Processing shards:   6%|▌         | 28/464 [02:51<36:07,  4.97s/it]
Processing shards:   6%|▋         | 29/464 [02:55<35:13,  4.86s/it]
Processing shards:   6%|▋         | 30/464 [03:00<34:44,  4.80s/it]
Processing shards:   7%|▋         | 31/464 [03:05<35:01,  4.85s/it]
Processing shards:   7%|▋         | 32/464 [03:10<34:21,  4.77s/it]
Processing shards:   7%|▋         | 33/464 [03:14<34:11,  4.76s/it]
Processing shards:   7%|▋         | 34/464 [03:19<34:24,  4.80s/it]
Processing shards:   8%|▊         | 35/464 [03:24<34:00,  4.76s/it]
Processing shards:   8%|▊         | 36/464 [03:29<35:27,  4.97s/it]
Processing shards:   8%|▊         | 37/464 [03:34<35:11,  4.95s/it]
Processing shards:   8%|▊         | 38/464 [03:39<34:21,  4.84s/it]
Processing shards:   8%|▊         | 39/464 [03:44<34:20,  4.85s/it]
Processing shards:   9%|▊         | 40/464 [03:49<34:35,  4.89s/it]
Processing shards:   9%|▉         | 41/464 [03:53<34:12,  4.85s/it]
Processing shards:   9%|▉         | 42/464 [03:58<33:44,  4.80s/it]
Processing shards:   9%|▉         | 43/464 [04:03<33:17,  4.74s/it]
Processing shards:   9%|▉         | 44/464 [04:08<33:39,  4.81s/it]
Processing shards:  10%|▉         | 45/464 [04:12<33:10,  4.75s/it]
Processing shards:  10%|▉         | 46/464 [04:17<33:18,  4.78s/it]
Processing shards:  10%|█         | 47/464 [04:22<33:15,  4.79s/it]
Processing shards:  10%|█         | 48/464 [04:27<33:11,  4.79s/it]
Processing shards:  11%|█         | 49/464 [04:31<32:06,  4.64s/it]
Processing shards:  11%|█         | 50/464 [04:36<32:03,  4.65s/it]
Processing shards:  11%|█         | 51/464 [04:40<32:07,  4.67s/it]
Processing shards:  11%|█         | 52/464 [04:46<33:19,  4.85s/it]
Processing shards:  11%|█▏        | 53/464 [04:51<33:40,  4.92s/it]
Processing shards:  12%|█▏        | 54/464 [04:55<33:07,  4.85s/it]
Processing shards:  12%|█▏        | 55/464 [05:00<32:34,  4.78s/it]
Processing shards:  12%|█▏        | 56/464 [05:05<32:23,  4.76s/it]
Processing shards:  12%|█▏        | 57/464 [05:09<32:02,  4.72s/it]
Processing shards:  12%|█▎        | 58/464 [05:15<33:15,  4.91s/it]
Processing shards:  13%|█▎        | 59/464 [05:19<32:35,  4.83s/it]
Processing shards:  13%|█▎        | 60/464 [05:24<32:05,  4.77s/it]
Processing shards:  13%|█▎        | 61/464 [05:29<31:46,  4.73s/it]
Processing shards:  13%|█▎        | 62/464 [05:34<31:59,  4.77s/it]
Processing shards:  14%|█▎        | 63/464 [05:39<33:27,  5.01s/it]
Processing shards:  14%|█▍        | 64/464 [05:45<35:38,  5.35s/it]
Processing shards:  14%|█▍        | 65/464 [05:51<36:31,  5.49s/it]
Processing shards:  14%|█▍        | 66/464 [05:57<37:24,  5.64s/it]
Processing shards:  14%|█▍        | 67/464 [06:03<37:23,  5.65s/it]
Processing shards:  15%|█▍        | 68/464 [06:09<37:38,  5.70s/it]
Processing shards:  15%|█▍        | 69/464 [06:18<44:14,  6.72s/it]
Processing shards:  15%|█▌        | 70/464 [06:32<1:00:09,  9.16s/it]
Processing shards:  15%|█▌        | 71/464 [06:42<1:01:14,  9.35s/it]
Processing shards:  16%|█▌        | 72/464 [06:50<58:13,  8.91s/it]  
Processing shards:  16%|█▌        | 73/464 [06:57<53:08,  8.15s/it]
Processing shards:  16%|█▌        | 74/464 [07:02<47:41,  7.34s/it]
Processing shards:  16%|█▌        | 75/464 [07:08<44:40,  6.89s/it]
Processing shards:  16%|█▋        | 76/464 [07:14<43:03,  6.66s/it]
Processing shards:  17%|█▋        | 77/464 [07:20<41:07,  6.38s/it]
Processing shards:  17%|█▋        | 78/464 [07:26<40:59,  6.37s/it]
Processing shards:  17%|█▋        | 79/464 [07:31<39:03,  6.09s/it]
Processing shards:  17%|█▋        | 80/464 [07:37<37:54,  5.92s/it]
Processing shards:  17%|█▋        | 81/464 [07:43<38:13,  5.99s/it]
Processing shards:  18%|█▊        | 82/464 [07:49<38:23,  6.03s/it]
Processing shards:  18%|█▊        | 83/464 [07:55<37:48,  5.95s/it]
Processing shards:  18%|█▊        | 84/464 [08:01<37:39,  5.95s/it]
Processing shards:  18%|█▊        | 85/464 [08:07<38:03,  6.02s/it]
Processing shards:  19%|█▊        | 86/464 [08:13<37:19,  5.92s/it]
Processing shards:  19%|█▉        | 87/464 [08:18<36:33,  5.82s/it]
Processing shards:  19%|█▉        | 88/464 [08:25<37:03,  5.91s/it]
Processing shards:  19%|█▉        | 89/464 [08:31<38:05,  6.09s/it]
Processing shards:  19%|█▉        | 90/464 [08:37<37:35,  6.03s/it]
Processing shards:  20%|█▉        | 91/464 [08:43<37:04,  5.96s/it]
Processing shards:  20%|█▉        | 92/464 [08:49<37:17,  6.01s/it]
Processing shards:  20%|██        | 93/464 [08:55<37:57,  6.14s/it]
Processing shards:  20%|██        | 94/464 [09:02<38:46,  6.29s/it]
Processing shards:  20%|██        | 95/464 [09:08<37:43,  6.13s/it]
Processing shards:  21%|██        | 96/464 [09:14<37:52,  6.18s/it]
Processing shards:  21%|██        | 97/464 [09:20<37:06,  6.07s/it]
Processing shards:  21%|██        | 98/464 [09:26<37:49,  6.20s/it]
Processing shards:  21%|██▏       | 99/464 [09:32<37:28,  6.16s/it]
Processing shards:  22%|██▏       | 100/464 [09:39<38:35,  6.36s/it]
Processing shards:  22%|██▏       | 101/464 [09:45<38:06,  6.30s/it]
Processing shards:  22%|██▏       | 102/464 [09:52<38:12,  6.33s/it]
Processing shards:  22%|██▏       | 103/464 [09:58<38:02,  6.32s/it]
Processing shards:  22%|██▏       | 104/464 [10:05<38:24,  6.40s/it]
Processing shards:  23%|██▎       | 105/464 [10:11<37:44,  6.31s/it]
Processing shards:  23%|██▎       | 106/464 [10:17<36:35,  6.13s/it]
Processing shards:  23%|██▎       | 107/464 [10:23<36:15,  6.09s/it]
Processing shards:  23%|██▎       | 108/464 [10:29<37:01,  6.24s/it]
Processing shards:  23%|██▎       | 109/464 [10:35<36:29,  6.17s/it]
Processing shards:  24%|██▎       | 110/464 [10:41<36:32,  6.19s/it]
Processing shards:  24%|██▍       | 111/464 [10:47<36:17,  6.17s/it]
Processing shards:  24%|██▍       | 112/464 [10:53<35:57,  6.13s/it]
Processing shards:  24%|██▍       | 113/464 [10:59<34:59,  5.98s/it]
Processing shards:  25%|██▍       | 114/464 [11:05<35:23,  6.07s/it]
Processing shards:  25%|██▍       | 115/464 [11:12<36:08,  6.21s/it]
Processing shards:  25%|██▌       | 116/464 [11:24<45:24,  7.83s/it]
Processing shards:  25%|██▌       | 117/464 [11:35<51:32,  8.91s/it]
Processing shards:  25%|██▌       | 118/464 [11:44<51:26,  8.92s/it]
Processing shards:  26%|██▌       | 119/464 [11:50<46:34,  8.10s/it]
Processing shards:  26%|██▌       | 120/464 [11:56<43:17,  7.55s/it]
Processing shards:  26%|██▌       | 121/464 [12:03<41:45,  7.30s/it]
Processing shards:  26%|██▋       | 122/464 [12:09<39:44,  6.97s/it]
Processing shards:  27%|██▋       | 123/464 [12:16<38:36,  6.79s/it]
Processing shards:  27%|██▋       | 124/464 [12:22<36:53,  6.51s/it]
Processing shards:  27%|██▋       | 125/464 [12:28<36:45,  6.51s/it]
Processing shards:  27%|██▋       | 126/464 [12:34<35:37,  6.32s/it]
Processing shards:  27%|██▋       | 127/464 [12:40<34:46,  6.19s/it]
Processing shards:  28%|██▊       | 128/464 [12:46<35:04,  6.26s/it]
Processing shards:  28%|██▊       | 129/464 [12:53<36:14,  6.49s/it]
Processing shards:  28%|██▊       | 130/464 [13:01<37:23,  6.72s/it]
Processing shards:  28%|██▊       | 131/464 [13:07<36:08,  6.51s/it]
Processing shards:  28%|██▊       | 132/464 [13:13<36:41,  6.63s/it]
Processing shards:  29%|██▊       | 133/464 [13:20<36:45,  6.66s/it]
Processing shards:  29%|██▉       | 134/464 [13:27<36:35,  6.65s/it]
Processing shards:  29%|██▉       | 135/464 [13:33<36:24,  6.64s/it]
Processing shards:  29%|██▉       | 136/464 [13:40<36:23,  6.66s/it]
Processing shards:  30%|██▉       | 137/464 [13:46<35:46,  6.57s/it]
Processing shards:  30%|██▉       | 138/464 [13:53<35:54,  6.61s/it]
Processing shards:  30%|██▉       | 139/464 [13:59<35:17,  6.52s/it]
Processing shards:  30%|███       | 140/464 [14:06<35:47,  6.63s/it]
Processing shards:  30%|███       | 141/464 [14:14<37:17,  6.93s/it]
Processing shards:  31%|███       | 142/464 [14:21<37:31,  6.99s/it]
Processing shards:  31%|███       | 143/464 [14:29<38:55,  7.28s/it]
Processing shards:  31%|███       | 144/464 [14:42<47:17,  8.87s/it]
Processing shards:  31%|███▏      | 145/464 [14:51<47:09,  8.87s/it]
Processing shards:  31%|███▏      | 146/464 [14:58<45:30,  8.59s/it]
Processing shards:  32%|███▏      | 147/464 [15:05<41:58,  7.95s/it]
Processing shards:  32%|███▏      | 148/464 [15:11<38:31,  7.32s/it]
Processing shards:  32%|███▏      | 149/464 [15:18<38:49,  7.39s/it]
Processing shards:  32%|███▏      | 150/464 [15:25<36:56,  7.06s/it]
Processing shards:  33%|███▎      | 151/464 [15:31<36:21,  6.97s/it]
Processing shards:  33%|███▎      | 152/464 [15:37<34:28,  6.63s/it]
Processing shards:  33%|███▎      | 153/464 [15:44<34:45,  6.71s/it]
Processing shards:  33%|███▎      | 154/464 [15:50<34:02,  6.59s/it]
Processing shards:  33%|███▎      | 155/464 [15:57<34:36,  6.72s/it]
Processing shards:  34%|███▎      | 156/464 [16:03<33:26,  6.52s/it]
Processing shards:  34%|███▍      | 157/464 [16:11<34:22,  6.72s/it]
Processing shards:  34%|███▍      | 158/464 [16:18<34:37,  6.79s/it]
Processing shards:  34%|███▍      | 159/464 [16:31<44:36,  8.77s/it]
Processing shards:  34%|███▍      | 160/464 [16:41<46:01,  9.09s/it]
Processing shards:  35%|███▍      | 161/464 [16:49<44:14,  8.76s/it]
Processing shards:  35%|███▍      | 162/464 [16:55<40:11,  7.98s/it]
Processing shards:  35%|███▌      | 163/464 [17:02<38:59,  7.77s/it]
Processing shards:  35%|███▌      | 164/464 [17:10<39:08,  7.83s/it]
Processing shards:  36%|███▌      | 165/464 [17:17<37:21,  7.50s/it]
Processing shards:  36%|███▌      | 166/464 [17:25<37:46,  7.60s/it]
Processing shards:  36%|███▌      | 167/464 [17:31<35:55,  7.26s/it]
Processing shards:  36%|███▌      | 168/464 [17:38<35:08,  7.12s/it]
Processing shards:  36%|███▋      | 169/464 [17:44<33:10,  6.75s/it]
Processing shards:  37%|███▋      | 170/464 [17:50<32:07,  6.56s/it]
Processing shards:  37%|███▋      | 171/464 [17:57<32:37,  6.68s/it]
Processing shards:  37%|███▋      | 172/464 [18:04<33:19,  6.85s/it]
Processing shards:  37%|███▋      | 173/464 [18:12<34:40,  7.15s/it]
Processing shards:  38%|███▊      | 174/464 [18:20<35:35,  7.36s/it]
Processing shards:  38%|███▊      | 175/464 [18:28<36:15,  7.53s/it]
Processing shards:  38%|███▊      | 176/464 [18:37<38:00,  7.92s/it]
Processing shards:  38%|███▊      | 177/464 [18:44<36:19,  7.59s/it]
Processing shards:  38%|███▊      | 178/464 [18:52<37:23,  7.85s/it]
Processing shards:  39%|███▊      | 179/464 [18:59<36:11,  7.62s/it]
Processing shards:  39%|███▉      | 180/464 [19:07<36:41,  7.75s/it]
Processing shards:  39%|███▉      | 181/464 [19:15<36:11,  7.67s/it]
Processing shards:  39%|███▉      | 182/464 [19:22<35:33,  7.57s/it]
Processing shards:  39%|███▉      | 183/464 [19:30<35:51,  7.66s/it]
Processing shards:  40%|███▉      | 184/464 [19:39<37:44,  8.09s/it]
Processing shards:  40%|███▉      | 185/464 [19:51<42:52,  9.22s/it]
Processing shards:  40%|████      | 186/464 [20:00<43:03,  9.29s/it]
Processing shards:  40%|████      | 187/464 [20:08<41:01,  8.89s/it]
Processing shards:  41%|████      | 188/464 [20:16<38:47,  8.43s/it]
Processing shards:  41%|████      | 189/464 [20:23<37:36,  8.21s/it]
Processing shards:  41%|████      | 190/464 [20:30<34:50,  7.63s/it]
Processing shards:  41%|████      | 191/464 [20:37<33:53,  7.45s/it]
Processing shards:  41%|████▏     | 192/464 [20:45<34:34,  7.63s/it]
Processing shards:  42%|████▏     | 193/464 [20:52<34:37,  7.67s/it]
Processing shards:  42%|████▏     | 194/464 [21:00<35:05,  7.80s/it]
Processing shards:  42%|████▏     | 195/464 [21:07<33:31,  7.48s/it]
Processing shards:  42%|████▏     | 196/464 [21:14<32:30,  7.28s/it]
Processing shards:  42%|████▏     | 197/464 [21:23<34:14,  7.69s/it]
Processing shards:  43%|████▎     | 198/464 [21:36<41:43,  9.41s/it]
Processing shards:  43%|████▎     | 199/464 [21:51<48:31, 10.99s/it]
Processing shards:  43%|████▎     | 200/464 [22:00<46:00, 10.46s/it]
Processing shards:  43%|████▎     | 201/464 [22:09<43:45,  9.98s/it]
Processing shards:  44%|████▎     | 202/464 [22:16<39:41,  9.09s/it]
Processing shards:  44%|████▍     | 203/464 [22:23<36:36,  8.42s/it]
Processing shards:  44%|████▍     | 204/464 [22:31<36:32,  8.43s/it]
Processing shards:  44%|████▍     | 205/464 [22:38<34:44,  8.05s/it]
Processing shards:  44%|████▍     | 206/464 [22:46<34:18,  7.98s/it]
Processing shards:  45%|████▍     | 207/464 [22:54<33:52,  7.91s/it]
Processing shards:  45%|████▍     | 208/464 [23:03<35:01,  8.21s/it]
Processing shards:  45%|████▌     | 209/464 [23:10<33:54,  7.98s/it]
Processing shards:  45%|████▌     | 210/464 [23:19<34:22,  8.12s/it]
Processing shards:  45%|████▌     | 211/464 [23:27<34:47,  8.25s/it]
Processing shards:  46%|████▌     | 212/464 [23:38<37:43,  8.98s/it]
Processing shards:  46%|████▌     | 213/464 [23:49<40:12,  9.61s/it]
Processing shards:  46%|████▌     | 214/464 [23:58<38:50,  9.32s/it]
Processing shards:  46%|████▋     | 215/464 [24:07<38:38,  9.31s/it]
Processing shards:  47%|████▋     | 216/464 [24:16<37:38,  9.11s/it]
Processing shards:  47%|████▋     | 217/464 [24:24<36:03,  8.76s/it]
Processing shards:  47%|████▋     | 218/464 [24:31<34:38,  8.45s/it]
Processing shards:  47%|████▋     | 219/464 [24:41<36:03,  8.83s/it]
Processing shards:  47%|████▋     | 220/464 [24:56<43:54, 10.80s/it]
Processing shards:  48%|████▊     | 221/464 [25:11<48:54, 12.07s/it]
Processing shards:  48%|████▊     | 222/464 [25:21<45:51, 11.37s/it]
Processing shards:  48%|████▊     | 223/464 [25:30<42:07, 10.49s/it]
Processing shards:  48%|████▊     | 224/464 [25:37<38:06,  9.53s/it]
Processing shards:  48%|████▊     | 225/464 [25:46<37:17,  9.36s/it]
Processing shards:  49%|████▊     | 226/464 [25:55<36:30,  9.20s/it]
Processing shards:  49%|████▉     | 227/464 [26:01<32:45,  8.29s/it]
Processing shards:  49%|████▉     | 228/464 [26:08<31:07,  7.91s/it]
Processing shards:  49%|████▉     | 229/464 [26:17<32:03,  8.19s/it]
Processing shards:  50%|████▉     | 230/464 [26:27<34:02,  8.73s/it]
Processing shards:  50%|████▉     | 231/464 [26:37<35:27,  9.13s/it]
Processing shards:  50%|█████     | 232/464 [26:47<36:27,  9.43s/it]
Processing shards:  50%|█████     | 233/464 [26:58<38:09,  9.91s/it]
Processing shards:  50%|█████     | 234/464 [27:07<37:18,  9.73s/it]
Processing shards:  51%|█████     | 235/464 [27:15<35:11,  9.22s/it]
Processing shards:  51%|█████     | 236/464 [27:23<33:49,  8.90s/it]
Processing shards:  51%|█████     | 237/464 [27:32<33:24,  8.83s/it]
Processing shards:  51%|█████▏    | 238/464 [27:42<34:19,  9.11s/it]
Processing shards:  52%|█████▏    | 239/464 [27:50<32:55,  8.78s/it]
Processing shards:  52%|█████▏    | 240/464 [27:59<32:54,  8.81s/it]
Processing shards:  52%|█████▏    | 241/464 [28:09<34:16,  9.22s/it]
Processing shards:  52%|█████▏    | 242/464 [28:17<32:42,  8.84s/it]
Processing shards:  52%|█████▏    | 243/464 [28:24<30:49,  8.37s/it]
Processing shards:  53%|█████▎    | 244/464 [28:35<33:26,  9.12s/it]
Processing shards:  53%|█████▎    | 245/464 [28:44<33:16,  9.11s/it]
Processing shards:  53%|█████▎    | 246/464 [28:53<33:10,  9.13s/it]
Processing shards:  53%|█████▎    | 247/464 [29:03<33:12,  9.18s/it]
Processing shards:  53%|█████▎    | 248/464 [29:09<30:36,  8.50s/it]
Processing shards:  54%|█████▎    | 249/464 [29:18<30:10,  8.42s/it]
Processing shards:  54%|█████▍    | 250/464 [29:27<30:40,  8.60s/it]
Processing shards:  54%|█████▍    | 251/464 [29:35<30:32,  8.60s/it]
Processing shards:  54%|█████▍    | 252/464 [29:49<36:03, 10.21s/it]
Processing shards:  55%|█████▍    | 253/464 [30:00<35:54, 10.21s/it]
Processing shards:  55%|█████▍    | 254/464 [30:09<34:44,  9.92s/it]
Processing shards:  55%|█████▍    | 255/464 [30:19<35:06, 10.08s/it]
Processing shards:  55%|█████▌    | 256/464 [30:28<33:07,  9.55s/it]
Processing shards:  55%|█████▌    | 257/464 [30:37<32:28,  9.41s/it]
Processing shards:  56%|█████▌    | 258/464 [30:44<30:25,  8.86s/it]
Processing shards:  56%|█████▌    | 259/464 [30:54<31:02,  9.09s/it]
Processing shards:  56%|█████▌    | 260/464 [31:01<29:24,  8.65s/it]
Processing shards:  56%|█████▋    | 261/464 [31:10<29:28,  8.71s/it]
Processing shards:  56%|█████▋    | 262/464 [31:19<28:49,  8.56s/it]
Processing shards:  57%|█████▋    | 263/464 [31:26<27:22,  8.17s/it]
Processing shards:  57%|█████▋    | 264/464 [31:34<27:34,  8.27s/it]
Processing shards:  57%|█████▋    | 265/464 [31:41<25:57,  7.83s/it]
Processing shards:  57%|█████▋    | 266/464 [31:48<25:22,  7.69s/it]
Processing shards:  58%|█████▊    | 267/464 [31:56<25:36,  7.80s/it]
Processing shards:  58%|█████▊    | 268/464 [32:04<25:38,  7.85s/it]
Processing shards:  58%|█████▊    | 269/464 [32:13<26:14,  8.08s/it]
Processing shards:  58%|█████▊    | 270/464 [32:22<26:38,  8.24s/it]
Processing shards:  58%|█████▊    | 271/464 [32:30<26:55,  8.37s/it]
Processing shards:  59%|█████▊    | 272/464 [32:39<27:04,  8.46s/it]
Processing shards:  59%|█████▉    | 273/464 [32:48<27:20,  8.59s/it]
Processing shards:  59%|█████▉    | 274/464 [32:57<27:19,  8.63s/it]
Processing shards:  59%|█████▉    | 275/464 [33:04<26:10,  8.31s/it]
Processing shards:  59%|█████▉    | 276/464 [33:12<25:12,  8.04s/it]
Processing shards:  60%|█████▉    | 277/464 [33:20<25:41,  8.24s/it]
Processing shards:  60%|█████▉    | 278/464 [33:30<26:40,  8.61s/it]
Processing shards:  60%|██████    | 279/464 [33:38<25:56,  8.41s/it]
Processing shards:  60%|██████    | 280/464 [33:45<24:41,  8.05s/it]
Processing shards:  61%|██████    | 281/464 [33:53<24:34,  8.06s/it]
Processing shards:  61%|██████    | 282/464 [34:00<23:53,  7.88s/it]
Processing shards:  61%|██████    | 283/464 [34:08<23:39,  7.84s/it]
Processing shards:  61%|██████    | 284/464 [34:16<23:32,  7.85s/it]
Processing shards:  61%|██████▏   | 285/464 [34:24<23:32,  7.89s/it]
Processing shards:  62%|██████▏   | 286/464 [34:33<24:08,  8.14s/it]
Processing shards:  62%|██████▏   | 287/464 [34:41<23:44,  8.05s/it]
Processing shards:  62%|██████▏   | 288/464 [34:49<23:49,  8.12s/it]
Processing shards:  62%|██████▏   | 289/464 [34:58<24:17,  8.33s/it]
Processing shards:  62%|██████▎   | 290/464 [35:07<25:18,  8.73s/it]
Processing shards:  63%|██████▎   | 291/464 [35:15<24:05,  8.36s/it]
Processing shards:  63%|██████▎   | 292/464 [35:25<25:01,  8.73s/it]
Processing shards:  63%|██████▎   | 293/464 [35:33<24:41,  8.66s/it]
Processing shards:  63%|██████▎   | 294/464 [35:41<23:33,  8.31s/it]
Processing shards:  64%|██████▎   | 295/464 [35:48<22:28,  7.98s/it]
Processing shards:  64%|██████▍   | 296/464 [35:59<24:48,  8.86s/it]
Processing shards:  64%|██████▍   | 297/464 [36:08<25:21,  9.11s/it]
Processing shards:  64%|██████▍   | 298/464 [36:17<24:43,  8.93s/it]
Processing shards:  64%|██████▍   | 299/464 [36:30<28:01, 10.19s/it]
Processing shards:  65%|██████▍   | 300/464 [36:43<29:51, 10.93s/it]
Processing shards:  65%|██████▍   | 301/464 [36:52<28:40, 10.55s/it]
Processing shards:  65%|██████▌   | 302/464 [37:02<27:57, 10.36s/it]
Processing shards:  65%|██████▌   | 303/464 [37:11<26:51, 10.01s/it]
Processing shards:  66%|██████▌   | 304/464 [37:22<26:47, 10.05s/it]
Processing shards:  66%|██████▌   | 305/464 [37:31<25:56,  9.79s/it]
Processing shards:  66%|██████▌   | 306/464 [37:41<26:05,  9.91s/it]
Processing shards:  66%|██████▌   | 307/464 [37:52<27:02, 10.33s/it]
Processing shards:  66%|██████▋   | 308/464 [38:03<27:07, 10.43s/it]
Processing shards:  67%|██████▋   | 309/464 [38:13<26:55, 10.42s/it]
Processing shards:  67%|██████▋   | 310/464 [38:22<25:42, 10.01s/it]
Processing shards:  67%|██████▋   | 311/464 [38:32<25:10,  9.87s/it]
Processing shards:  67%|██████▋   | 312/464 [38:40<23:47,  9.39s/it]
Processing shards:  67%|██████▋   | 313/464 [38:48<22:35,  8.98s/it]
Processing shards:  68%|██████▊   | 314/464 [38:58<22:53,  9.16s/it]
Processing shards:  68%|██████▊   | 315/464 [39:06<22:05,  8.90s/it]
Processing shards:  68%|██████▊   | 316/464 [39:14<21:22,  8.66s/it]
Processing shards:  68%|██████▊   | 317/464 [39:25<22:31,  9.19s/it]
Processing shards:  69%|██████▊   | 318/464 [39:33<21:50,  8.98s/it]
Processing shards:  69%|██████▉   | 319/464 [39:42<21:36,  8.94s/it]
Processing shards:  69%|██████▉   | 320/464 [39:51<21:41,  9.04s/it]
Processing shards:  69%|██████▉   | 321/464 [40:00<21:15,  8.92s/it]
Processing shards:  69%|██████▉   | 322/464 [40:08<20:35,  8.70s/it]
Processing shards:  70%|██████▉   | 323/464 [40:15<19:35,  8.33s/it]
Processing shards:  70%|██████▉   | 324/464 [40:24<19:38,  8.42s/it]
Processing shards:  70%|███████   | 325/464 [40:32<19:19,  8.34s/it]
Processing shards:  70%|███████   | 326/464 [40:39<18:11,  7.91s/it]
Processing shards:  70%|███████   | 327/464 [40:48<18:22,  8.04s/it]
Processing shards:  71%|███████   | 328/464 [40:56<18:23,  8.11s/it]
Processing shards:  71%|███████   | 329/464 [41:06<19:54,  8.85s/it]
Processing shards:  71%|███████   | 330/464 [41:14<19:05,  8.55s/it]
Processing shards:  71%|███████▏  | 331/464 [41:22<18:29,  8.34s/it]
Processing shards:  72%|███████▏  | 332/464 [41:32<19:35,  8.90s/it]
Processing shards:  72%|███████▏  | 333/464 [41:41<19:18,  8.84s/it]
Processing shards:  72%|███████▏  | 334/464 [41:55<22:17, 10.29s/it]
Processing shards:  72%|███████▏  | 335/464 [42:07<23:40, 11.01s/it]
Processing shards:  72%|███████▏  | 336/464 [42:17<22:35, 10.59s/it]
Processing shards:  73%|███████▎  | 337/464 [42:27<21:50, 10.32s/it]
Processing shards:  73%|███████▎  | 338/464 [42:36<21:04, 10.04s/it]
Processing shards:  73%|███████▎  | 339/464 [42:45<20:23,  9.79s/it]
Processing shards:  73%|███████▎  | 340/464 [42:54<19:31,  9.45s/it]
Processing shards:  73%|███████▎  | 341/464 [43:04<19:59,  9.76s/it]
Processing shards:  74%|███████▎  | 342/464 [43:17<21:18, 10.48s/it]
Processing shards:  74%|███████▍  | 343/464 [43:28<21:50, 10.83s/it]
Processing shards:  74%|███████▍  | 344/464 [43:38<21:11, 10.59s/it]
Processing shards:  74%|███████▍  | 345/464 [43:49<21:08, 10.66s/it]
Processing shards:  75%|███████▍  | 346/464 [44:01<21:36, 10.99s/it]
Processing shards:  75%|███████▍  | 347/464 [44:10<20:33, 10.54s/it]
Processing shards:  75%|███████▌  | 348/464 [44:22<21:09, 10.94s/it]
Processing shards:  75%|███████▌  | 349/464 [44:32<20:12, 10.54s/it]
Processing shards:  75%|███████▌  | 350/464 [44:46<21:56, 11.55s/it]
Processing shards:  76%|███████▌  | 351/464 [44:59<22:45, 12.08s/it]
Processing shards:  76%|███████▌  | 352/464 [45:11<22:35, 12.11s/it]
Processing shards:  76%|███████▌  | 353/464 [45:21<21:12, 11.46s/it]
Processing shards:  76%|███████▋  | 354/464 [45:31<20:24, 11.14s/it]
Processing shards:  77%|███████▋  | 355/464 [45:39<18:13, 10.04s/it]
Processing shards:  77%|███████▋  | 356/464 [45:48<17:18,  9.61s/it]
Processing shards:  77%|███████▋  | 357/464 [45:56<16:40,  9.35s/it]
Processing shards:  77%|███████▋  | 358/464 [46:06<16:27,  9.31s/it]
Processing shards:  77%|███████▋  | 359/464 [46:13<15:34,  8.90s/it]
Processing shards:  78%|███████▊  | 360/464 [46:22<15:03,  8.69s/it]
Processing shards:  78%|███████▊  | 361/464 [46:32<15:59,  9.32s/it]
Processing shards:  78%|███████▊  | 362/464 [46:52<21:06, 12.41s/it]
Processing shards:  78%|███████▊  | 363/464 [47:08<22:44, 13.51s/it]
Processing shards:  78%|███████▊  | 364/464 [47:19<21:13, 12.74s/it]
Processing shards:  79%|███████▊  | 365/464 [47:28<19:21, 11.73s/it]
Processing shards:  79%|███████▉  | 366/464 [47:38<17:52, 10.94s/it]
Processing shards:  79%|███████▉  | 367/464 [47:46<16:35, 10.26s/it]
Processing shards:  79%|███████▉  | 368/464 [47:55<15:38,  9.78s/it]
Processing shards:  80%|███████▉  | 369/464 [48:04<15:17,  9.66s/it]
Processing shards:  80%|███████▉  | 370/464 [48:13<14:35,  9.31s/it]
Processing shards:  80%|███████▉  | 371/464 [48:22<14:29,  9.35s/it]
Processing shards:  80%|████████  | 372/464 [48:34<15:33, 10.15s/it]
Processing shards:  80%|████████  | 373/464 [48:50<17:47, 11.73s/it]
Processing shards:  81%|████████  | 374/464 [49:01<17:16, 11.51s/it]
Processing shards:  81%|████████  | 375/464 [49:10<16:04, 10.84s/it]
Processing shards:  81%|████████  | 376/464 [49:21<16:11, 11.04s/it]
Processing shards:  81%|████████▏ | 377/464 [49:32<15:38, 10.79s/it]
Processing shards:  81%|████████▏ | 378/464 [49:44<16:05, 11.23s/it]
Processing shards:  82%|████████▏ | 379/464 [49:58<17:05, 12.07s/it]
Processing shards:  82%|████████▏ | 380/464 [50:10<17:06, 12.22s/it]
Processing shards:  82%|████████▏ | 381/464 [50:25<17:59, 13.01s/it]
Processing shards:  82%|████████▏ | 382/464 [50:42<19:22, 14.17s/it]
Processing shards:  83%|████████▎ | 383/464 [50:53<17:34, 13.02s/it]
Processing shards:  83%|████████▎ | 384/464 [51:03<16:12, 12.16s/it]
Processing shards:  83%|████████▎ | 385/464 [51:15<15:52, 12.06s/it]
Processing shards:  83%|████████▎ | 386/464 [51:26<15:16, 11.75s/it]
Processing shards:  83%|████████▎ | 387/464 [51:37<15:01, 11.71s/it]
Processing shards:  84%|████████▎ | 388/464 [51:54<16:52, 13.33s/it]
Processing shards:  84%|████████▍ | 389/464 [52:05<15:51, 12.69s/it]
Processing shards:  84%|████████▍ | 390/464 [52:16<14:53, 12.07s/it]
Processing shards:  84%|████████▍ | 391/464 [52:25<13:41, 11.26s/it]
Processing shards:  84%|████████▍ | 392/464 [52:36<13:23, 11.16s/it]
Processing shards:  85%|████████▍ | 393/464 [52:46<12:30, 10.57s/it]
Processing shards:  85%|████████▍ | 394/464 [52:54<11:36,  9.95s/it]
Processing shards:  85%|████████▌ | 395/464 [53:04<11:27,  9.97s/it]
Processing shards:  85%|████████▌ | 396/464 [53:16<12:00, 10.59s/it]
Processing shards:  86%|████████▌ | 397/464 [53:27<12:03, 10.80s/it]
Processing shards:  86%|████████▌ | 398/464 [53:39<12:01, 10.93s/it]
Processing shards:  86%|████████▌ | 399/464 [53:49<11:37, 10.72s/it]
Processing shards:  86%|████████▌ | 400/464 [53:59<11:08, 10.44s/it]
Processing shards:  86%|████████▋ | 401/464 [54:08<10:39, 10.15s/it]
Processing shards:  87%|████████▋ | 402/464 [54:18<10:20, 10.01s/it]
Processing shards:  87%|████████▋ | 403/464 [54:30<10:43, 10.55s/it]
Processing shards:  87%|████████▋ | 404/464 [54:41<10:49, 10.82s/it]
Processing shards:  87%|████████▋ | 405/464 [54:52<10:32, 10.72s/it]
Processing shards:  88%|████████▊ | 406/464 [55:02<10:23, 10.76s/it]
Processing shards:  88%|████████▊ | 407/464 [55:16<11:02, 11.61s/it]
Processing shards:  88%|████████▊ | 408/464 [55:28<10:52, 11.65s/it]
Processing shards:  88%|████████▊ | 409/464 [55:39<10:32, 11.50s/it]
Processing shards:  88%|████████▊ | 410/464 [55:49<09:57, 11.07s/it]
Processing shards:  89%|████████▊ | 411/464 [55:58<09:12, 10.42s/it]
Processing shards:  89%|████████▉ | 412/464 [56:08<08:49, 10.18s/it]
Processing shards:  89%|████████▉ | 413/464 [56:17<08:32, 10.06s/it]
Processing shards:  89%|████████▉ | 414/464 [56:28<08:29, 10.19s/it]
Processing shards:  89%|████████▉ | 415/464 [56:38<08:24, 10.30s/it]
Processing shards:  90%|████████▉ | 416/464 [56:55<09:52, 12.33s/it]
Processing shards:  90%|████████▉ | 417/464 [57:03<08:38, 11.04s/it]
Processing shards:  90%|█████████ | 418/464 [57:13<08:05, 10.55s/it]
Processing shards:  90%|█████████ | 419/464 [57:21<07:27,  9.95s/it]
Processing shards:  91%|█████████ | 420/464 [57:30<07:00,  9.56s/it]
Processing shards:  91%|█████████ | 421/464 [57:39<06:47,  9.48s/it]
Processing shards:  91%|█████████ | 422/464 [57:49<06:41,  9.57s/it]
Processing shards:  91%|█████████ | 423/464 [57:59<06:34,  9.63s/it]
Processing shards:  91%|█████████▏| 424/464 [58:11<06:56, 10.40s/it]
Processing shards:  92%|█████████▏| 425/464 [58:23<07:00, 10.79s/it]
Processing shards:  92%|█████████▏| 426/464 [58:33<06:38, 10.49s/it]
Processing shards:  92%|█████████▏| 427/464 [58:42<06:13, 10.10s/it]
Processing shards:  92%|█████████▏| 428/464 [58:50<05:40,  9.46s/it]
Processing shards:  92%|█████████▏| 429/464 [58:58<05:18,  9.10s/it]
Processing shards:  93%|█████████▎| 430/464 [59:08<05:15,  9.27s/it]
Processing shards:  93%|█████████▎| 431/464 [59:16<04:53,  8.91s/it]
Processing shards:  93%|█████████▎| 432/464 [59:25<04:51,  9.09s/it]
Processing shards:  93%|█████████▎| 433/464 [59:34<04:36,  8.91s/it]
Processing shards:  94%|█████████▎| 434/464 [59:44<04:37,  9.25s/it]
Processing shards:  94%|█████████▍| 435/464 [59:54<04:38,  9.62s/it]
Processing shards:  94%|█████████▍| 436/464 [1:00:04<04:32,  9.73s/it]
Processing shards:  94%|█████████▍| 437/464 [1:00:13<04:15,  9.45s/it]
Processing shards:  94%|█████████▍| 438/464 [1:00:21<03:55,  9.06s/it]
Processing shards:  95%|█████████▍| 439/464 [1:00:29<03:40,  8.80s/it]
Processing shards:  95%|█████████▍| 440/464 [1:00:38<03:31,  8.80s/it]
Processing shards:  95%|█████████▌| 441/464 [1:00:47<03:22,  8.80s/it]
Processing shards:  95%|█████████▌| 442/464 [1:00:55<03:09,  8.60s/it]
Processing shards:  95%|█████████▌| 443/464 [1:01:04<03:01,  8.63s/it]
Processing shards:  96%|█████████▌| 444/464 [1:01:12<02:48,  8.41s/it]
Processing shards:  96%|█████████▌| 445/464 [1:01:20<02:39,  8.37s/it]
Processing shards:  96%|█████████▌| 446/464 [1:01:28<02:27,  8.21s/it]
Processing shards:  96%|█████████▋| 447/464 [1:01:38<02:28,  8.73s/it]
Processing shards:  97%|█████████▋| 448/464 [1:01:53<02:48, 10.52s/it]
Processing shards:  97%|█████████▋| 449/464 [1:02:02<02:32, 10.20s/it]
Processing shards:  97%|█████████▋| 450/464 [1:02:12<02:23, 10.27s/it]
Processing shards:  97%|█████████▋| 451/464 [1:02:21<02:07,  9.84s/it]
Processing shards:  97%|█████████▋| 452/464 [1:02:30<01:54,  9.50s/it]
Processing shards:  98%|█████████▊| 453/464 [1:02:38<01:40,  9.09s/it]
Processing shards:  98%|█████████▊| 454/464 [1:02:48<01:34,  9.44s/it]
Processing shards:  98%|█████████▊| 455/464 [1:02:58<01:24,  9.38s/it]
Processing shards:  98%|█████████▊| 456/464 [1:03:10<01:21, 10.15s/it]
Processing shards:  98%|█████████▊| 457/464 [1:03:19<01:09,  9.91s/it]
Processing shards:  99%|█████████▊| 458/464 [1:03:28<00:58,  9.78s/it]
Processing shards:  99%|█████████▉| 459/464 [1:03:38<00:49,  9.87s/it]
Processing shards:  99%|█████████▉| 460/464 [1:03:48<00:38,  9.66s/it]
Processing shards:  99%|█████████▉| 461/464 [1:03:57<00:28,  9.57s/it]
Processing shards: 100%|█████████▉| 462/464 [1:04:07<00:19,  9.64s/it]
Processing shards: 100%|█████████▉| 463/464 [1:04:16<00:09,  9.39s/it]
Processing shards: 100%|██████████| 464/464 [1:04:20<00:00,  7.90s/it]
Processing shards: 100%|██████████| 464/464 [1:04:20<00:00,  8.32s/it]
Traceback (most recent call last):
  File "/home/users/mendrika/EPS-Impact-Case-AI-Nowcasting/model/africa/normalisation/script/normalisation-param-shard.py", line 72, in <module>
    json.dump(scaling, f, indent=4)
  File "/home/users/mendrika/miniconda3/lib/python3.12/json/__init__.py", line 179, in dump
    for chunk in iterable:
  File "/home/users/mendrika/miniconda3/lib/python3.12/json/encoder.py", line 432, in _iterencode
    yield from _iterencode_dict(o, _current_indent_level)
  File "/home/users/mendrika/miniconda3/lib/python3.12/json/encoder.py", line 406, in _iterencode_dict
    yield from chunks
  File "/home/users/mendrika/miniconda3/lib/python3.12/json/encoder.py", line 439, in _iterencode
    o = _default(o)
        ^^^^^^^^^^^
  File "/home/users/mendrika/miniconda3/lib/python3.12/json/encoder.py", line 180, in default
    raise TypeError(f'Object of type {o.__class__.__name__} '
TypeError: Object of type float32 is not JSON serializable
