GPU available: True (cuda), used: True
TPU available: False, using: 0 TPU cores
HPU available: False, using: 0 HPUs
Traceback (most recent call last):
  File "/home/users/mendrika/EPS-Impact-Case-AI-Nowcasting/model/zambia/lead-time-1h/Zambia-multi-timesteps-t1.py", line 171, in <module>
    trainer.fit(model, train_loader, val_loader)
  File "/home/users/mendrika/EPS-Impact-Case-AI-Nowcasting/.venv/lib/python3.12/site-packages/pytorch_lightning/trainer/trainer.py", line 561, in fit
    call._call_and_handle_interrupt(
  File "/home/users/mendrika/EPS-Impact-Case-AI-Nowcasting/.venv/lib/python3.12/site-packages/pytorch_lightning/trainer/call.py", line 47, in _call_and_handle_interrupt
    return trainer.strategy.launcher.launch(trainer_fn, *args, trainer=trainer, **kwargs)
           ^^^^^^^^^^^^^^^^^^^^^^^^^^^^^^^^^^^^^^^^^^^^^^^^^^^^^^^^^^^^^^^^^^^^^^^^^^^^^^
  File "/home/users/mendrika/EPS-Impact-Case-AI-Nowcasting/.venv/lib/python3.12/site-packages/pytorch_lightning/strategies/launchers/subprocess_script.py", line 105, in launch
    return function(*args, **kwargs)
           ^^^^^^^^^^^^^^^^^^^^^^^^^
  File "/home/users/mendrika/EPS-Impact-Case-AI-Nowcasting/.venv/lib/python3.12/site-packages/pytorch_lightning/trainer/trainer.py", line 599, in _fit_impl
    self._run(model, ckpt_path=ckpt_path)
  File "/home/users/mendrika/EPS-Impact-Case-AI-Nowcasting/.venv/lib/python3.12/site-packages/pytorch_lightning/trainer/trainer.py", line 968, in _run
    self.strategy.setup_environment()
  File "/home/users/mendrika/EPS-Impact-Case-AI-Nowcasting/.venv/lib/python3.12/site-packages/pytorch_lightning/strategies/ddp.py", line 153, in setup_environment
    super().setup_environment()
  File "/home/users/mendrika/EPS-Impact-Case-AI-Nowcasting/.venv/lib/python3.12/site-packages/pytorch_lightning/strategies/strategy.py", line 129, in setup_environment
    self.accelerator.setup_device(self.root_device)
  File "/home/users/mendrika/EPS-Impact-Case-AI-Nowcasting/.venv/lib/python3.12/site-packages/pytorch_lightning/accelerators/cuda.py", line 46, in setup_device
    _check_cuda_matmul_precision(device)
  File "/home/users/mendrika/EPS-Impact-Case-AI-Nowcasting/.venv/lib/python3.12/site-packages/lightning_fabric/accelerators/cuda.py", line 161, in _check_cuda_matmul_precision
    if not torch.cuda.is_available() or not _is_ampere_or_later(device):
                                            ^^^^^^^^^^^^^^^^^^^^^^^^^^^
  File "/home/users/mendrika/EPS-Impact-Case-AI-Nowcasting/.venv/lib/python3.12/site-packages/lightning_fabric/accelerators/cuda.py", line 155, in _is_ampere_or_later
    major, _ = torch.cuda.get_device_capability(device)
               ^^^^^^^^^^^^^^^^^^^^^^^^^^^^^^^^^^^^^^^^
  File "/home/users/mendrika/EPS-Impact-Case-AI-Nowcasting/.venv/lib/python3.12/site-packages/torch/cuda/__init__.py", line 560, in get_device_capability
    prop = get_device_properties(device)
           ^^^^^^^^^^^^^^^^^^^^^^^^^^^^^
  File "/home/users/mendrika/EPS-Impact-Case-AI-Nowcasting/.venv/lib/python3.12/site-packages/torch/cuda/__init__.py", line 576, in get_device_properties
    _lazy_init()  # will define _get_device_properties
    ^^^^^^^^^^^^
  File "/home/users/mendrika/EPS-Impact-Case-AI-Nowcasting/.venv/lib/python3.12/site-packages/torch/cuda/__init__.py", line 372, in _lazy_init
    torch._C._cuda_init()
RuntimeError: Unexpected error from cudaGetDeviceCount(). Did you run some cuda functions before calling NumCudaDevices() that might have already set an error? Error 802: system not yet initialized
srun: error: gpuhost015: task 0: Exited with exit code 1
