GPU available: True (cuda), used: True
TPU available: False, using: 0 TPU cores
HPU available: False, using: 0 HPUs
Initializing distributed: GLOBAL_RANK: 0, MEMBER: 1/4
Initializing distributed: GLOBAL_RANK: 1, MEMBER: 2/4
Initializing distributed: GLOBAL_RANK: 3, MEMBER: 4/4
Initializing distributed: GLOBAL_RANK: 2, MEMBER: 3/4
----------------------------------------------------------------------------------------------------
distributed_backend=nccl
All distributed processes registered. Starting with 4 processes
----------------------------------------------------------------------------------------------------

wandb: Currently logged in as: mgrakotomanga (mgrakotomanga-university-of-leeds) to https://api.wandb.ai. Use `wandb login --relogin` to force relogin
wandb: Tracking run with wandb version 0.19.11
wandb: Run data is saved locally in /home/users/mendrika/EPS-Impact-Case-AI-Nowcasting/model/zambia/lead-time-1h/submission/wandblogger/lt1/wandb/run-20250530_080501-n8rnplg2
wandb: Run `wandb offline` to turn off syncing.
wandb: Syncing run lead-time-1h
wandb: ⭐️ View project at https://wandb.ai/mgrakotomanga-university-of-leeds/zambia-nowcasting
wandb: 🚀 View run at https://wandb.ai/mgrakotomanga-university-of-leeds/zambia-nowcasting/runs/n8rnplg2
LOCAL_RANK: 0 - CUDA_VISIBLE_DEVICES: [0,1,2,3]
LOCAL_RANK: 2 - CUDA_VISIBLE_DEVICES: [0,1,2,3]
LOCAL_RANK: 3 - CUDA_VISIBLE_DEVICES: [0,1,2,3]
LOCAL_RANK: 1 - CUDA_VISIBLE_DEVICES: [0,1,2,3]

  | Name      | Type                     | Params | Mode 
---------------------------------------------------------------
0 | model     | MultiStepTabularConvLSTM | 612 K  | train
1 | criterion | BCELoss                  | 0      | train
2 | precision | BinaryPrecision          | 0      | train
3 | recall    | BinaryRecall             | 0      | train
4 | f1        | BinaryF1Score            | 0      | train
5 | auc       | BinaryAUROC              | 0      | train
6 | prc       | BinaryAveragePrecision   | 0      | train
---------------------------------------------------------------
612 K     Trainable params
0         Non-trainable params
612 K     Total params
2.450     Total estimated model params size (MB)
22        Modules in train mode
0         Modules in eval mode
SLURM auto-requeueing enabled. Setting signal handlers.
SLURM auto-requeueing enabled. Setting signal handlers.
SLURM auto-requeueing enabled. Setting signal handlers.
SLURM auto-requeueing enabled. Setting signal handlers.
/home/users/mendrika/EPS-Impact-Case-AI-Nowcasting/.venv/lib/python3.12/site-packages/pytorch_lightning/trainer/connectors/logger_connector/result.py:434: It is recommended to use `self.log('val_loss', ..., sync_dist=True)` when logging on epoch level in distributed setting to accumulate the metric across devices.
