Using bfloat16 Automatic Mixed Precision (AMP)
GPU available: True (cuda), used: True
TPU available: False, using: 0 TPU cores
HPU available: False, using: 0 HPUs
`Trainer(limit_train_batches=1.0)` was configured so 100% of the batches per epoch will be used..
`Trainer(limit_val_batches=1.0)` was configured so 100% of the batches will be used..
Initializing distributed: GLOBAL_RANK: 1, MEMBER: 2/4
Initializing distributed: GLOBAL_RANK: 3, MEMBER: 4/4
Initializing distributed: GLOBAL_RANK: 2, MEMBER: 3/4
Initializing distributed: GLOBAL_RANK: 0, MEMBER: 1/4
----------------------------------------------------------------------------------------------------
distributed_backend=nccl
All distributed processes registered. Starting with 4 processes
----------------------------------------------------------------------------------------------------

wandb: Currently logged in as: mgrakotomanga (mgrakotomanga-university-of-leeds) to https://api.wandb.ai. Use `wandb login --relogin` to force relogin
wandb: Tracking run with wandb version 0.20.1
wandb: Run data is saved locally in ./wandb/run-20250623_125532-qccp58j5
wandb: Run `wandb offline` to turn off syncing.
wandb: Syncing run iter-full-96
wandb: ⭐️ View project at https://wandb.ai/mgrakotomanga-university-of-leeds/pancast
wandb: 🚀 View run at https://wandb.ai/mgrakotomanga-university-of-leeds/pancast/runs/qccp58j5
LOCAL_RANK: 0 - CUDA_VISIBLE_DEVICES: [0,1,2,3]
LOCAL_RANK: 1 - CUDA_VISIBLE_DEVICES: [0,1,2,3]
LOCAL_RANK: 2 - CUDA_VISIBLE_DEVICES: [0,1,2,3]
LOCAL_RANK: 3 - CUDA_VISIBLE_DEVICES: [0,1,2,3]

  | Name        | Type               | Params | Mode 
-----------------------------------------------------------
0 | in_proj     | Linear             | 1.3 K  | train
1 | transformer | TransformerEncoder | 793 K  | train
2 | token_proj  | Linear             | 36.1 K | train
3 | decoder     | SimpleDecoder      | 689 K  | train
4 | criterion   | BCEWithLogitsLoss  | 0      | train
5 | val_auc     | BinaryAUROC        | 0      | train
-----------------------------------------------------------
1.5 M     Trainable params
0         Non-trainable params
1.5 M     Total params
6.079     Total estimated model params size (MB)
73        Modules in train mode
0         Modules in eval mode
[rank2]:[E623 15:08:35.542044349 ProcessGroupNCCL.cpp:632] [Rank 2] Watchdog caught collective operation timeout: WorkNCCL(SeqNum=21719, OpType=ALLREDUCE, NumelIn=1, NumelOut=1, Timeout(ms)=1800000) ran for 1800005 milliseconds before timing out.
[rank1]:[E623 15:08:35.542730928 ProcessGroupNCCL.cpp:632] [Rank 1] Watchdog caught collective operation timeout: WorkNCCL(SeqNum=21719, OpType=ALLREDUCE, NumelIn=1, NumelOut=1, Timeout(ms)=1800000) ran for 1800006 milliseconds before timing out.
[rank1]:[E623 15:08:35.554389891 ProcessGroupNCCL.cpp:2268] [PG ID 0 PG GUID 0(default_pg) Rank 1]  failure detected by watchdog at work sequence id: 21719 PG status: last enqueued work: 21724, last completed work: 21718
[rank1]:[E623 15:08:35.554400441 ProcessGroupNCCL.cpp:670] Stack trace of the failed collective not found, potentially because FlightRecorder is disabled. You can enable it by setting TORCH_NCCL_TRACE_BUFFER_SIZE to a non-zero value.
[rank2]:[E623 15:08:35.554400201 ProcessGroupNCCL.cpp:2268] [PG ID 0 PG GUID 0(default_pg) Rank 2]  failure detected by watchdog at work sequence id: 21719 PG status: last enqueued work: 21724, last completed work: 21718
[rank2]:[E623 15:08:35.554420820 ProcessGroupNCCL.cpp:670] Stack trace of the failed collective not found, potentially because FlightRecorder is disabled. You can enable it by setting TORCH_NCCL_TRACE_BUFFER_SIZE to a non-zero value.
[rank1]:[E623 15:08:35.554469150 ProcessGroupNCCL.cpp:2103] [PG ID 0 PG GUID 0(default_pg) Rank 1] First PG on this rank to signal dumping.
[rank2]:[E623 15:08:35.554508699 ProcessGroupNCCL.cpp:2103] [PG ID 0 PG GUID 0(default_pg) Rank 2] First PG on this rank to signal dumping.
[rank0]:[E623 15:08:35.606548587 ProcessGroupNCCL.cpp:632] [Rank 0] Watchdog caught collective operation timeout: WorkNCCL(SeqNum=21719, OpType=ALLREDUCE, NumelIn=1, NumelOut=1, Timeout(ms)=1800000) ran for 1800070 milliseconds before timing out.
[rank0]:[E623 15:08:35.606998050 ProcessGroupNCCL.cpp:2268] [PG ID 0 PG GUID 0(default_pg) Rank 0]  failure detected by watchdog at work sequence id: 21719 PG status: last enqueued work: 21724, last completed work: 21718
[rank0]:[E623 15:08:35.607023509 ProcessGroupNCCL.cpp:670] Stack trace of the failed collective not found, potentially because FlightRecorder is disabled. You can enable it by setting TORCH_NCCL_TRACE_BUFFER_SIZE to a non-zero value.
[rank0]:[E623 15:08:35.607070229 ProcessGroupNCCL.cpp:2103] [PG ID 0 PG GUID 0(default_pg) Rank 0] First PG on this rank to signal dumping.
[rank3]:[E623 15:08:35.615676798 ProcessGroupNCCL.cpp:632] [Rank 3] Watchdog caught collective operation timeout: WorkNCCL(SeqNum=21719, OpType=ALLGATHER, NumelIn=1, NumelOut=4, Timeout(ms)=1800000) ran for 1800079 milliseconds before timing out.
[rank3]:[E623 15:08:35.616040942 ProcessGroupNCCL.cpp:2268] [PG ID 0 PG GUID 0(default_pg) Rank 3]  failure detected by watchdog at work sequence id: 21719 PG status: last enqueued work: 21719, last completed work: 21718
[rank3]:[E623 15:08:35.616053072 ProcessGroupNCCL.cpp:670] Stack trace of the failed collective not found, potentially because FlightRecorder is disabled. You can enable it by setting TORCH_NCCL_TRACE_BUFFER_SIZE to a non-zero value.
[rank3]:[E623 15:08:35.616117741 ProcessGroupNCCL.cpp:2103] [PG ID 0 PG GUID 0(default_pg) Rank 3] First PG on this rank to signal dumping.
[rank3]:[E623 15:08:35.938162278 ProcessGroupNCCL.cpp:1743] [PG ID 0 PG GUID 0(default_pg) Rank 3] Received a dump signal due to a collective timeout from this local rank and we will try our best to dump the debug info. Last enqueued NCCL work: 21719, last completed NCCL work: 21718.This is most likely caused by incorrect usages of collectives, e.g., wrong sizes used across ranks, the order of collectives is not same for all ranks or the scheduled collective, for some reason, didn't run. Additionally, this can be caused by GIL deadlock or other reasons such as network errors or bugs in the communications library (e.g. NCCL), etc. 
[rank2]:[E623 15:08:35.938482353 ProcessGroupNCCL.cpp:1743] [PG ID 0 PG GUID 0(default_pg) Rank 2] Received a dump signal due to a collective timeout from this local rank and we will try our best to dump the debug info. Last enqueued NCCL work: 21724, last completed NCCL work: 21718.This is most likely caused by incorrect usages of collectives, e.g., wrong sizes used across ranks, the order of collectives is not same for all ranks or the scheduled collective, for some reason, didn't run. Additionally, this can be caused by GIL deadlock or other reasons such as network errors or bugs in the communications library (e.g. NCCL), etc. 
[rank3]:[E623 15:08:35.938519723 ProcessGroupNCCL.cpp:1533] [PG ID 0 PG GUID 0(default_pg) Rank 3] ProcessGroupNCCL preparing to dump debug info. Include stack trace: 1
[rank1]:[E623 15:08:35.938688070 ProcessGroupNCCL.cpp:1743] [PG ID 0 PG GUID 0(default_pg) Rank 1] Received a dump signal due to a collective timeout from this local rank and we will try our best to dump the debug info. Last enqueued NCCL work: 21724, last completed NCCL work: 21718.This is most likely caused by incorrect usages of collectives, e.g., wrong sizes used across ranks, the order of collectives is not same for all ranks or the scheduled collective, for some reason, didn't run. Additionally, this can be caused by GIL deadlock or other reasons such as network errors or bugs in the communications library (e.g. NCCL), etc. 
[rank2]:[E623 15:08:35.938777079 ProcessGroupNCCL.cpp:1533] [PG ID 0 PG GUID 0(default_pg) Rank 2] ProcessGroupNCCL preparing to dump debug info. Include stack trace: 1
[rank1]:[E623 15:08:35.939050245 ProcessGroupNCCL.cpp:1533] [PG ID 0 PG GUID 0(default_pg) Rank 1] ProcessGroupNCCL preparing to dump debug info. Include stack trace: 1
[rank0]:[E623 15:08:35.456254331 ProcessGroupNCCL.cpp:1743] [PG ID 0 PG GUID 0(default_pg) Rank 0] Received a dump signal due to a collective timeout from this local rank and we will try our best to dump the debug info. Last enqueued NCCL work: 21724, last completed NCCL work: 21718.This is most likely caused by incorrect usages of collectives, e.g., wrong sizes used across ranks, the order of collectives is not same for all ranks or the scheduled collective, for some reason, didn't run. Additionally, this can be caused by GIL deadlock or other reasons such as network errors or bugs in the communications library (e.g. NCCL), etc. 
[rank0]:[E623 15:08:35.456641035 ProcessGroupNCCL.cpp:1533] [PG ID 0 PG GUID 0(default_pg) Rank 0] ProcessGroupNCCL preparing to dump debug info. Include stack trace: 1
[rank3]:[E623 15:08:36.742065240 ProcessGroupNCCL.cpp:684] [Rank 3] Some NCCL operations have failed or timed out. Due to the asynchronous nature of CUDA kernels, subsequent GPU operations might run on corrupted/incomplete data.
[rank3]:[E623 15:08:36.742105179 ProcessGroupNCCL.cpp:698] [Rank 3] To avoid data inconsistency, we are taking the entire process down.
[rank3]:[E623 15:08:36.744654210 ProcessGroupNCCL.cpp:1896] [PG ID 0 PG GUID 0(default_pg) Rank 3] Process group watchdog thread terminated with exception: [Rank 3] Watchdog caught collective operation timeout: WorkNCCL(SeqNum=21719, OpType=ALLGATHER, NumelIn=1, NumelOut=4, Timeout(ms)=1800000) ran for 1800079 milliseconds before timing out.
Exception raised from checkTimeout at /pytorch/torch/csrc/distributed/c10d/ProcessGroupNCCL.cpp:635 (most recent call first):
frame #0: c10::Error::Error(c10::SourceLocation, std::__cxx11::basic_string<char, std::char_traits<char>, std::allocator<char> >) + 0x98 (0x7efcf134a5e8 in /home/users/mendrika/virtual-env/DeepLearning/lib/python3.12/site-packages/torch/lib/libc10.so)
frame #1: c10d::ProcessGroupNCCL::WorkNCCL::checkTimeout(std::optional<std::chrono::duration<long, std::ratio<1l, 1000l> > >) + 0x23d (0x7efcf25aa78d in /home/users/mendrika/virtual-env/DeepLearning/lib/python3.12/site-packages/torch/lib/libtorch_cuda.so)
frame #2: c10d::ProcessGroupNCCL::watchdogHandler() + 0xc80 (0x7efcf25ac4b0 in /home/users/mendrika/virtual-env/DeepLearning/lib/python3.12/site-packages/torch/lib/libtorch_cuda.so)
frame #3: c10d::ProcessGroupNCCL::ncclCommWatchdog() + 0x14d (0x7efcf25adbbd in /home/users/mendrika/virtual-env/DeepLearning/lib/python3.12/site-packages/torch/lib/libtorch_cuda.so)
frame #4: <unknown function> + 0xdbbf4 (0x7efceec21bf4 in /home/users/mendrika/miniconda3/bin/../lib/libstdc++.so.6)
frame #5: <unknown function> + 0x897fa (0x7efd52a897fa in /lib64/libc.so.6)
frame #6: <unknown function> + 0x10e820 (0x7efd52b0e820 in /lib64/libc.so.6)

[rank0]:[E623 15:08:38.869965174 ProcessGroupNCCL.cpp:684] [Rank 0] Some NCCL operations have failed or timed out. Due to the asynchronous nature of CUDA kernels, subsequent GPU operations might run on corrupted/incomplete data.
[rank0]:[E623 15:08:38.869994594 ProcessGroupNCCL.cpp:698] [Rank 0] To avoid data inconsistency, we are taking the entire process down.
[rank0]:[E623 15:08:38.871343403 ProcessGroupNCCL.cpp:1896] [PG ID 0 PG GUID 0(default_pg) Rank 0] Process group watchdog thread terminated with exception: [Rank 0] Watchdog caught collective operation timeout: WorkNCCL(SeqNum=21719, OpType=ALLREDUCE, NumelIn=1, NumelOut=1, Timeout(ms)=1800000) ran for 1800070 milliseconds before timing out.
Exception raised from checkTimeout at /pytorch/torch/csrc/distributed/c10d/ProcessGroupNCCL.cpp:635 (most recent call first):
frame #0: c10::Error::Error(c10::SourceLocation, std::__cxx11::basic_string<char, std::char_traits<char>, std::allocator<char> >) + 0x98 (0x7f270e0025e8 in /home/users/mendrika/virtual-env/DeepLearning/lib/python3.12/site-packages/torch/lib/libc10.so)
frame #1: c10d::ProcessGroupNCCL::WorkNCCL::checkTimeout(std::optional<std::chrono::duration<long, std::ratio<1l, 1000l> > >) + 0x23d (0x7f270f26278d in /home/users/mendrika/virtual-env/DeepLearning/lib/python3.12/site-packages/torch/lib/libtorch_cuda.so)
frame #2: c10d::ProcessGroupNCCL::watchdogHandler() + 0xc80 (0x7f270f2644b0 in /home/users/mendrika/virtual-env/DeepLearning/lib/python3.12/site-packages/torch/lib/libtorch_cuda.so)
frame #3: c10d::ProcessGroupNCCL::ncclCommWatchdog() + 0x14d (0x7f270f265bbd in /home/users/mendrika/virtual-env/DeepLearning/lib/python3.12/site-packages/torch/lib/libtorch_cuda.so)
frame #4: <unknown function> + 0xdbbf4 (0x7f270b8d9bf4 in /home/users/mendrika/miniconda3/bin/../lib/libstdc++.so.6)
frame #5: <unknown function> + 0x897fa (0x7f276f8897fa in /lib64/libc.so.6)
frame #6: <unknown function> + 0x10e820 (0x7f276f90e820 in /lib64/libc.so.6)

[rank1]:[E623 15:08:38.890891415 ProcessGroupNCCL.cpp:684] [Rank 1] Some NCCL operations have failed or timed out. Due to the asynchronous nature of CUDA kernels, subsequent GPU operations might run on corrupted/incomplete data.
[rank1]:[E623 15:08:38.890910365 ProcessGroupNCCL.cpp:698] [Rank 1] To avoid data inconsistency, we are taking the entire process down.
[rank1]:[E623 15:08:38.892255095 ProcessGroupNCCL.cpp:1896] [PG ID 0 PG GUID 0(default_pg) Rank 1] Process group watchdog thread terminated with exception: [Rank 1] Watchdog caught collective operation timeout: WorkNCCL(SeqNum=21719, OpType=ALLREDUCE, NumelIn=1, NumelOut=1, Timeout(ms)=1800000) ran for 1800006 milliseconds before timing out.
Exception raised from checkTimeout at /pytorch/torch/csrc/distributed/c10d/ProcessGroupNCCL.cpp:635 (most recent call first):
frame #0: c10::Error::Error(c10::SourceLocation, std::__cxx11::basic_string<char, std::char_traits<char>, std::allocator<char> >) + 0x98 (0x7f4b7740e5e8 in /home/users/mendrika/virtual-env/DeepLearning/lib/python3.12/site-packages/torch/lib/libc10.so)
frame #1: c10d::ProcessGroupNCCL::WorkNCCL::checkTimeout(std::optional<std::chrono::duration<long, std::ratio<1l, 1000l> > >) + 0x23d (0x7f4b7866e78d in /home/users/mendrika/virtual-env/DeepLearning/lib/python3.12/site-packages/torch/lib/libtorch_cuda.so)
frame #2: c10d::ProcessGroupNCCL::watchdogHandler() + 0xc80 (0x7f4b786704b0 in /home/users/mendrika/virtual-env/DeepLearning/lib/python3.12/site-packages/torch/lib/libtorch_cuda.so)
frame #3: c10d::ProcessGroupNCCL::ncclCommWatchdog() + 0x14d (0x7f4b78671bbd in /home/users/mendrika/virtual-env/DeepLearning/lib/python3.12/site-packages/torch/lib/libtorch_cuda.so)
frame #4: <unknown function> + 0xdbbf4 (0x7f4b74ce5bf4 in /home/users/mendrika/miniconda3/bin/../lib/libstdc++.so.6)
frame #5: <unknown function> + 0x897fa (0x7f4bd8c897fa in /lib64/libc.so.6)
frame #6: <unknown function> + 0x10e820 (0x7f4bd8d0e820 in /lib64/libc.so.6)

[rank2]:[E623 15:08:38.228037733 ProcessGroupNCCL.cpp:684] [Rank 2] Some NCCL operations have failed or timed out. Due to the asynchronous nature of CUDA kernels, subsequent GPU operations might run on corrupted/incomplete data.
[rank2]:[E623 15:08:38.228064512 ProcessGroupNCCL.cpp:698] [Rank 2] To avoid data inconsistency, we are taking the entire process down.
[rank2]:[E623 15:08:38.229383022 ProcessGroupNCCL.cpp:1896] [PG ID 0 PG GUID 0(default_pg) Rank 2] Process group watchdog thread terminated with exception: [Rank 2] Watchdog caught collective operation timeout: WorkNCCL(SeqNum=21719, OpType=ALLREDUCE, NumelIn=1, NumelOut=1, Timeout(ms)=1800000) ran for 1800005 milliseconds before timing out.
Exception raised from checkTimeout at /pytorch/torch/csrc/distributed/c10d/ProcessGroupNCCL.cpp:635 (most recent call first):
frame #0: c10::Error::Error(c10::SourceLocation, std::__cxx11::basic_string<char, std::char_traits<char>, std::allocator<char> >) + 0x98 (0x7fe09b71c5e8 in /home/users/mendrika/virtual-env/DeepLearning/lib/python3.12/site-packages/torch/lib/libc10.so)
frame #1: c10d::ProcessGroupNCCL::WorkNCCL::checkTimeout(std::optional<std::chrono::duration<long, std::ratio<1l, 1000l> > >) + 0x23d (0x7fe09c97c78d in /home/users/mendrika/virtual-env/DeepLearning/lib/python3.12/site-packages/torch/lib/libtorch_cuda.so)
frame #2: c10d::ProcessGroupNCCL::watchdogHandler() + 0xc80 (0x7fe09c97e4b0 in /home/users/mendrika/virtual-env/DeepLearning/lib/python3.12/site-packages/torch/lib/libtorch_cuda.so)
frame #3: c10d::ProcessGroupNCCL::ncclCommWatchdog() + 0x14d (0x7fe09c97fbbd in /home/users/mendrika/virtual-env/DeepLearning/lib/python3.12/site-packages/torch/lib/libtorch_cuda.so)
frame #4: <unknown function> + 0xdbbf4 (0x7fe098ff3bf4 in /home/users/mendrika/miniconda3/bin/../lib/libstdc++.so.6)
frame #5: <unknown function> + 0x897fa (0x7fe0fce897fa in /lib64/libc.so.6)
frame #6: <unknown function> + 0x10e820 (0x7fe0fcf0e820 in /lib64/libc.so.6)

W0623 15:08:41.718000 395668 torch/distributed/elastic/multiprocessing/api.py:900] Sending process 395678 closing signal SIGTERM
W0623 15:08:41.720000 395668 torch/distributed/elastic/multiprocessing/api.py:900] Sending process 395679 closing signal SIGTERM
W0623 15:08:41.720000 395668 torch/distributed/elastic/multiprocessing/api.py:900] Sending process 395680 closing signal SIGTERM
E0623 15:08:43.229000 395668 torch/distributed/elastic/multiprocessing/api.py:874] failed (exitcode: -6) local_rank: 3 (pid: 395681) of binary: /home/users/mendrika/virtual-env/DeepLearning/bin/python
Traceback (most recent call last):
  File "/home/users/mendrika/virtual-env/DeepLearning/bin/torchrun", line 8, in <module>
    sys.exit(main())
             ^^^^^^
  File "/home/users/mendrika/virtual-env/DeepLearning/lib/python3.12/site-packages/torch/distributed/elastic/multiprocessing/errors/__init__.py", line 355, in wrapper
    return f(*args, **kwargs)
           ^^^^^^^^^^^^^^^^^^
  File "/home/users/mendrika/virtual-env/DeepLearning/lib/python3.12/site-packages/torch/distributed/run.py", line 892, in main
    run(args)
  File "/home/users/mendrika/virtual-env/DeepLearning/lib/python3.12/site-packages/torch/distributed/run.py", line 883, in run
    elastic_launch(
  File "/home/users/mendrika/virtual-env/DeepLearning/lib/python3.12/site-packages/torch/distributed/launcher/api.py", line 139, in __call__
    return launch_agent(self._config, self._entrypoint, list(args))
           ^^^^^^^^^^^^^^^^^^^^^^^^^^^^^^^^^^^^^^^^^^^^^^^^^^^^^^^^
  File "/home/users/mendrika/virtual-env/DeepLearning/lib/python3.12/site-packages/torch/distributed/launcher/api.py", line 270, in launch_agent
    raise ChildFailedError(
torch.distributed.elastic.multiprocessing.errors.ChildFailedError: 
============================================================
/home/users/mendrika/EPS-Impact-Case-AI-Nowcasting/model/africa/pancast/training/iter-shard/iter-shard-full-ds.py FAILED
------------------------------------------------------------
Failures:
  <NO_OTHER_FAILURES>
------------------------------------------------------------
Root Cause (first observed failure):
[0]:
  time      : 2025-06-23_15:08:41
  host      : gpuhost004.jc.rl.ac.uk
  rank      : 3 (local_rank: 3)
  exitcode  : -6 (pid: 395681)
  error_file: <N/A>
  traceback : Signal 6 (SIGABRT) received by PID 395681
============================================================
