Using bfloat16 Automatic Mixed Precision (AMP)
GPU available: True (cuda), used: True
TPU available: False, using: 0 TPU cores
HPU available: False, using: 0 HPUs
Initializing distributed: GLOBAL_RANK: 1, MEMBER: 2/4
Initializing distributed: GLOBAL_RANK: 2, MEMBER: 3/4
Initializing distributed: GLOBAL_RANK: 3, MEMBER: 4/4
Initializing distributed: GLOBAL_RANK: 0, MEMBER: 1/4
----------------------------------------------------------------------------------------------------
distributed_backend=nccl
All distributed processes registered. Starting with 4 processes
----------------------------------------------------------------------------------------------------

wandb: Currently logged in as: mgrakotomanga (mgrakotomanga-university-of-leeds) to https://api.wandb.ai. Use `wandb login --relogin` to force relogin
wandb: Tracking run with wandb version 0.20.1
wandb: Run data is saved locally in ./wandb/run-20250623_152758-pgvnqyj9
wandb: Run `wandb offline` to turn off syncing.
wandb: Syncing run iter-full-96
wandb: ⭐️ View project at https://wandb.ai/mgrakotomanga-university-of-leeds/pancast
wandb: 🚀 View run at https://wandb.ai/mgrakotomanga-university-of-leeds/pancast/runs/pgvnqyj9
LOCAL_RANK: 0 - CUDA_VISIBLE_DEVICES: [0,1,2,3]
LOCAL_RANK: 3 - CUDA_VISIBLE_DEVICES: [0,1,2,3]
LOCAL_RANK: 2 - CUDA_VISIBLE_DEVICES: [0,1,2,3]
LOCAL_RANK: 1 - CUDA_VISIBLE_DEVICES: [0,1,2,3]

  | Name        | Type               | Params | Mode 
-----------------------------------------------------------
0 | in_proj     | Linear             | 1.3 K  | train
1 | transformer | TransformerEncoder | 793 K  | train
2 | token_proj  | Linear             | 36.1 K | train
3 | decoder     | SimpleDecoder      | 689 K  | train
4 | criterion   | BCEWithLogitsLoss  | 0      | train
5 | val_auc     | BinaryAUROC        | 0      | train
-----------------------------------------------------------
1.5 M     Trainable params
0         Non-trainable params
1.5 M     Total params
6.079     Total estimated model params size (MB)
73        Modules in train mode
0         Modules in eval mode
[rank2]: Traceback (most recent call last):
[rank2]:   File "/home/users/mendrika/EPS-Impact-Case-AI-Nowcasting/model/africa/pancast/training/iter-shard/iter-shard-full-ds.py", line 177, in <module>
[rank2]:     main()
[rank2]:   File "/home/users/mendrika/EPS-Impact-Case-AI-Nowcasting/model/africa/pancast/training/iter-shard/iter-shard-full-ds.py", line 172, in main
[rank2]:     trainer.fit(model, train_loader, val_loader)
[rank2]:   File "/home/users/mendrika/virtual-env/DeepLearning/lib/python3.12/site-packages/pytorch_lightning/trainer/trainer.py", line 561, in fit
[rank2]:     call._call_and_handle_interrupt(
[rank2]:   File "/home/users/mendrika/virtual-env/DeepLearning/lib/python3.12/site-packages/pytorch_lightning/trainer/call.py", line 47, in _call_and_handle_interrupt
[rank2]:     return trainer.strategy.launcher.launch(trainer_fn, *args, trainer=trainer, **kwargs)
[rank2]:            ^^^^^^^^^^^^^^^^^^^^^^^^^^^^^^^^^^^^^^^^^^^^^^^^^^^^^^^^^^^^^^^^^^^^^^^^^^^^^^
[rank2]:   File "/home/users/mendrika/virtual-env/DeepLearning/lib/python3.12/site-packages/pytorch_lightning/strategies/launchers/subprocess_script.py", line 105, in launch
[rank2]:     return function(*args, **kwargs)
[rank2]:            ^^^^^^^^^^^^^^^^^^^^^^^^^
[rank2]:   File "/home/users/mendrika/virtual-env/DeepLearning/lib/python3.12/site-packages/pytorch_lightning/trainer/trainer.py", line 599, in _fit_impl
[rank2]:     self._run(model, ckpt_path=ckpt_path)
[rank2]:   File "/home/users/mendrika/virtual-env/DeepLearning/lib/python3.12/site-packages/pytorch_lightning/trainer/trainer.py", line 1012, in _run
[rank2]:     results = self._run_stage()
[rank2]:               ^^^^^^^^^^^^^^^^^
[rank2]:   File "/home/users/mendrika/virtual-env/DeepLearning/lib/python3.12/site-packages/pytorch_lightning/trainer/trainer.py", line 1056, in _run_stage
[rank2]:     self.fit_loop.run()
[rank2]:   File "/home/users/mendrika/virtual-env/DeepLearning/lib/python3.12/site-packages/pytorch_lightning/loops/fit_loop.py", line 208, in run
[rank2]:     self.setup_data()
[rank2]:   File "/home/users/mendrika/virtual-env/DeepLearning/lib/python3.12/site-packages/pytorch_lightning/loops/fit_loop.py", line 266, in setup_data
[rank2]:     num_batches = _parse_num_batches(stage, length, trainer.limit_train_batches)
[rank2]:                   ^^^^^^^^^^^^^^^^^^^^^^^^^^^^^^^^^^^^^^^^^^^^^^^^^^^^^^^^^^^^^^
[rank2]:   File "/home/users/mendrika/virtual-env/DeepLearning/lib/python3.12/site-packages/pytorch_lightning/trainer/connectors/data_connector.py", line 453, in _parse_num_batches
[rank2]:     raise MisconfigurationException(
[rank2]: lightning_fabric.utilities.exceptions.MisconfigurationException: When using an `IterableDataset`, `Trainer(limit_train_batches)` must be `1.0` or an int. An int specifies `num_train_batches` to use.
[rank1]: Traceback (most recent call last):
[rank1]:   File "/home/users/mendrika/EPS-Impact-Case-AI-Nowcasting/model/africa/pancast/training/iter-shard/iter-shard-full-ds.py", line 177, in <module>
[rank1]:     main()
[rank1]:   File "/home/users/mendrika/EPS-Impact-Case-AI-Nowcasting/model/africa/pancast/training/iter-shard/iter-shard-full-ds.py", line 172, in main
[rank1]:     trainer.fit(model, train_loader, val_loader)
[rank1]:   File "/home/users/mendrika/virtual-env/DeepLearning/lib/python3.12/site-packages/pytorch_lightning/trainer/trainer.py", line 561, in fit
[rank1]:     call._call_and_handle_interrupt(
[rank1]:   File "/home/users/mendrika/virtual-env/DeepLearning/lib/python3.12/site-packages/pytorch_lightning/trainer/call.py", line 47, in _call_and_handle_interrupt
[rank1]:     return trainer.strategy.launcher.launch(trainer_fn, *args, trainer=trainer, **kwargs)
[rank1]:            ^^^^^^^^^^^^^^^^^^^^^^^^^^^^^^^^^^^^^^^^^^^^^^^^^^^^^^^^^^^^^^^^^^^^^^^^^^^^^^
[rank1]:   File "/home/users/mendrika/virtual-env/DeepLearning/lib/python3.12/site-packages/pytorch_lightning/strategies/launchers/subprocess_script.py", line 105, in launch
[rank1]:     return function(*args, **kwargs)
[rank1]:            ^^^^^^^^^^^^^^^^^^^^^^^^^
[rank1]:   File "/home/users/mendrika/virtual-env/DeepLearning/lib/python3.12/site-packages/pytorch_lightning/trainer/trainer.py", line 599, in _fit_impl
[rank1]:     self._run(model, ckpt_path=ckpt_path)
[rank1]:   File "/home/users/mendrika/virtual-env/DeepLearning/lib/python3.12/site-packages/pytorch_lightning/trainer/trainer.py", line 1012, in _run
[rank1]:     results = self._run_stage()
[rank1]:               ^^^^^^^^^^^^^^^^^
[rank1]:   File "/home/users/mendrika/virtual-env/DeepLearning/lib/python3.12/site-packages/pytorch_lightning/trainer/trainer.py", line 1056, in _run_stage
[rank1]:     self.fit_loop.run()
[rank1]:   File "/home/users/mendrika/virtual-env/DeepLearning/lib/python3.12/site-packages/pytorch_lightning/loops/fit_loop.py", line 208, in run
[rank1]:     self.setup_data()
[rank1]:   File "/home/users/mendrika/virtual-env/DeepLearning/lib/python3.12/site-packages/pytorch_lightning/loops/fit_loop.py", line 266, in setup_data
[rank1]:     num_batches = _parse_num_batches(stage, length, trainer.limit_train_batches)
[rank1]:                   ^^^^^^^^^^^^^^^^^^^^^^^^^^^^^^^^^^^^^^^^^^^^^^^^^^^^^^^^^^^^^^
[rank1]:   File "/home/users/mendrika/virtual-env/DeepLearning/lib/python3.12/site-packages/pytorch_lightning/trainer/connectors/data_connector.py", line 453, in _parse_num_batches
[rank1]:     raise MisconfigurationException(
[rank1]: lightning_fabric.utilities.exceptions.MisconfigurationException: When using an `IterableDataset`, `Trainer(limit_train_batches)` must be `1.0` or an int. An int specifies `num_train_batches` to use.
Traceback (most recent call last):
  File "/home/users/mendrika/EPS-Impact-Case-AI-Nowcasting/model/africa/pancast/training/iter-shard/iter-shard-full-ds.py", line 177, in <module>
    main()
  File "/home/users/mendrika/EPS-Impact-Case-AI-Nowcasting/model/africa/pancast/training/iter-shard/iter-shard-full-ds.py", line 172, in main
    trainer.fit(model, train_loader, val_loader)
  File "/home/users/mendrika/virtual-env/DeepLearning/lib/python3.12/site-packages/pytorch_lightning/trainer/trainer.py", line 561, in fit
    call._call_and_handle_interrupt(
  File "/home/users/mendrika/virtual-env/DeepLearning/lib/python3.12/site-packages/pytorch_lightning/trainer/call.py", line 47, in _call_and_handle_interrupt
    return trainer.strategy.launcher.launch(trainer_fn, *args, trainer=trainer, **kwargs)
           ^^^^^^^^^^^^^^^^^^^^^^^^^^^^^^^^^^^^^^^^^^^^^^^^^^^^^^^^^^^^^^^^^^^^^^^^^^^^^^
  File "/home/users/mendrika/virtual-env/DeepLearning/lib/python3.12/site-packages/pytorch_lightning/strategies/launchers/subprocess_script.py", line 105, in launch
    return function(*args, **kwargs)
           ^^^^^^^^^^^^^^^^^^^^^^^^^
  File "/home/users/mendrika/virtual-env/DeepLearning/lib/python3.12/site-packages/pytorch_lightning/trainer/trainer.py", line 599, in _fit_impl
    self._run(model, ckpt_path=ckpt_path)
  File "/home/users/mendrika/virtual-env/DeepLearning/lib/python3.12/site-packages/pytorch_lightning/trainer/trainer.py", line 1012, in _run
    results = self._run_stage()
              ^^^^^^^^^^^^^^^^^
  File "/home/users/mendrika/virtual-env/DeepLearning/lib/python3.12/site-packages/pytorch_lightning/trainer/trainer.py", line 1056, in _run_stage
    self.fit_loop.run()
[rank3]: Traceback (most recent call last):
[rank3]:   File "/home/users/mendrika/EPS-Impact-Case-AI-Nowcasting/model/africa/pancast/training/iter-shard/iter-shard-full-ds.py", line 177, in <module>
[rank3]:     main()
[rank3]:   File "/home/users/mendrika/EPS-Impact-Case-AI-Nowcasting/model/africa/pancast/training/iter-shard/iter-shard-full-ds.py", line 172, in main
[rank3]:     trainer.fit(model, train_loader, val_loader)
[rank3]:   File "/home/users/mendrika/virtual-env/DeepLearning/lib/python3.12/site-packages/pytorch_lightning/trainer/trainer.py", line 561, in fit
[rank3]:     call._call_and_handle_interrupt(
[rank3]:   File "/home/users/mendrika/virtual-env/DeepLearning/lib/python3.12/site-packages/pytorch_lightning/trainer/call.py", line 47, in _call_and_handle_interrupt
[rank3]:     return trainer.strategy.launcher.launch(trainer_fn, *args, trainer=trainer, **kwargs)
[rank3]:            ^^^^^^^^^^^^^^^^^^^^^^^^^^^^^^^^^^^^^^^^^^^^^^^^^^^^^^^^^^^^^^^^^^^^^^^^^^^^^^
[rank3]:   File "/home/users/mendrika/virtual-env/DeepLearning/lib/python3.12/site-packages/pytorch_lightning/strategies/launchers/subprocess_script.py", line 105, in launch
[rank3]:     return function(*args, **kwargs)
[rank3]:            ^^^^^^^^^^^^^^^^^^^^^^^^^
[rank3]:   File "/home/users/mendrika/virtual-env/DeepLearning/lib/python3.12/site-packages/pytorch_lightning/trainer/trainer.py", line 599, in _fit_impl
[rank3]:     self._run(model, ckpt_path=ckpt_path)
[rank3]:   File "/home/users/mendrika/virtual-env/DeepLearning/lib/python3.12/site-packages/pytorch_lightning/trainer/trainer.py", line 1012, in _run
[rank3]:     results = self._run_stage()
[rank3]:               ^^^^^^^^^^^^^^^^^
[rank3]:   File "/home/users/mendrika/virtual-env/DeepLearning/lib/python3.12/site-packages/pytorch_lightning/trainer/trainer.py", line 1056, in _run_stage
[rank3]:     self.fit_loop.run()
[rank3]:   File "/home/users/mendrika/virtual-env/DeepLearning/lib/python3.12/site-packages/pytorch_lightning/loops/fit_loop.py", line 208, in run
[rank3]:     self.setup_data()
[rank3]:   File "/home/users/mendrika/virtual-env/DeepLearning/lib/python3.12/site-packages/pytorch_lightning/loops/fit_loop.py", line 266, in setup_data
[rank3]:     num_batches = _parse_num_batches(stage, length, trainer.limit_train_batches)
[rank3]:                   ^^^^^^^^^^^^^^^^^^^^^^^^^^^^^^^^^^^^^^^^^^^^^^^^^^^^^^^^^^^^^^
[rank3]:   File "/home/users/mendrika/virtual-env/DeepLearning/lib/python3.12/site-packages/pytorch_lightning/trainer/connectors/data_connector.py", line 453, in _parse_num_batches
[rank3]:     raise MisconfigurationException(
[rank3]: lightning_fabric.utilities.exceptions.MisconfigurationException: When using an `IterableDataset`, `Trainer(limit_train_batches)` must be `1.0` or an int. An int specifies `num_train_batches` to use.
  File "/home/users/mendrika/virtual-env/DeepLearning/lib/python3.12/site-packages/pytorch_lightning/loops/fit_loop.py", line 208, in run
    self.setup_data()
  File "/home/users/mendrika/virtual-env/DeepLearning/lib/python3.12/site-packages/pytorch_lightning/loops/fit_loop.py", line 266, in setup_data
    num_batches = _parse_num_batches(stage, length, trainer.limit_train_batches)
                  ^^^^^^^^^^^^^^^^^^^^^^^^^^^^^^^^^^^^^^^^^^^^^^^^^^^^^^^^^^^^^^
  File "/home/users/mendrika/virtual-env/DeepLearning/lib/python3.12/site-packages/pytorch_lightning/trainer/connectors/data_connector.py", line 453, in _parse_num_batches
    raise MisconfigurationException(
lightning_fabric.utilities.exceptions.MisconfigurationException: When using an `IterableDataset`, `Trainer(limit_train_batches)` must be `1.0` or an int. An int specifies `num_train_batches` to use.
[rank0]: Traceback (most recent call last):
[rank0]:   File "/home/users/mendrika/EPS-Impact-Case-AI-Nowcasting/model/africa/pancast/training/iter-shard/iter-shard-full-ds.py", line 177, in <module>
[rank0]:     main()
[rank0]:   File "/home/users/mendrika/EPS-Impact-Case-AI-Nowcasting/model/africa/pancast/training/iter-shard/iter-shard-full-ds.py", line 172, in main
[rank0]:     trainer.fit(model, train_loader, val_loader)
[rank0]:   File "/home/users/mendrika/virtual-env/DeepLearning/lib/python3.12/site-packages/pytorch_lightning/trainer/trainer.py", line 561, in fit
[rank0]:     call._call_and_handle_interrupt(
[rank0]:   File "/home/users/mendrika/virtual-env/DeepLearning/lib/python3.12/site-packages/pytorch_lightning/trainer/call.py", line 47, in _call_and_handle_interrupt
[rank0]:     return trainer.strategy.launcher.launch(trainer_fn, *args, trainer=trainer, **kwargs)
[rank0]:            ^^^^^^^^^^^^^^^^^^^^^^^^^^^^^^^^^^^^^^^^^^^^^^^^^^^^^^^^^^^^^^^^^^^^^^^^^^^^^^
[rank0]:   File "/home/users/mendrika/virtual-env/DeepLearning/lib/python3.12/site-packages/pytorch_lightning/strategies/launchers/subprocess_script.py", line 105, in launch
[rank0]:     return function(*args, **kwargs)
[rank0]:            ^^^^^^^^^^^^^^^^^^^^^^^^^
[rank0]:   File "/home/users/mendrika/virtual-env/DeepLearning/lib/python3.12/site-packages/pytorch_lightning/trainer/trainer.py", line 599, in _fit_impl
[rank0]:     self._run(model, ckpt_path=ckpt_path)
[rank0]:   File "/home/users/mendrika/virtual-env/DeepLearning/lib/python3.12/site-packages/pytorch_lightning/trainer/trainer.py", line 1012, in _run
[rank0]:     results = self._run_stage()
[rank0]:               ^^^^^^^^^^^^^^^^^
[rank0]:   File "/home/users/mendrika/virtual-env/DeepLearning/lib/python3.12/site-packages/pytorch_lightning/trainer/trainer.py", line 1056, in _run_stage
[rank0]:     self.fit_loop.run()
[rank0]:   File "/home/users/mendrika/virtual-env/DeepLearning/lib/python3.12/site-packages/pytorch_lightning/loops/fit_loop.py", line 208, in run
[rank0]:     self.setup_data()
[rank0]:   File "/home/users/mendrika/virtual-env/DeepLearning/lib/python3.12/site-packages/pytorch_lightning/loops/fit_loop.py", line 266, in setup_data
[rank0]:     num_batches = _parse_num_batches(stage, length, trainer.limit_train_batches)
[rank0]:                   ^^^^^^^^^^^^^^^^^^^^^^^^^^^^^^^^^^^^^^^^^^^^^^^^^^^^^^^^^^^^^^
[rank0]:   File "/home/users/mendrika/virtual-env/DeepLearning/lib/python3.12/site-packages/pytorch_lightning/trainer/connectors/data_connector.py", line 453, in _parse_num_batches
[rank0]:     raise MisconfigurationException(
[rank0]: lightning_fabric.utilities.exceptions.MisconfigurationException: When using an `IterableDataset`, `Trainer(limit_train_batches)` must be `1.0` or an int. An int specifies `num_train_batches` to use.
W0623 15:28:17.562000 5311 torch/distributed/elastic/multiprocessing/api.py:900] Sending process 5319 closing signal SIGTERM
W0623 15:28:17.563000 5311 torch/distributed/elastic/multiprocessing/api.py:900] Sending process 5320 closing signal SIGTERM
W0623 15:28:17.564000 5311 torch/distributed/elastic/multiprocessing/api.py:900] Sending process 5321 closing signal SIGTERM
E0623 15:28:21.383000 5311 torch/distributed/elastic/multiprocessing/api.py:874] failed (exitcode: 1) local_rank: 3 (pid: 5322) of binary: /home/users/mendrika/virtual-env/DeepLearning/bin/python
Traceback (most recent call last):
  File "/home/users/mendrika/virtual-env/DeepLearning/bin/torchrun", line 8, in <module>
    sys.exit(main())
             ^^^^^^
  File "/home/users/mendrika/virtual-env/DeepLearning/lib/python3.12/site-packages/torch/distributed/elastic/multiprocessing/errors/__init__.py", line 355, in wrapper
    return f(*args, **kwargs)
           ^^^^^^^^^^^^^^^^^^
  File "/home/users/mendrika/virtual-env/DeepLearning/lib/python3.12/site-packages/torch/distributed/run.py", line 892, in main
    run(args)
  File "/home/users/mendrika/virtual-env/DeepLearning/lib/python3.12/site-packages/torch/distributed/run.py", line 883, in run
    elastic_launch(
  File "/home/users/mendrika/virtual-env/DeepLearning/lib/python3.12/site-packages/torch/distributed/launcher/api.py", line 139, in __call__
    return launch_agent(self._config, self._entrypoint, list(args))
           ^^^^^^^^^^^^^^^^^^^^^^^^^^^^^^^^^^^^^^^^^^^^^^^^^^^^^^^^
  File "/home/users/mendrika/virtual-env/DeepLearning/lib/python3.12/site-packages/torch/distributed/launcher/api.py", line 270, in launch_agent
    raise ChildFailedError(
torch.distributed.elastic.multiprocessing.errors.ChildFailedError: 
============================================================
/home/users/mendrika/EPS-Impact-Case-AI-Nowcasting/model/africa/pancast/training/iter-shard/iter-shard-full-ds.py FAILED
------------------------------------------------------------
Failures:
  <NO_OTHER_FAILURES>
------------------------------------------------------------
Root Cause (first observed failure):
[0]:
  time      : 2025-06-23_15:28:17
  host      : gpuhost009.jc.rl.ac.uk
  rank      : 3 (local_rank: 3)
  exitcode  : 1 (pid: 5322)
  error_file: <N/A>
  traceback : To enable traceback see: https://pytorch.org/docs/stable/elastic/errors.html
============================================================
