Using bfloat16 Automatic Mixed Precision (AMP)
GPU available: True (cuda), used: True
TPU available: False, using: 0 TPU cores
HPU available: False, using: 0 HPUs
Initializing distributed: GLOBAL_RANK: 3, MEMBER: 4/4
Initializing distributed: GLOBAL_RANK: 0, MEMBER: 1/4
----------------------------------------------------------------------------------------------------
distributed_backend=nccl
All distributed processes registered. Starting with 4 processes
----------------------------------------------------------------------------------------------------

Initializing distributed: GLOBAL_RANK: 1, MEMBER: 2/4
Initializing distributed: GLOBAL_RANK: 2, MEMBER: 3/4
wandb: Currently logged in as: mgrakotomanga (mgrakotomanga-university-of-leeds) to https://api.wandb.ai. Use `wandb login --relogin` to force relogin
wandb: Tracking run with wandb version 0.20.1
wandb: Run data is saved locally in ./wandb/run-20250624_123857-jxz9fdj2
wandb: Run `wandb offline` to turn off syncing.
wandb: Syncing run pancast-10km
wandb: ⭐️ View project at https://wandb.ai/mgrakotomanga-university-of-leeds/pancast
wandb: 🚀 View run at https://wandb.ai/mgrakotomanga-university-of-leeds/pancast/runs/jxz9fdj2
LOCAL_RANK: 0 - CUDA_VISIBLE_DEVICES: [0,1,2,3]
LOCAL_RANK: 3 - CUDA_VISIBLE_DEVICES: [0,1,2,3]
LOCAL_RANK: 1 - CUDA_VISIBLE_DEVICES: [0,1,2,3]
LOCAL_RANK: 2 - CUDA_VISIBLE_DEVICES: [0,1,2,3]

  | Name        | Type               | Params | Mode 
-----------------------------------------------------------
0 | in_proj     | Linear             | 1.3 K  | train
1 | transformer | TransformerEncoder | 793 K  | train
2 | token_proj  | Linear             | 144 K  | train
3 | decoder     | SimpleDecoder      | 683 K  | train
4 | criterion   | BCEWithLogitsLoss  | 0      | train
5 | val_auc     | BinaryAUROC        | 0      | train
-----------------------------------------------------------
1.6 M     Trainable params
0         Non-trainable params
1.6 M     Total params
6.489     Total estimated model params size (MB)
65        Modules in train mode
0         Modules in eval mode
/home/users/mendrika/virtual-env/DeepLearning/lib/python3.12/site-packages/torchmetrics/utilities/prints.py:43: UserWarning: No positive samples in targets, true positive value should be meaningless. Returning zero tensor in true positive score
  warnings.warn(*args, **kwargs)
[rank: 3] Metric val_auc improved. New best score: 0.000
[rank: 0] Metric val_auc improved. New best score: 0.000
[rank: 2] Metric val_auc improved. New best score: 0.000
[rank: 1] Metric val_auc improved. New best score: 0.000
Epoch 0, global step 1210: 'val_auc' reached 0.00000 (best 0.00000), saving model to './pancast/jxz9fdj2/checkpoints/best-core2map.ckpt' as top 1
slurmstepd: error: *** JOB 21715557 ON gpuhost005 CANCELLED AT 2025-06-24T13:30:03 ***
