Using bfloat16 Automatic Mixed Precision (AMP)
GPU available: True (cuda), used: True
TPU available: False, using: 0 TPU cores
HPU available: False, using: 0 HPUs
Initializing distributed: GLOBAL_RANK: 0, MEMBER: 1/4
----------------------------------------------------------------------------------------------------
distributed_backend=nccl
All distributed processes registered. Starting with 4 processes
----------------------------------------------------------------------------------------------------

Initializing distributed: GLOBAL_RANK: 2, MEMBER: 3/4
Initializing distributed: GLOBAL_RANK: 1, MEMBER: 2/4
Initializing distributed: GLOBAL_RANK: 3, MEMBER: 4/4
wandb: Currently logged in as: mgrakotomanga (mgrakotomanga-university-of-leeds) to https://api.wandb.ai. Use `wandb login --relogin` to force relogin
wandb: creating run
wandb: Tracking run with wandb version 0.20.1
wandb: Run data is saved locally in ./wandb/run-20250624_142609-rw0iubgb
wandb: Run `wandb offline` to turn off syncing.
wandb: Syncing run pancast-10km-smooth
wandb: ⭐️ View project at https://wandb.ai/mgrakotomanga-university-of-leeds/pancast
wandb: 🚀 View run at https://wandb.ai/mgrakotomanga-university-of-leeds/pancast/runs/rw0iubgb
LOCAL_RANK: 2 - CUDA_VISIBLE_DEVICES: [0,1,2,3]
LOCAL_RANK: 0 - CUDA_VISIBLE_DEVICES: [0,1,2,3]
LOCAL_RANK: 1 - CUDA_VISIBLE_DEVICES: [0,1,2,3]
LOCAL_RANK: 3 - CUDA_VISIBLE_DEVICES: [0,1,2,3]

  | Name        | Type               | Params | Mode 
-----------------------------------------------------------
0 | in_proj     | Linear             | 1.3 K  | train
1 | transformer | TransformerEncoder | 793 K  | train
2 | set_pool    | AdaptiveAvgPool1d  | 0      | train
3 | map_proj    | Linear             | 1.1 M  | train
4 | decoder     | SimpleDecoder      | 5.3 M  | train
5 | criterion   | BCEWithLogitsLoss  | 0      | train
6 | val_auc     | BinaryAUROC        | 0      | train
-----------------------------------------------------------
7.2 M     Trainable params
0         Non-trainable params
7.2 M     Total params
28.653    Total estimated model params size (MB)
92        Modules in train mode
0         Modules in eval mode
[rank: 3] Metric val_auc improved. New best score: 0.680
[rank: 2] Metric val_auc improved. New best score: 0.680
[rank: 0] Metric val_auc improved. New best score: 0.680
[rank: 1] Metric val_auc improved. New best score: 0.680
Epoch 0, global step 1210: 'val_auc' reached 0.68046 (best 0.68046), saving model to './pancast/rw0iubgb/checkpoints/best-core2map.ckpt' as top 1
[rank: 0] Metric val_auc improved by 0.170 >= min_delta = 0.001. New best score: 0.850
[rank: 1] Metric val_auc improved by 0.170 >= min_delta = 0.001. New best score: 0.850
[rank: 3] Metric val_auc improved by 0.170 >= min_delta = 0.001. New best score: 0.850
[rank: 2] Metric val_auc improved by 0.170 >= min_delta = 0.001. New best score: 0.850
Epoch 1, global step 2420: 'val_auc' reached 0.85014 (best 0.85014), saving model to './pancast/rw0iubgb/checkpoints/best-core2map.ckpt' as top 1
`Trainer.fit` stopped: `max_epochs=2` reached.
