Using bfloat16 Automatic Mixed Precision (AMP)
GPU available: True (cuda), used: True
TPU available: False, using: 0 TPU cores
HPU available: False, using: 0 HPUs
Initializing distributed: GLOBAL_RANK: 2, MEMBER: 3/4
Initializing distributed: GLOBAL_RANK: 0, MEMBER: 1/4
----------------------------------------------------------------------------------------------------
distributed_backend=nccl
All distributed processes registered. Starting with 4 processes
----------------------------------------------------------------------------------------------------

Initializing distributed: GLOBAL_RANK: 1, MEMBER: 2/4
Initializing distributed: GLOBAL_RANK: 3, MEMBER: 4/4
wandb: Currently logged in as: mgrakotomanga (mgrakotomanga-university-of-leeds) to https://api.wandb.ai. Use `wandb login --relogin` to force relogin
wandb: Tracking run with wandb version 0.20.1
wandb: Run data is saved locally in ./wandb/run-20250624_145301-qww4p23z
wandb: Run `wandb offline` to turn off syncing.
wandb: Syncing run pancast-10km-smooth
wandb: ⭐️ View project at https://wandb.ai/mgrakotomanga-university-of-leeds/pancast
wandb: 🚀 View run at https://wandb.ai/mgrakotomanga-university-of-leeds/pancast/runs/qww4p23z
LOCAL_RANK: 1 - CUDA_VISIBLE_DEVICES: [0,1,2,3]
LOCAL_RANK: 0 - CUDA_VISIBLE_DEVICES: [0,1,2,3]
LOCAL_RANK: 3 - CUDA_VISIBLE_DEVICES: [0,1,2,3]
LOCAL_RANK: 2 - CUDA_VISIBLE_DEVICES: [0,1,2,3]

  | Name        | Type               | Params | Mode 
-----------------------------------------------------------
0 | in_proj     | Linear             | 1.3 K  | train
1 | transformer | TransformerEncoder | 793 K  | train
2 | set_pool    | AdaptiveAvgPool1d  | 0      | train
3 | map_proj    | Linear             | 1.1 M  | train
4 | decoder     | SimpleDecoder      | 5.3 M  | train
5 | criterion   | BCEWithLogitsLoss  | 0      | train
6 | val_auc     | BinaryAUROC        | 0      | train
-----------------------------------------------------------
7.2 M     Trainable params
0         Non-trainable params
7.2 M     Total params
28.653    Total estimated model params size (MB)
92        Modules in train mode
0         Modules in eval mode
[rank: 3] Metric val_auc improved. New best score: 0.765
[rank: 0] Metric val_auc improved. New best score: 0.765
[rank: 1] Metric val_auc improved. New best score: 0.765
[rank: 2] Metric val_auc improved. New best score: 0.765
Epoch 0, global step 1210: 'val_auc' reached 0.76533 (best 0.76533), saving model to './pancast/qww4p23z/checkpoints/best-core2map.ckpt' as top 1
[rank: 0] Metric val_auc improved by 0.123 >= min_delta = 0.001. New best score: 0.889
[rank: 3] Metric val_auc improved by 0.123 >= min_delta = 0.001. New best score: 0.889
[rank: 2] Metric val_auc improved by 0.123 >= min_delta = 0.001. New best score: 0.889
[rank: 1] Metric val_auc improved by 0.123 >= min_delta = 0.001. New best score: 0.889
Epoch 1, global step 2420: 'val_auc' reached 0.88876 (best 0.88876), saving model to './pancast/qww4p23z/checkpoints/best-core2map.ckpt' as top 1
[rank: 2] Metric val_auc improved by 0.018 >= min_delta = 0.001. New best score: 0.907
[rank: 0] Metric val_auc improved by 0.018 >= min_delta = 0.001. New best score: 0.907
[rank: 3] Metric val_auc improved by 0.018 >= min_delta = 0.001. New best score: 0.907
[rank: 1] Metric val_auc improved by 0.018 >= min_delta = 0.001. New best score: 0.907
Epoch 2, global step 3630: 'val_auc' reached 0.90717 (best 0.90717), saving model to './pancast/qww4p23z/checkpoints/best-core2map.ckpt' as top 1
Epoch 3, global step 4840: 'val_auc' reached 0.90741 (best 0.90741), saving model to './pancast/qww4p23z/checkpoints/best-core2map.ckpt' as top 1
[rank: 2] Metric val_auc improved by 0.010 >= min_delta = 0.001. New best score: 0.917
[rank: 3] Metric val_auc improved by 0.010 >= min_delta = 0.001. New best score: 0.917
[rank: 0] Metric val_auc improved by 0.010 >= min_delta = 0.001. New best score: 0.917
[rank: 1] Metric val_auc improved by 0.010 >= min_delta = 0.001. New best score: 0.917
Epoch 4, global step 6050: 'val_auc' reached 0.91667 (best 0.91667), saving model to './pancast/qww4p23z/checkpoints/best-core2map.ckpt' as top 1
[rank: 1] Metric val_auc improved by 0.012 >= min_delta = 0.001. New best score: 0.929
[rank: 0] Metric val_auc improved by 0.012 >= min_delta = 0.001. New best score: 0.929
[rank: 2] Metric val_auc improved by 0.012 >= min_delta = 0.001. New best score: 0.929
[rank: 3] Metric val_auc improved by 0.012 >= min_delta = 0.001. New best score: 0.929
Epoch 5, global step 7260: 'val_auc' reached 0.92889 (best 0.92889), saving model to './pancast/qww4p23z/checkpoints/best-core2map.ckpt' as top 1
[rank: 2] Metric val_auc improved by 0.013 >= min_delta = 0.001. New best score: 0.942
[rank: 0] Metric val_auc improved by 0.013 >= min_delta = 0.001. New best score: 0.942
[rank: 3] Metric val_auc improved by 0.013 >= min_delta = 0.001. New best score: 0.942
[rank: 1] Metric val_auc improved by 0.013 >= min_delta = 0.001. New best score: 0.942
Epoch 6, global step 8470: 'val_auc' reached 0.94186 (best 0.94186), saving model to './pancast/qww4p23z/checkpoints/best-core2map.ckpt' as top 1
[rank: 2] Metric val_auc improved by 0.004 >= min_delta = 0.001. New best score: 0.946
[rank: 0] Metric val_auc improved by 0.004 >= min_delta = 0.001. New best score: 0.946
[rank: 3] Metric val_auc improved by 0.004 >= min_delta = 0.001. New best score: 0.946
[rank: 1] Metric val_auc improved by 0.004 >= min_delta = 0.001. New best score: 0.946
Epoch 7, global step 9680: 'val_auc' reached 0.94634 (best 0.94634), saving model to './pancast/qww4p23z/checkpoints/best-core2map.ckpt' as top 1
[rank: 3] Metric val_auc improved by 0.004 >= min_delta = 0.001. New best score: 0.951
[rank: 1] Metric val_auc improved by 0.004 >= min_delta = 0.001. New best score: 0.951
[rank: 0] Metric val_auc improved by 0.004 >= min_delta = 0.001. New best score: 0.951
[rank: 2] Metric val_auc improved by 0.004 >= min_delta = 0.001. New best score: 0.951
Epoch 8, global step 10890: 'val_auc' reached 0.95059 (best 0.95059), saving model to './pancast/qww4p23z/checkpoints/best-core2map.ckpt' as top 1
[rank: 1] Metric val_auc improved by 0.002 >= min_delta = 0.001. New best score: 0.952
[rank: 0] Metric val_auc improved by 0.002 >= min_delta = 0.001. New best score: 0.952
[rank: 2] Metric val_auc improved by 0.002 >= min_delta = 0.001. New best score: 0.952
[rank: 3] Metric val_auc improved by 0.002 >= min_delta = 0.001. New best score: 0.952
Epoch 9, global step 12100: 'val_auc' reached 0.95244 (best 0.95244), saving model to './pancast/qww4p23z/checkpoints/best-core2map.ckpt' as top 1
`Trainer.fit` stopped: `max_epochs=10` reached.
