Using bfloat16 Automatic Mixed Precision (AMP)
GPU available: True (cuda), used: True
TPU available: False, using: 0 TPU cores
HPU available: False, using: 0 HPUs
Initializing distributed: GLOBAL_RANK: 0, MEMBER: 1/4
Initializing distributed: GLOBAL_RANK: 1, MEMBER: 2/4
Initializing distributed: GLOBAL_RANK: 3, MEMBER: 4/4
Initializing distributed: GLOBAL_RANK: 2, MEMBER: 3/4
----------------------------------------------------------------------------------------------------
distributed_backend=nccl
All distributed processes registered. Starting with 4 processes
----------------------------------------------------------------------------------------------------

wandb: Currently logged in as: mgrakotomanga (mgrakotomanga-university-of-leeds) to https://api.wandb.ai. Use `wandb login --relogin` to force relogin
wandb: Tracking run with wandb version 0.20.1
wandb: Run data is saved locally in ./wandb/run-20250624_175018-b7pbzfij
wandb: Run `wandb offline` to turn off syncing.
wandb: Syncing run pancast-10km-smooth
wandb: ⭐️ View project at https://wandb.ai/mgrakotomanga-university-of-leeds/pancast
wandb: 🚀 View run at https://wandb.ai/mgrakotomanga-university-of-leeds/pancast/runs/b7pbzfij
LOCAL_RANK: 0 - CUDA_VISIBLE_DEVICES: [0,1,2,3]
LOCAL_RANK: 1 - CUDA_VISIBLE_DEVICES: [0,1,2,3]
LOCAL_RANK: 3 - CUDA_VISIBLE_DEVICES: [0,1,2,3]
LOCAL_RANK: 2 - CUDA_VISIBLE_DEVICES: [0,1,2,3]

  | Name        | Type               | Params | Mode 
-----------------------------------------------------------
0 | in_proj     | Linear             | 1.3 K  | train
1 | transformer | TransformerEncoder | 793 K  | train
2 | set_pool    | AdaptiveAvgPool1d  | 0      | train
3 | map_proj    | Linear             | 1.1 M  | train
4 | decoder     | SimpleDecoder      | 5.3 M  | train
5 | criterion   | BCEWithLogitsLoss  | 0      | train
6 | val_auc     | BinaryAUROC        | 0      | train
-----------------------------------------------------------
7.2 M     Trainable params
0         Non-trainable params
7.2 M     Total params
28.653    Total estimated model params size (MB)
92        Modules in train mode
0         Modules in eval mode
[rank: 3] Metric val_auc improved. New best score: 0.566
[rank: 0] Metric val_auc improved. New best score: 0.566
[rank: 1] Metric val_auc improved. New best score: 0.566
[rank: 2] Metric val_auc improved. New best score: 0.566
Epoch 0, global step 1210: 'val_auc' reached 0.56577 (best 0.56577), saving model to './pancast/b7pbzfij/checkpoints/best-core2map.ckpt' as top 1
[rank: 0] Metric val_auc improved by 0.183 >= min_delta = 0.001. New best score: 0.748
[rank: 1] Metric val_auc improved by 0.183 >= min_delta = 0.001. New best score: 0.748
[rank: 2] Metric val_auc improved by 0.183 >= min_delta = 0.001. New best score: 0.748
[rank: 3] Metric val_auc improved by 0.183 >= min_delta = 0.001. New best score: 0.748
Epoch 1, global step 2420: 'val_auc' reached 0.74839 (best 0.74839), saving model to './pancast/b7pbzfij/checkpoints/best-core2map.ckpt' as top 1
[rank: 1] Metric val_auc improved by 0.083 >= min_delta = 0.001. New best score: 0.831
[rank: 0] Metric val_auc improved by 0.083 >= min_delta = 0.001. New best score: 0.831
[rank: 2] Metric val_auc improved by 0.083 >= min_delta = 0.001. New best score: 0.831
[rank: 3] Metric val_auc improved by 0.083 >= min_delta = 0.001. New best score: 0.831
Epoch 2, global step 3630: 'val_auc' reached 0.83104 (best 0.83104), saving model to './pancast/b7pbzfij/checkpoints/best-core2map.ckpt' as top 1
[rank: 2] Metric val_auc improved by 0.042 >= min_delta = 0.001. New best score: 0.873
[rank: 1] Metric val_auc improved by 0.042 >= min_delta = 0.001. New best score: 0.873
[rank: 0] Metric val_auc improved by 0.042 >= min_delta = 0.001. New best score: 0.873
[rank: 3] Metric val_auc improved by 0.042 >= min_delta = 0.001. New best score: 0.873
Epoch 3, global step 4840: 'val_auc' reached 0.87334 (best 0.87334), saving model to './pancast/b7pbzfij/checkpoints/best-core2map.ckpt' as top 1
Epoch 4, global step 6050: 'val_auc' was not in top 1
[rank: 1] Metric val_auc improved by 0.035 >= min_delta = 0.001. New best score: 0.908
[rank: 2] Metric val_auc improved by 0.035 >= min_delta = 0.001. New best score: 0.908
[rank: 0] Metric val_auc improved by 0.035 >= min_delta = 0.001. New best score: 0.908
[rank: 3] Metric val_auc improved by 0.035 >= min_delta = 0.001. New best score: 0.908
Epoch 5, global step 7260: 'val_auc' reached 0.90836 (best 0.90836), saving model to './pancast/b7pbzfij/checkpoints/best-core2map.ckpt' as top 1
[rank: 2] Metric val_auc improved by 0.015 >= min_delta = 0.001. New best score: 0.923
[rank: 1] Metric val_auc improved by 0.015 >= min_delta = 0.001. New best score: 0.923
[rank: 0] Metric val_auc improved by 0.015 >= min_delta = 0.001. New best score: 0.923
[rank: 3] Metric val_auc improved by 0.015 >= min_delta = 0.001. New best score: 0.923
Epoch 6, global step 8470: 'val_auc' reached 0.92311 (best 0.92311), saving model to './pancast/b7pbzfij/checkpoints/best-core2map.ckpt' as top 1
[rank: 3] Metric val_auc improved by 0.007 >= min_delta = 0.001. New best score: 0.930
[rank: 0] Metric val_auc improved by 0.007 >= min_delta = 0.001. New best score: 0.930
[rank: 2] Metric val_auc improved by 0.007 >= min_delta = 0.001. New best score: 0.930
[rank: 1] Metric val_auc improved by 0.007 >= min_delta = 0.001. New best score: 0.930
Epoch 7, global step 9680: 'val_auc' reached 0.93019 (best 0.93019), saving model to './pancast/b7pbzfij/checkpoints/best-core2map.ckpt' as top 1
[rank: 2] Metric val_auc improved by 0.012 >= min_delta = 0.001. New best score: 0.942
[rank: 0] Metric val_auc improved by 0.012 >= min_delta = 0.001. New best score: 0.942
[rank: 1] Metric val_auc improved by 0.012 >= min_delta = 0.001. New best score: 0.942
[rank: 3] Metric val_auc improved by 0.012 >= min_delta = 0.001. New best score: 0.942
Epoch 8, global step 10890: 'val_auc' reached 0.94233 (best 0.94233), saving model to './pancast/b7pbzfij/checkpoints/best-core2map.ckpt' as top 1
[rank: 3] Metric val_auc improved by 0.005 >= min_delta = 0.001. New best score: 0.947
[rank: 2] Metric val_auc improved by 0.005 >= min_delta = 0.001. New best score: 0.947
[rank: 0] Metric val_auc improved by 0.005 >= min_delta = 0.001. New best score: 0.947
[rank: 1] Metric val_auc improved by 0.005 >= min_delta = 0.001. New best score: 0.947
Epoch 9, global step 12100: 'val_auc' reached 0.94703 (best 0.94703), saving model to './pancast/b7pbzfij/checkpoints/best-core2map.ckpt' as top 1
[rank: 3] Metric val_auc improved by 0.003 >= min_delta = 0.001. New best score: 0.950
[rank: 1] Metric val_auc improved by 0.003 >= min_delta = 0.001. New best score: 0.950
[rank: 0] Metric val_auc improved by 0.003 >= min_delta = 0.001. New best score: 0.950
[rank: 2] Metric val_auc improved by 0.003 >= min_delta = 0.001. New best score: 0.950
Epoch 10, global step 13310: 'val_auc' reached 0.95015 (best 0.95015), saving model to './pancast/b7pbzfij/checkpoints/best-core2map.ckpt' as top 1
[rank: 1] Metric val_auc improved by 0.002 >= min_delta = 0.001. New best score: 0.952
[rank: 2] Metric val_auc improved by 0.002 >= min_delta = 0.001. New best score: 0.952
[rank: 0] Metric val_auc improved by 0.002 >= min_delta = 0.001. New best score: 0.952
[rank: 3] Metric val_auc improved by 0.002 >= min_delta = 0.001. New best score: 0.952
Epoch 11, global step 14520: 'val_auc' reached 0.95199 (best 0.95199), saving model to './pancast/b7pbzfij/checkpoints/best-core2map.ckpt' as top 1
Epoch 12, global step 15730: 'val_auc' was not in top 1
Epoch 13, global step 16940: 'val_auc' reached 0.95221 (best 0.95221), saving model to './pancast/b7pbzfij/checkpoints/best-core2map.ckpt' as top 1
Epoch 14, global step 18150: 'val_auc' reached 0.95251 (best 0.95251), saving model to './pancast/b7pbzfij/checkpoints/best-core2map.ckpt' as top 1
Epoch 15, global step 19360: 'val_auc' was not in top 1
Epoch 16, global step 20570: 'val_auc' was not in top 1
Epoch 17, global step 21780: 'val_auc' was not in top 1
Epoch 18, global step 22990: 'val_auc' was not in top 1
Epoch 19, global step 24200: 'val_auc' was not in top 1
Epoch 20, global step 25410: 'val_auc' was not in top 1
[rank: 1] Monitored metric val_auc did not improve in the last 10 records. Best score: 0.952. Signaling Trainer to stop.
[rank: 2] Monitored metric val_auc did not improve in the last 10 records. Best score: 0.952. Signaling Trainer to stop.
[rank: 0] Monitored metric val_auc did not improve in the last 10 records. Best score: 0.952. Signaling Trainer to stop.
[rank: 3] Monitored metric val_auc did not improve in the last 10 records. Best score: 0.952. Signaling Trainer to stop.
Epoch 21, global step 26620: 'val_auc' was not in top 1
