/home/users/mendrika/virtual-env/DeepLearning/bin/python: can't open file '/home/users/mendrika/EPS-Impact-Case-AI-Nowcasting/model/africa/pancast/training/iter-shard-10/iter-shard-full-ds-shelf.py': [Errno 2] No such file or directory
/home/users/mendrika/virtual-env/DeepLearning/bin/python: can't open file '/home/users/mendrika/EPS-Impact-Case-AI-Nowcasting/model/africa/pancast/training/iter-shard-10/iter-shard-full-ds-shelf.py': [Errno 2] No such file or directory
/home/users/mendrika/virtual-env/DeepLearning/bin/python: can't open file '/home/users/mendrika/EPS-Impact-Case-AI-Nowcasting/model/africa/pancast/training/iter-shard-10/iter-shard-full-ds-shelf.py': [Errno 2] No such file or directory
/home/users/mendrika/virtual-env/DeepLearning/bin/python: can't open file '/home/users/mendrika/EPS-Impact-Case-AI-Nowcasting/model/africa/pancast/training/iter-shard-10/iter-shard-full-ds-shelf.py': [Errno 2] No such file or directory
E0625 04:02:37.959000 41136 torch/distributed/elastic/multiprocessing/api.py:874] failed (exitcode: 2) local_rank: 0 (pid: 41146) of binary: /home/users/mendrika/virtual-env/DeepLearning/bin/python
Traceback (most recent call last):
  File "/home/users/mendrika/virtual-env/DeepLearning/bin/torchrun", line 8, in <module>
    sys.exit(main())
             ^^^^^^
  File "/home/users/mendrika/virtual-env/DeepLearning/lib/python3.12/site-packages/torch/distributed/elastic/multiprocessing/errors/__init__.py", line 355, in wrapper
    return f(*args, **kwargs)
           ^^^^^^^^^^^^^^^^^^
  File "/home/users/mendrika/virtual-env/DeepLearning/lib/python3.12/site-packages/torch/distributed/run.py", line 892, in main
    run(args)
  File "/home/users/mendrika/virtual-env/DeepLearning/lib/python3.12/site-packages/torch/distributed/run.py", line 883, in run
    elastic_launch(
  File "/home/users/mendrika/virtual-env/DeepLearning/lib/python3.12/site-packages/torch/distributed/launcher/api.py", line 139, in __call__
    return launch_agent(self._config, self._entrypoint, list(args))
           ^^^^^^^^^^^^^^^^^^^^^^^^^^^^^^^^^^^^^^^^^^^^^^^^^^^^^^^^
  File "/home/users/mendrika/virtual-env/DeepLearning/lib/python3.12/site-packages/torch/distributed/launcher/api.py", line 270, in launch_agent
    raise ChildFailedError(
torch.distributed.elastic.multiprocessing.errors.ChildFailedError: 
============================================================
/home/users/mendrika/EPS-Impact-Case-AI-Nowcasting/model/africa/pancast/training/iter-shard-10/iter-shard-full-ds-shelf.py FAILED
------------------------------------------------------------
Failures:
[1]:
  time      : 2025-06-25_04:02:37
  host      : gpuhost011.jc.rl.ac.uk
  rank      : 1 (local_rank: 1)
  exitcode  : 2 (pid: 41147)
  error_file: <N/A>
  traceback : To enable traceback see: https://pytorch.org/docs/stable/elastic/errors.html
[2]:
  time      : 2025-06-25_04:02:37
  host      : gpuhost011.jc.rl.ac.uk
  rank      : 2 (local_rank: 2)
  exitcode  : 2 (pid: 41148)
  error_file: <N/A>
  traceback : To enable traceback see: https://pytorch.org/docs/stable/elastic/errors.html
[3]:
  time      : 2025-06-25_04:02:37
  host      : gpuhost011.jc.rl.ac.uk
  rank      : 3 (local_rank: 3)
  exitcode  : 2 (pid: 41149)
  error_file: <N/A>
  traceback : To enable traceback see: https://pytorch.org/docs/stable/elastic/errors.html
------------------------------------------------------------
Root Cause (first observed failure):
[0]:
  time      : 2025-06-25_04:02:37
  host      : gpuhost011.jc.rl.ac.uk
  rank      : 0 (local_rank: 0)
  exitcode  : 2 (pid: 41146)
  error_file: <N/A>
  traceback : To enable traceback see: https://pytorch.org/docs/stable/elastic/errors.html
============================================================
