Using bfloat16 Automatic Mixed Precision (AMP)
GPU available: True (cuda), used: True
TPU available: False, using: 0 TPU cores
HPU available: False, using: 0 HPUs
Initializing distributed: GLOBAL_RANK: 0, MEMBER: 1/4
----------------------------------------------------------------------------------------------------
distributed_backend=nccl
All distributed processes registered. Starting with 4 processes
----------------------------------------------------------------------------------------------------

Initializing distributed: GLOBAL_RANK: 2, MEMBER: 3/4
Initializing distributed: GLOBAL_RANK: 3, MEMBER: 4/4
Initializing distributed: GLOBAL_RANK: 1, MEMBER: 2/4
wandb: Currently logged in as: mgrakotomanga (mgrakotomanga-university-of-leeds) to https://api.wandb.ai. Use `wandb login --relogin` to force relogin
wandb: Tracking run with wandb version 0.20.1
wandb: Run data is saved locally in ./wandb/run-20250625_063847-kutwqzim
wandb: Run `wandb offline` to turn off syncing.
wandb: Syncing run pancast-10km-self-nearest
wandb: ⭐️ View project at https://wandb.ai/mgrakotomanga-university-of-leeds/pancast-self
wandb: 🚀 View run at https://wandb.ai/mgrakotomanga-university-of-leeds/pancast-self/runs/kutwqzim
LOCAL_RANK: 0 - CUDA_VISIBLE_DEVICES: [0,1,2,3]
LOCAL_RANK: 3 - CUDA_VISIBLE_DEVICES: [0,1,2,3]
LOCAL_RANK: 1 - CUDA_VISIBLE_DEVICES: [0,1,2,3]
LOCAL_RANK: 2 - CUDA_VISIBLE_DEVICES: [0,1,2,3]

  | Name        | Type               | Params | Mode 
-----------------------------------------------------------
0 | in_proj     | Linear             | 1.3 K  | train
1 | transformer | TransformerEncoder | 793 K  | train
2 | set_pool    | AdaptiveAvgPool1d  | 0      | train
3 | map_proj    | Linear             | 4.2 M  | train
4 | decoder     | SimpleDecoder      | 5.3 M  | train
5 | criterion   | SelfFSSLoss        | 0      | train
6 | val_auc     | BinaryAUROC        | 0      | train
-----------------------------------------------------------
10.3 M    Trainable params
0         Non-trainable params
10.3 M    Total params
41.306    Total estimated model params size (MB)
87        Modules in train mode
0         Modules in eval mode
[rank: 3] Metric val_auc improved. New best score: 0.777
[rank: 1] Metric val_auc improved. New best score: 0.777
[rank: 2] Metric val_auc improved. New best score: 0.777
[rank: 0] Metric val_auc improved. New best score: 0.777
Epoch 0, global step 1210: 'val_auc' reached 0.77719 (best 0.77719), saving model to './pancast-self/kutwqzim/checkpoints/best-core2map.ckpt' as top 1
[rank: 1] Metric val_auc improved by 0.072 >= min_delta = 0.001. New best score: 0.849
[rank: 0] Metric val_auc improved by 0.072 >= min_delta = 0.001. New best score: 0.849
[rank: 3] Metric val_auc improved by 0.072 >= min_delta = 0.001. New best score: 0.849
[rank: 2] Metric val_auc improved by 0.072 >= min_delta = 0.001. New best score: 0.849
Epoch 1, global step 2420: 'val_auc' reached 0.84898 (best 0.84898), saving model to './pancast-self/kutwqzim/checkpoints/best-core2map.ckpt' as top 1
[rank: 0] Metric val_auc improved by 0.049 >= min_delta = 0.001. New best score: 0.898
[rank: 1] Metric val_auc improved by 0.049 >= min_delta = 0.001. New best score: 0.898
[rank: 2] Metric val_auc improved by 0.049 >= min_delta = 0.001. New best score: 0.898
[rank: 3] Metric val_auc improved by 0.049 >= min_delta = 0.001. New best score: 0.898
Epoch 2, global step 3630: 'val_auc' reached 0.89753 (best 0.89753), saving model to './pancast-self/kutwqzim/checkpoints/best-core2map.ckpt' as top 1
Epoch 3, global step 4840: 'val_auc' was not in top 1
[rank: 2] Metric val_auc improved by 0.025 >= min_delta = 0.001. New best score: 0.922
[rank: 1] Metric val_auc improved by 0.025 >= min_delta = 0.001. New best score: 0.922
[rank: 0] Metric val_auc improved by 0.025 >= min_delta = 0.001. New best score: 0.922
[rank: 3] Metric val_auc improved by 0.025 >= min_delta = 0.001. New best score: 0.922
Epoch 4, global step 6050: 'val_auc' reached 0.92233 (best 0.92233), saving model to './pancast-self/kutwqzim/checkpoints/best-core2map.ckpt' as top 1
[rank: 0] Metric val_auc improved by 0.007 >= min_delta = 0.001. New best score: 0.930
[rank: 2] Metric val_auc improved by 0.007 >= min_delta = 0.001. New best score: 0.930
[rank: 1] Metric val_auc improved by 0.007 >= min_delta = 0.001. New best score: 0.930
[rank: 3] Metric val_auc improved by 0.007 >= min_delta = 0.001. New best score: 0.930
Epoch 5, global step 7260: 'val_auc' reached 0.92970 (best 0.92970), saving model to './pancast-self/kutwqzim/checkpoints/best-core2map.ckpt' as top 1
[rank: 0] Metric val_auc improved by 0.007 >= min_delta = 0.001. New best score: 0.936
[rank: 2] Metric val_auc improved by 0.007 >= min_delta = 0.001. New best score: 0.936
[rank: 1] Metric val_auc improved by 0.007 >= min_delta = 0.001. New best score: 0.936
[rank: 3] Metric val_auc improved by 0.007 >= min_delta = 0.001. New best score: 0.936
Epoch 6, global step 8470: 'val_auc' reached 0.93623 (best 0.93623), saving model to './pancast-self/kutwqzim/checkpoints/best-core2map.ckpt' as top 1
[rank: 2] Metric val_auc improved by 0.001 >= min_delta = 0.001. New best score: 0.938
[rank: 1] Metric val_auc improved by 0.001 >= min_delta = 0.001. New best score: 0.938
[rank: 3] Metric val_auc improved by 0.001 >= min_delta = 0.001. New best score: 0.938
[rank: 0] Metric val_auc improved by 0.001 >= min_delta = 0.001. New best score: 0.938
Epoch 7, global step 9680: 'val_auc' reached 0.93771 (best 0.93771), saving model to './pancast-self/kutwqzim/checkpoints/best-core2map.ckpt' as top 1
[rank: 2] Metric val_auc improved by 0.005 >= min_delta = 0.001. New best score: 0.942
[rank: 3] Metric val_auc improved by 0.005 >= min_delta = 0.001. New best score: 0.942
[rank: 1] Metric val_auc improved by 0.005 >= min_delta = 0.001. New best score: 0.942
[rank: 0] Metric val_auc improved by 0.005 >= min_delta = 0.001. New best score: 0.942
Epoch 8, global step 10890: 'val_auc' reached 0.94229 (best 0.94229), saving model to './pancast-self/kutwqzim/checkpoints/best-core2map.ckpt' as top 1
Epoch 9, global step 12100: 'val_auc' reached 0.94262 (best 0.94262), saving model to './pancast-self/kutwqzim/checkpoints/best-core2map.ckpt' as top 1
`Trainer.fit` stopped: `max_epochs=10` reached.
