Traceback (most recent call last):
Traceback (most recent call last):
Traceback (most recent call last):
  File "/home/users/mendrika/EPS-Impact-Case-AI-Nowcasting/model/africa/pancast/training/t3/iter-shard-10/t3-iter-shard-full-ds-self.py", line 222, in <module>
  File "/home/users/mendrika/EPS-Impact-Case-AI-Nowcasting/model/africa/pancast/training/t3/iter-shard-10/t3-iter-shard-full-ds-self.py", line 222, in <module>
  File "/home/users/mendrika/EPS-Impact-Case-AI-Nowcasting/model/africa/pancast/training/t3/iter-shard-10/t3-iter-shard-full-ds-self.py", line 222, in <module>
Traceback (most recent call last):
  File "/home/users/mendrika/EPS-Impact-Case-AI-Nowcasting/model/africa/pancast/training/t3/iter-shard-10/t3-iter-shard-full-ds-self.py", line 222, in <module>
    main()
  File "/home/users/mendrika/EPS-Impact-Case-AI-Nowcasting/model/africa/pancast/training/t3/iter-shard-10/t3-iter-shard-full-ds-self.py", line 193, in main
    train_loader = make_loader("train", BATCH_SIZE)
                   ^^^^^^^^^^^^^^^^^^^^^^^^^^^^^^^^
  File "/home/users/mendrika/EPS-Impact-Case-AI-Nowcasting/model/africa/pancast/training/t3/iter-shard-10/t3-iter-shard-full-ds-self.py", line 182, in make_loader
    main()
  File "/home/users/mendrika/EPS-Impact-Case-AI-Nowcasting/model/africa/pancast/training/t3/iter-shard-10/t3-iter-shard-full-ds-self.py", line 193, in main
    train_loader = make_loader("train", BATCH_SIZE)
                   ^^^^^^^^^^^^^^^^^^^^^^^^^^^^^^^^
  File "/home/users/mendrika/EPS-Impact-Case-AI-Nowcasting/model/africa/pancast/training/t3/iter-shard-10/t3-iter-shard-full-ds-self.py", line 182, in make_loader
    ds = IterableShardDataset(shard_dir, split_by_rank=True)
         ^^^^^^^^^^^^^^^^^^^^^^^^^^^^^^^^^^^^^^^^^^^^^^^^^^^
  File "/home/users/mendrika/EPS-Impact-Case-AI-Nowcasting/model/africa/pancast/training/t3/iter-shard-10/t3-iter-shard-full-ds-self.py", line 65, in __init__
    all_files = sorted(f for f in os.listdir(shard_dir) if f.endswith("_proc.pt"))[:-1]
                                  ^^^^^^^^^^^^^^^^^^^^^
FileNotFoundError: [Errno 2] No such file or directory: '/work/scratch-nopw2/mrakotomanga/eps/pancast-shard-processed-ds/t1/train_512'
    ds = IterableShardDataset(shard_dir, split_by_rank=True)
         ^^^^^^^^^^^^^^^^^^^^^^^^^^^^^^^^^^^^^^^^^^^^^^^^^^^
  File "/home/users/mendrika/EPS-Impact-Case-AI-Nowcasting/model/africa/pancast/training/t3/iter-shard-10/t3-iter-shard-full-ds-self.py", line 65, in __init__
    all_files = sorted(f for f in os.listdir(shard_dir) if f.endswith("_proc.pt"))[:-1]
                                  ^^^^^^^^^^^^^^^^^^^^^
FileNotFoundError: [Errno 2] No such file or directory: '/work/scratch-nopw2/mrakotomanga/eps/pancast-shard-processed-ds/t1/train_512'
    main()
  File "/home/users/mendrika/EPS-Impact-Case-AI-Nowcasting/model/africa/pancast/training/t3/iter-shard-10/t3-iter-shard-full-ds-self.py", line 193, in main
    main()
  File "/home/users/mendrika/EPS-Impact-Case-AI-Nowcasting/model/africa/pancast/training/t3/iter-shard-10/t3-iter-shard-full-ds-self.py", line 193, in main
    train_loader = make_loader("train", BATCH_SIZE)
                   ^^^^^^^^^^^^^^^^^^^^^^^^^^^^^^^^
  File "/home/users/mendrika/EPS-Impact-Case-AI-Nowcasting/model/africa/pancast/training/t3/iter-shard-10/t3-iter-shard-full-ds-self.py", line 182, in make_loader
    train_loader = make_loader("train", BATCH_SIZE)
                   ^^^^^^^^^^^^^^^^^^^^^^^^^^^^^^^^
  File "/home/users/mendrika/EPS-Impact-Case-AI-Nowcasting/model/africa/pancast/training/t3/iter-shard-10/t3-iter-shard-full-ds-self.py", line 182, in make_loader
    ds = IterableShardDataset(shard_dir, split_by_rank=True)
         ^^^^^^^^^^^^^^^^^^^^^^^^^^^^^^^^^^^^^^^^^^^^^^^^^^^
  File "/home/users/mendrika/EPS-Impact-Case-AI-Nowcasting/model/africa/pancast/training/t3/iter-shard-10/t3-iter-shard-full-ds-self.py", line 65, in __init__
    ds = IterableShardDataset(shard_dir, split_by_rank=True)
         ^^^^^^^^^^^^^^^^^^^^^^^^^^^^^^^^^^^^^^^^^^^^^^^^^^^
  File "/home/users/mendrika/EPS-Impact-Case-AI-Nowcasting/model/africa/pancast/training/t3/iter-shard-10/t3-iter-shard-full-ds-self.py", line 65, in __init__
    all_files = sorted(f for f in os.listdir(shard_dir) if f.endswith("_proc.pt"))[:-1]
                                  ^^^^^^^^^^^^^^^^^^^^^
FileNotFoundError: [Errno 2] No such file or directory: '/work/scratch-nopw2/mrakotomanga/eps/pancast-shard-processed-ds/t1/train_512'
    all_files = sorted(f for f in os.listdir(shard_dir) if f.endswith("_proc.pt"))[:-1]
                                  ^^^^^^^^^^^^^^^^^^^^^
FileNotFoundError: [Errno 2] No such file or directory: '/work/scratch-nopw2/mrakotomanga/eps/pancast-shard-processed-ds/t1/train_512'
E0625 18:33:43.058000 19517 torch/distributed/elastic/multiprocessing/api.py:874] failed (exitcode: 1) local_rank: 0 (pid: 19537) of binary: /home/users/mendrika/virtual-env/DeepLearning/bin/python
Traceback (most recent call last):
  File "/home/users/mendrika/virtual-env/DeepLearning/bin/torchrun", line 8, in <module>
    sys.exit(main())
             ^^^^^^
  File "/home/users/mendrika/virtual-env/DeepLearning/lib/python3.12/site-packages/torch/distributed/elastic/multiprocessing/errors/__init__.py", line 355, in wrapper
    return f(*args, **kwargs)
           ^^^^^^^^^^^^^^^^^^
  File "/home/users/mendrika/virtual-env/DeepLearning/lib/python3.12/site-packages/torch/distributed/run.py", line 892, in main
    run(args)
  File "/home/users/mendrika/virtual-env/DeepLearning/lib/python3.12/site-packages/torch/distributed/run.py", line 883, in run
    elastic_launch(
  File "/home/users/mendrika/virtual-env/DeepLearning/lib/python3.12/site-packages/torch/distributed/launcher/api.py", line 139, in __call__
    return launch_agent(self._config, self._entrypoint, list(args))
           ^^^^^^^^^^^^^^^^^^^^^^^^^^^^^^^^^^^^^^^^^^^^^^^^^^^^^^^^
  File "/home/users/mendrika/virtual-env/DeepLearning/lib/python3.12/site-packages/torch/distributed/launcher/api.py", line 270, in launch_agent
    raise ChildFailedError(
torch.distributed.elastic.multiprocessing.errors.ChildFailedError: 
============================================================
/home/users/mendrika/EPS-Impact-Case-AI-Nowcasting/model/africa/pancast/training/t3/iter-shard-10/t3-iter-shard-full-ds-self.py FAILED
------------------------------------------------------------
Failures:
[1]:
  time      : 2025-06-25_18:33:43
  host      : gpuhost015.jc.rl.ac.uk
  rank      : 1 (local_rank: 1)
  exitcode  : 1 (pid: 19538)
  error_file: <N/A>
  traceback : To enable traceback see: https://pytorch.org/docs/stable/elastic/errors.html
[2]:
  time      : 2025-06-25_18:33:43
  host      : gpuhost015.jc.rl.ac.uk
  rank      : 2 (local_rank: 2)
  exitcode  : 1 (pid: 19539)
  error_file: <N/A>
  traceback : To enable traceback see: https://pytorch.org/docs/stable/elastic/errors.html
[3]:
  time      : 2025-06-25_18:33:43
  host      : gpuhost015.jc.rl.ac.uk
  rank      : 3 (local_rank: 3)
  exitcode  : 1 (pid: 19540)
  error_file: <N/A>
  traceback : To enable traceback see: https://pytorch.org/docs/stable/elastic/errors.html
------------------------------------------------------------
Root Cause (first observed failure):
[0]:
  time      : 2025-06-25_18:33:43
  host      : gpuhost015.jc.rl.ac.uk
  rank      : 0 (local_rank: 0)
  exitcode  : 1 (pid: 19537)
  error_file: <N/A>
  traceback : To enable traceback see: https://pytorch.org/docs/stable/elastic/errors.html
============================================================
