Using bfloat16 Automatic Mixed Precision (AMP)
GPU available: True (cuda), used: True
TPU available: False, using: 0 TPU cores
HPU available: False, using: 0 HPUs
Initializing distributed: GLOBAL_RANK: 0, MEMBER: 1/4
----------------------------------------------------------------------------------------------------
distributed_backend=nccl
All distributed processes registered. Starting with 4 processes
----------------------------------------------------------------------------------------------------

Initializing distributed: GLOBAL_RANK: 2, MEMBER: 3/4
Initializing distributed: GLOBAL_RANK: 1, MEMBER: 2/4
Initializing distributed: GLOBAL_RANK: 3, MEMBER: 4/4
wandb: Currently logged in as: mgrakotomanga (mgrakotomanga-university-of-leeds) to https://api.wandb.ai. Use `wandb login --relogin` to force relogin
wandb: Tracking run with wandb version 0.20.1
wandb: Run data is saved locally in ./wandb/run-20250625_215928-zwluy290
wandb: Run `wandb offline` to turn off syncing.
wandb: Syncing run pancast-10km-self-bilinear
wandb: ⭐️ View project at https://wandb.ai/mgrakotomanga-university-of-leeds/pancast-t3
wandb: 🚀 View run at https://wandb.ai/mgrakotomanga-university-of-leeds/pancast-t3/runs/zwluy290
LOCAL_RANK: 0 - CUDA_VISIBLE_DEVICES: [0,1,2,3]
LOCAL_RANK: 2 - CUDA_VISIBLE_DEVICES: [0,1,2,3]
LOCAL_RANK: 3 - CUDA_VISIBLE_DEVICES: [0,1,2,3]
LOCAL_RANK: 1 - CUDA_VISIBLE_DEVICES: [0,1,2,3]

  | Name        | Type               | Params | Mode 
-----------------------------------------------------------
0 | in_proj     | Linear             | 1.3 K  | train
1 | transformer | TransformerEncoder | 793 K  | train
2 | set_pool    | AdaptiveAvgPool1d  | 0      | train
3 | map_proj    | Linear             | 4.2 M  | train
4 | decoder     | SimpleDecoder      | 5.3 M  | train
5 | criterion   | SelfFSSLoss        | 0      | train
6 | val_auc     | BinaryAUROC        | 0      | train
-----------------------------------------------------------
10.3 M    Trainable params
0         Non-trainable params
10.3 M    Total params
41.306    Total estimated model params size (MB)
87        Modules in train mode
0         Modules in eval mode
[rank: 0] Metric val_auc improved. New best score: 0.781
[rank: 1] Metric val_auc improved. New best score: 0.781
[rank: 2] Metric val_auc improved. New best score: 0.781
[rank: 3] Metric val_auc improved. New best score: 0.781
Epoch 0, global step 1210: 'val_auc' reached 0.78145 (best 0.78145), saving model to './pancast-t3/zwluy290/checkpoints/best-core2map.ckpt' as top 1
[rank: 1] Metric val_auc improved by 0.101 >= min_delta = 0.001. New best score: 0.883
[rank: 3] Metric val_auc improved by 0.101 >= min_delta = 0.001. New best score: 0.883
[rank: 0] Metric val_auc improved by 0.101 >= min_delta = 0.001. New best score: 0.883
[rank: 2] Metric val_auc improved by 0.101 >= min_delta = 0.001. New best score: 0.883
Epoch 1, global step 2420: 'val_auc' reached 0.88251 (best 0.88251), saving model to './pancast-t3/zwluy290/checkpoints/best-core2map.ckpt' as top 1
[rank: 3] Metric val_auc improved by 0.010 >= min_delta = 0.001. New best score: 0.892
[rank: 1] Metric val_auc improved by 0.010 >= min_delta = 0.001. New best score: 0.892
[rank: 0] Metric val_auc improved by 0.010 >= min_delta = 0.001. New best score: 0.892
[rank: 2] Metric val_auc improved by 0.010 >= min_delta = 0.001. New best score: 0.892
Epoch 2, global step 3630: 'val_auc' reached 0.89227 (best 0.89227), saving model to './pancast-t3/zwluy290/checkpoints/best-core2map.ckpt' as top 1
[rank: 3] Metric val_auc improved by 0.024 >= min_delta = 0.001. New best score: 0.916
[rank: 0] Metric val_auc improved by 0.024 >= min_delta = 0.001. New best score: 0.916
[rank: 2] Metric val_auc improved by 0.024 >= min_delta = 0.001. New best score: 0.916
[rank: 1] Metric val_auc improved by 0.024 >= min_delta = 0.001. New best score: 0.916
Epoch 3, global step 4840: 'val_auc' reached 0.91583 (best 0.91583), saving model to './pancast-t3/zwluy290/checkpoints/best-core2map.ckpt' as top 1
[rank: 1] Metric val_auc improved by 0.011 >= min_delta = 0.001. New best score: 0.927
[rank: 0] Metric val_auc improved by 0.011 >= min_delta = 0.001. New best score: 0.927
[rank: 3] Metric val_auc improved by 0.011 >= min_delta = 0.001. New best score: 0.927
[rank: 2] Metric val_auc improved by 0.011 >= min_delta = 0.001. New best score: 0.927
Epoch 4, global step 6050: 'val_auc' reached 0.92689 (best 0.92689), saving model to './pancast-t3/zwluy290/checkpoints/best-core2map.ckpt' as top 1
[rank: 0] Metric val_auc improved by 0.008 >= min_delta = 0.001. New best score: 0.935
[rank: 3] Metric val_auc improved by 0.008 >= min_delta = 0.001. New best score: 0.935
[rank: 1] Metric val_auc improved by 0.008 >= min_delta = 0.001. New best score: 0.935
[rank: 2] Metric val_auc improved by 0.008 >= min_delta = 0.001. New best score: 0.935
Epoch 5, global step 7260: 'val_auc' reached 0.93517 (best 0.93517), saving model to './pancast-t3/zwluy290/checkpoints/best-core2map.ckpt' as top 1
[rank: 0] Metric val_auc improved by 0.003 >= min_delta = 0.001. New best score: 0.939
[rank: 1] Metric val_auc improved by 0.003 >= min_delta = 0.001. New best score: 0.939
[rank: 2] Metric val_auc improved by 0.003 >= min_delta = 0.001. New best score: 0.939
[rank: 3] Metric val_auc improved by 0.003 >= min_delta = 0.001. New best score: 0.939
Epoch 6, global step 8470: 'val_auc' reached 0.93860 (best 0.93860), saving model to './pancast-t3/zwluy290/checkpoints/best-core2map.ckpt' as top 1
[rank: 3] Metric val_auc improved by 0.005 >= min_delta = 0.001. New best score: 0.943
[rank: 1] Metric val_auc improved by 0.005 >= min_delta = 0.001. New best score: 0.943
[rank: 2] Metric val_auc improved by 0.005 >= min_delta = 0.001. New best score: 0.943
[rank: 0] Metric val_auc improved by 0.005 >= min_delta = 0.001. New best score: 0.943
Epoch 7, global step 9680: 'val_auc' reached 0.94334 (best 0.94334), saving model to './pancast-t3/zwluy290/checkpoints/best-core2map.ckpt' as top 1
[rank: 3] Metric val_auc improved by 0.004 >= min_delta = 0.001. New best score: 0.947
[rank: 0] Metric val_auc improved by 0.004 >= min_delta = 0.001. New best score: 0.947
[rank: 1] Metric val_auc improved by 0.004 >= min_delta = 0.001. New best score: 0.947
[rank: 2] Metric val_auc improved by 0.004 >= min_delta = 0.001. New best score: 0.947
Epoch 8, global step 10890: 'val_auc' reached 0.94685 (best 0.94685), saving model to './pancast-t3/zwluy290/checkpoints/best-core2map.ckpt' as top 1
[rank: 0] Metric val_auc improved by 0.002 >= min_delta = 0.001. New best score: 0.948
[rank: 3] Metric val_auc improved by 0.002 >= min_delta = 0.001. New best score: 0.948
[rank: 1] Metric val_auc improved by 0.002 >= min_delta = 0.001. New best score: 0.948
[rank: 2] Metric val_auc improved by 0.002 >= min_delta = 0.001. New best score: 0.948
Epoch 9, global step 12100: 'val_auc' reached 0.94841 (best 0.94841), saving model to './pancast-t3/zwluy290/checkpoints/best-core2map.ckpt' as top 1
Epoch 10, global step 13310: 'val_auc' was not in top 1
Epoch 11, global step 14520: 'val_auc' was not in top 1
Epoch 12, global step 15730: 'val_auc' was not in top 1
Epoch 13, global step 16940: 'val_auc' was not in top 1
[rank: 3] Monitored metric val_auc did not improve in the last 5 records. Best score: 0.948. Signaling Trainer to stop.
[rank: 1] Monitored metric val_auc did not improve in the last 5 records. Best score: 0.948. Signaling Trainer to stop.
[rank: 2] Monitored metric val_auc did not improve in the last 5 records. Best score: 0.948. Signaling Trainer to stop.
[rank: 0] Monitored metric val_auc did not improve in the last 5 records. Best score: 0.948. Signaling Trainer to stop.
Epoch 14, global step 18150: 'val_auc' was not in top 1
