Using bfloat16 Automatic Mixed Precision (AMP)
GPU available: True (cuda), used: True
TPU available: False, using: 0 TPU cores
HPU available: False, using: 0 HPUs
Initializing distributed: GLOBAL_RANK: 1, MEMBER: 2/4
Initializing distributed: GLOBAL_RANK: 2, MEMBER: 3/4
Initializing distributed: GLOBAL_RANK: 3, MEMBER: 4/4
Initializing distributed: GLOBAL_RANK: 0, MEMBER: 1/4
----------------------------------------------------------------------------------------------------
distributed_backend=nccl
All distributed processes registered. Starting with 4 processes
----------------------------------------------------------------------------------------------------

wandb: Currently logged in as: mgrakotomanga (mgrakotomanga-university-of-leeds) to https://api.wandb.ai. Use `wandb login --relogin` to force relogin
wandb: Tracking run with wandb version 0.20.1
wandb: Run data is saved locally in ./wandb/run-20250626_034057-mlxycc85
wandb: Run `wandb offline` to turn off syncing.
wandb: Syncing run pancast-10km-unet
wandb: ⭐️ View project at https://wandb.ai/mgrakotomanga-university-of-leeds/pancast-t1
wandb: 🚀 View run at https://wandb.ai/mgrakotomanga-university-of-leeds/pancast-t1/runs/mlxycc85
LOCAL_RANK: 0 - CUDA_VISIBLE_DEVICES: [0,1,2,3]
LOCAL_RANK: 1 - CUDA_VISIBLE_DEVICES: [0,1,2,3]
LOCAL_RANK: 3 - CUDA_VISIBLE_DEVICES: [0,1,2,3]
LOCAL_RANK: 2 - CUDA_VISIBLE_DEVICES: [0,1,2,3]

  | Name        | Type               | Params | Mode 
-----------------------------------------------------------
0 | in_proj     | Linear             | 1.3 K  | train
1 | transformer | TransformerEncoder | 793 K  | train
2 | set_pool    | AdaptiveAvgPool1d  | 0      | train
3 | map_proj    | Linear             | 4.2 M  | train
4 | decoder     | SimpleDecoder      | 13.3 M | train
5 | criterion   | SelfFSSLoss        | 0      | train
6 | val_auc     | BinaryAUROC        | 0      | train
-----------------------------------------------------------
18.3 M    Trainable params
0         Non-trainable params
18.3 M    Total params
73.161    Total estimated model params size (MB)
88        Modules in train mode
0         Modules in eval mode
Traceback (most recent call last):
  File "/home/users/mendrika/EPS-Impact-Case-AI-Nowcasting/model/africa/pancast/training/iter-shard-10/iter-shard-full-ds-self-transpose2d.py", line 258, in <module>
    main()
  File "/home/users/mendrika/EPS-Impact-Case-AI-Nowcasting/model/africa/pancast/training/iter-shard-10/iter-shard-full-ds-self-transpose2d.py", line 253, in main
    trainer.fit(model, train_loader, val_loader)
  File "/home/users/mendrika/virtual-env/DeepLearning/lib/python3.12/site-packages/pytorch_lightning/trainer/trainer.py", line 561, in fit
    call._call_and_handle_interrupt(
  File "/home/users/mendrika/virtual-env/DeepLearning/lib/python3.12/site-packages/pytorch_lightning/trainer/call.py", line 47, in _call_and_handle_interrupt
    return trainer.strategy.launcher.launch(trainer_fn, *args, trainer=trainer, **kwargs)
           ^^^^^^^^^^^^^^^^^^^^^^^^^^^^^^^^^^^^^^^^^^^^^^^^^^^^^^^^^^^^^^^^^^^^^^^^^^^^^^
  File "/home/users/mendrika/virtual-env/DeepLearning/lib/python3.12/site-packages/pytorch_lightning/strategies/launchers/subprocess_script.py", line 105, in launch
    return function(*args, **kwargs)
           ^^^^^^^^^^^^^^^^^^^^^^^^^
  File "/home/users/mendrika/virtual-env/DeepLearning/lib/python3.12/site-packages/pytorch_lightning/trainer/trainer.py", line 599, in _fit_impl
    self._run(model, ckpt_path=ckpt_path)
  File "/home/users/mendrika/virtual-env/DeepLearning/lib/python3.12/site-packages/pytorch_lightning/trainer/trainer.py", line 1012, in _run
    results = self._run_stage()
              ^^^^^^^^^^^^^^^^^
  File "/home/users/mendrika/virtual-env/DeepLearning/lib/python3.12/site-packages/pytorch_lightning/trainer/trainer.py", line 1054, in _run_stage
    self._run_sanity_check()
  File "/home/users/mendrika/virtual-env/DeepLearning/lib/python3.12/site-packages/pytorch_lightning/trainer/trainer.py", line 1083, in _run_sanity_check
    val_loop.run()
  File "/home/users/mendrika/virtual-env/DeepLearning/lib/python3.12/site-packages/pytorch_lightning/loops/utilities.py", line 179, in _decorator
    return loop_run(self, *args, **kwargs)
           ^^^^^^^^^^^^^^^^^^^^^^^^^^^^^^^
  File "/home/users/mendrika/virtual-env/DeepLearning/lib/python3.12/site-packages/pytorch_lightning/loops/evaluation_loop.py", line 145, in run
    self._evaluation_step(batch, batch_idx, dataloader_idx, dataloader_iter)
  File "/home/users/mendrika/virtual-env/DeepLearning/lib/python3.12/site-packages/pytorch_lightning/loops/evaluation_loop.py", line 437, in _evaluation_step
    output = call._call_strategy_hook(trainer, hook_name, *step_args)
             ^^^^^^^^^^^^^^^^^^^^^^^^^^^^^^^^^^^^^^^^^^^^^^^^^^^^^^^^
  File "/home/users/mendrika/virtual-env/DeepLearning/lib/python3.12/site-packages/pytorch_lightning/trainer/call.py", line 328, in _call_strategy_hook
    output = fn(*args, **kwargs)
             ^^^^^^^^^^^^^^^^^^^
  File "/home/users/mendrika/virtual-env/DeepLearning/lib/python3.12/site-packages/pytorch_lightning/strategies/strategy.py", line 411, in validation_step
    return self._forward_redirection(self.model, self.lightning_module, "validation_step", *args, **kwargs)
           ^^^^^^^^^^^^^^^^^^^^^^^^^^^^^^^^^^^^^^^^^^^^^^^^^^^^^^^^^^^^^^^^^^^^^^^^^^^^^^^^^^^^^^^^^^^^^^^^
  File "/home/users/mendrika/virtual-env/DeepLearning/lib/python3.12/site-packages/pytorch_lightning/strategies/strategy.py", line 641, in __call__
    wrapper_output = wrapper_module(*args, **kwargs)
                     ^^^^^^^^^^^^^^^^^^^^^^^^^^^^^^^
  File "/home/users/mendrika/virtual-env/DeepLearning/lib/python3.12/site-packages/torch/nn/modules/module.py", line 1751, in _wrapped_call_impl
    return self._call_impl(*args, **kwargs)
           ^^^^^^^^^^^^^^^^^^^^^^^^^^^^^^^^
  File "/home/users/mendrika/virtual-env/DeepLearning/lib/python3.12/site-packages/torch/nn/modules/module.py", line 1762, in _call_impl
    return forward_call(*args, **kwargs)
           ^^^^^^^^^^^^^^^^^^^^^^^^^^^^^
  File "/home/users/mendrika/virtual-env/DeepLearning/lib/python3.12/site-packages/torch/nn/parallel/distributed.py", line 1637, in forward
    else self._run_ddp_forward(*inputs, **kwargs)
         ^^^^^^^^^^^^^^^^^^^^^^^^^^^^^^^^^^^^^^^^
  File "/home/users/mendrika/virtual-env/DeepLearning/lib/python3.12/site-packages/torch/nn/parallel/distributed.py", line 1464, in _run_ddp_forward
    return self.module(*inputs, **kwargs)  # type: ignore[index]
           ^^^^^^^^^^^^^^^^^^^^^^^^^^^^^^
  File "/home/users/mendrika/virtual-env/DeepLearning/lib/python3.12/site-packages/torch/nn/modules/module.py", line 1751, in _wrapped_call_impl
    return self._call_impl(*args, **kwargs)
           ^^^^^^^^^^^^^^^^^^^^^^^^^^^^^^^^
  File "/home/users/mendrika/virtual-env/DeepLearning/lib/python3.12/site-packages/torch/nn/modules/module.py", line 1762, in _call_impl
    return forward_call(*args, **kwargs)
           ^^^^^^^^^^^^^^^^^^^^^^^^^^^^^
  File "/home/users/mendrika/virtual-env/DeepLearning/lib/python3.12/site-packages/pytorch_lightning/strategies/strategy.py", line 634, in wrapped_forward
    out = method(*_args, **_kwargs)
          ^^^^^^^^^^^^^^^^^^^^^^^^^
  File "/home/users/mendrika/EPS-Impact-Case-AI-Nowcasting/model/africa/pancast/training/iter-shard-10/iter-shard-full-ds-self-transpose2d.py", line 194, in validation_step
    preds = torch.sigmoid(self(x))
                          ^^^^^^^
  File "/home/users/mendrika/virtual-env/DeepLearning/lib/python3.12/site-packages/torch/nn/modules/module.py", line 1751, in _wrapped_call_impl
    return self._call_impl(*args, **kwargs)
           ^^^^^^^^^^^^^^^^^^^^^^^^^^^^^^^^
  File "/home/users/mendrika/virtual-env/DeepLearning/lib/python3.12/site-packages/torch/nn/modules/module.py", line 1762, in _call_impl
    return forward_call(*args, **kwargs)
           ^^^^^^^^^^^^^^^^^^^^^^^^^^^^^
  File "/home/users/mendrika/EPS-Impact-Case-AI-Nowcasting/model/africa/pancast/training/iter-shard-10/iter-shard-full-ds-self-transpose2d.py", line 183, in forward
    return self.decoder(x)
           ^^^^^^^^^^^^^^^
  File "/home/users/mendrika/virtual-env/DeepLearning/lib/python3.12/site-packages/torch/nn/modules/module.py", line 1751, in _wrapped_call_impl
    return self._call_impl(*args, **kwargs)
           ^^^^^^^^^^^^^^^^^^^^^^^^^^^^^^^^
  File "/home/users/mendrika/virtual-env/DeepLearning/lib/python3.12/site-packages/torch/nn/modules/module.py", line 1762, in _call_impl
    return forward_call(*args, **kwargs)
           ^^^^^^^^^^^^^^^^^^^^^^^^^^^^^
  File "/home/users/mendrika/EPS-Impact-Case-AI-Nowcasting/model/africa/pancast/training/iter-shard-10/iter-shard-full-ds-self-transpose2d.py", line 138, in forward
    s = F.avg_pool2d(s, kernel_size=2)
        ^^^^^^^^^^^^^^^^^^^^^^^^^^^^^^
RuntimeError: Given input size: (128x1x1). Calculated output size: (128x0x0). Output size is too small
[rank0]: Traceback (most recent call last):
[rank0]:   File "/home/users/mendrika/EPS-Impact-Case-AI-Nowcasting/model/africa/pancast/training/iter-shard-10/iter-shard-full-ds-self-transpose2d.py", line 258, in <module>
[rank0]:     main()
[rank0]:   File "/home/users/mendrika/EPS-Impact-Case-AI-Nowcasting/model/africa/pancast/training/iter-shard-10/iter-shard-full-ds-self-transpose2d.py", line 253, in main
[rank0]:     trainer.fit(model, train_loader, val_loader)
[rank0]:   File "/home/users/mendrika/virtual-env/DeepLearning/lib/python3.12/site-packages/pytorch_lightning/trainer/trainer.py", line 561, in fit
[rank0]:     call._call_and_handle_interrupt(
[rank0]:   File "/home/users/mendrika/virtual-env/DeepLearning/lib/python3.12/site-packages/pytorch_lightning/trainer/call.py", line 47, in _call_and_handle_interrupt
[rank0]:     return trainer.strategy.launcher.launch(trainer_fn, *args, trainer=trainer, **kwargs)
[rank0]:            ^^^^^^^^^^^^^^^^^^^^^^^^^^^^^^^^^^^^^^^^^^^^^^^^^^^^^^^^^^^^^^^^^^^^^^^^^^^^^^
[rank0]:   File "/home/users/mendrika/virtual-env/DeepLearning/lib/python3.12/site-packages/pytorch_lightning/strategies/launchers/subprocess_script.py", line 105, in launch
[rank0]:     return function(*args, **kwargs)
[rank0]:            ^^^^^^^^^^^^^^^^^^^^^^^^^
[rank0]:   File "/home/users/mendrika/virtual-env/DeepLearning/lib/python3.12/site-packages/pytorch_lightning/trainer/trainer.py", line 599, in _fit_impl
[rank0]:     self._run(model, ckpt_path=ckpt_path)
[rank0]:   File "/home/users/mendrika/virtual-env/DeepLearning/lib/python3.12/site-packages/pytorch_lightning/trainer/trainer.py", line 1012, in _run
[rank0]:     results = self._run_stage()
[rank0]:               ^^^^^^^^^^^^^^^^^
[rank0]:   File "/home/users/mendrika/virtual-env/DeepLearning/lib/python3.12/site-packages/pytorch_lightning/trainer/trainer.py", line 1054, in _run_stage
[rank0]:     self._run_sanity_check()
[rank0]:   File "/home/users/mendrika/virtual-env/DeepLearning/lib/python3.12/site-packages/pytorch_lightning/trainer/trainer.py", line 1083, in _run_sanity_check
[rank0]:     val_loop.run()
[rank0]:   File "/home/users/mendrika/virtual-env/DeepLearning/lib/python3.12/site-packages/pytorch_lightning/loops/utilities.py", line 179, in _decorator
[rank0]:     return loop_run(self, *args, **kwargs)
[rank0]:            ^^^^^^^^^^^^^^^^^^^^^^^^^^^^^^^
[rank0]:   File "/home/users/mendrika/virtual-env/DeepLearning/lib/python3.12/site-packages/pytorch_lightning/loops/evaluation_loop.py", line 145, in run
[rank0]:     self._evaluation_step(batch, batch_idx, dataloader_idx, dataloader_iter)
[rank0]:   File "/home/users/mendrika/virtual-env/DeepLearning/lib/python3.12/site-packages/pytorch_lightning/loops/evaluation_loop.py", line 437, in _evaluation_step
[rank0]:     output = call._call_strategy_hook(trainer, hook_name, *step_args)
[rank0]:              ^^^^^^^^^^^^^^^^^^^^^^^^^^^^^^^^^^^^^^^^^^^^^^^^^^^^^^^^
[rank0]:   File "/home/users/mendrika/virtual-env/DeepLearning/lib/python3.12/site-packages/pytorch_lightning/trainer/call.py", line 328, in _call_strategy_hook
[rank0]:     output = fn(*args, **kwargs)
[rank0]:              ^^^^^^^^^^^^^^^^^^^
[rank0]:   File "/home/users/mendrika/virtual-env/DeepLearning/lib/python3.12/site-packages/pytorch_lightning/strategies/strategy.py", line 411, in validation_step
[rank0]:     return self._forward_redirection(self.model, self.lightning_module, "validation_step", *args, **kwargs)
[rank0]:            ^^^^^^^^^^^^^^^^^^^^^^^^^^^^^^^^^^^^^^^^^^^^^^^^^^^^^^^^^^^^^^^^^^^^^^^^^^^^^^^^^^^^^^^^^^^^^^^^
[rank0]:   File "/home/users/mendrika/virtual-env/DeepLearning/lib/python3.12/site-packages/pytorch_lightning/strategies/strategy.py", line 641, in __call__
[rank0]:     wrapper_output = wrapper_module(*args, **kwargs)
[rank0]:                      ^^^^^^^^^^^^^^^^^^^^^^^^^^^^^^^
[rank0]:   File "/home/users/mendrika/virtual-env/DeepLearning/lib/python3.12/site-packages/torch/nn/modules/module.py", line 1751, in _wrapped_call_impl
[rank0]:     return self._call_impl(*args, **kwargs)
[rank0]:            ^^^^^^^^^^^^^^^^^^^^^^^^^^^^^^^^
[rank0]:   File "/home/users/mendrika/virtual-env/DeepLearning/lib/python3.12/site-packages/torch/nn/modules/module.py", line 1762, in _call_impl
[rank0]:     return forward_call(*args, **kwargs)
[rank0]:            ^^^^^^^^^^^^^^^^^^^^^^^^^^^^^
[rank0]:   File "/home/users/mendrika/virtual-env/DeepLearning/lib/python3.12/site-packages/torch/nn/parallel/distributed.py", line 1637, in forward
[rank0]:     else self._run_ddp_forward(*inputs, **kwargs)
[rank0]:          ^^^^^^^^^^^^^^^^^^^^^^^^^^^^^^^^^^^^^^^^
[rank0]:   File "/home/users/mendrika/virtual-env/DeepLearning/lib/python3.12/site-packages/torch/nn/parallel/distributed.py", line 1464, in _run_ddp_forward
[rank0]:     return self.module(*inputs, **kwargs)  # type: ignore[index]
[rank0]:            ^^^^^^^^^^^^^^^^^^^^^^^^^^^^^^
[rank0]:   File "/home/users/mendrika/virtual-env/DeepLearning/lib/python3.12/site-packages/torch/nn/modules/module.py", line 1751, in _wrapped_call_impl
[rank0]:     return self._call_impl(*args, **kwargs)
[rank0]:            ^^^^^^^^^^^^^^^^^^^^^^^^^^^^^^^^
[rank0]:   File "/home/users/mendrika/virtual-env/DeepLearning/lib/python3.12/site-packages/torch/nn/modules/module.py", line 1762, in _call_impl
[rank0]:     return forward_call(*args, **kwargs)
[rank0]:            ^^^^^^^^^^^^^^^^^^^^^^^^^^^^^
[rank0]:   File "/home/users/mendrika/virtual-env/DeepLearning/lib/python3.12/site-packages/pytorch_lightning/strategies/strategy.py", line 634, in wrapped_forward
[rank0]:     out = method(*_args, **_kwargs)
[rank0]:           ^^^^^^^^^^^^^^^^^^^^^^^^^
[rank0]:   File "/home/users/mendrika/EPS-Impact-Case-AI-Nowcasting/model/africa/pancast/training/iter-shard-10/iter-shard-full-ds-self-transpose2d.py", line 194, in validation_step
[rank0]:     preds = torch.sigmoid(self(x))
[rank0]:                           ^^^^^^^
[rank0]:   File "/home/users/mendrika/virtual-env/DeepLearning/lib/python3.12/site-packages/torch/nn/modules/module.py", line 1751, in _wrapped_call_impl
[rank0]:     return self._call_impl(*args, **kwargs)
[rank0]:            ^^^^^^^^^^^^^^^^^^^^^^^^^^^^^^^^
[rank0]:   File "/home/users/mendrika/virtual-env/DeepLearning/lib/python3.12/site-packages/torch/nn/modules/module.py", line 1762, in _call_impl
[rank0]:     return forward_call(*args, **kwargs)
[rank0]:            ^^^^^^^^^^^^^^^^^^^^^^^^^^^^^
[rank0]:   File "/home/users/mendrika/EPS-Impact-Case-AI-Nowcasting/model/africa/pancast/training/iter-shard-10/iter-shard-full-ds-self-transpose2d.py", line 183, in forward
[rank0]:     return self.decoder(x)
[rank0]:            ^^^^^^^^^^^^^^^
[rank0]:   File "/home/users/mendrika/virtual-env/DeepLearning/lib/python3.12/site-packages/torch/nn/modules/module.py", line 1751, in _wrapped_call_impl
[rank0]:     return self._call_impl(*args, **kwargs)
[rank0]:            ^^^^^^^^^^^^^^^^^^^^^^^^^^^^^^^^
[rank0]:   File "/home/users/mendrika/virtual-env/DeepLearning/lib/python3.12/site-packages/torch/nn/modules/module.py", line 1762, in _call_impl
[rank0]:     return forward_call(*args, **kwargs)
[rank0]:            ^^^^^^^^^^^^^^^^^^^^^^^^^^^^^
[rank0]:   File "/home/users/mendrika/EPS-Impact-Case-AI-Nowcasting/model/africa/pancast/training/iter-shard-10/iter-shard-full-ds-self-transpose2d.py", line 138, in forward
[rank0]:     s = F.avg_pool2d(s, kernel_size=2)
[rank0]:         ^^^^^^^^^^^^^^^^^^^^^^^^^^^^^^
[rank0]: RuntimeError: Given input size: (128x1x1). Calculated output size: (128x0x0). Output size is too small
[rank1]: Traceback (most recent call last):
[rank1]:   File "/home/users/mendrika/EPS-Impact-Case-AI-Nowcasting/model/africa/pancast/training/iter-shard-10/iter-shard-full-ds-self-transpose2d.py", line 258, in <module>
[rank1]:     main()
[rank1]:   File "/home/users/mendrika/EPS-Impact-Case-AI-Nowcasting/model/africa/pancast/training/iter-shard-10/iter-shard-full-ds-self-transpose2d.py", line 253, in main
[rank1]:     trainer.fit(model, train_loader, val_loader)
[rank1]:   File "/home/users/mendrika/virtual-env/DeepLearning/lib/python3.12/site-packages/pytorch_lightning/trainer/trainer.py", line 561, in fit
[rank1]:     call._call_and_handle_interrupt(
[rank1]:   File "/home/users/mendrika/virtual-env/DeepLearning/lib/python3.12/site-packages/pytorch_lightning/trainer/call.py", line 47, in _call_and_handle_interrupt
[rank1]:     return trainer.strategy.launcher.launch(trainer_fn, *args, trainer=trainer, **kwargs)
[rank1]:            ^^^^^^^^^^^^^^^^^^^^^^^^^^^^^^^^^^^^^^^^^^^^^^^^^^^^^^^^^^^^^^^^^^^^^^^^^^^^^^
[rank1]:   File "/home/users/mendrika/virtual-env/DeepLearning/lib/python3.12/site-packages/pytorch_lightning/strategies/launchers/subprocess_script.py", line 105, in launch
[rank1]:     return function(*args, **kwargs)
[rank1]:            ^^^^^^^^^^^^^^^^^^^^^^^^^
[rank1]:   File "/home/users/mendrika/virtual-env/DeepLearning/lib/python3.12/site-packages/pytorch_lightning/trainer/trainer.py", line 599, in _fit_impl
[rank1]:     self._run(model, ckpt_path=ckpt_path)
[rank1]:   File "/home/users/mendrika/virtual-env/DeepLearning/lib/python3.12/site-packages/pytorch_lightning/trainer/trainer.py", line 1012, in _run
[rank1]:     results = self._run_stage()
[rank1]:               ^^^^^^^^^^^^^^^^^
[rank1]:   File "/home/users/mendrika/virtual-env/DeepLearning/lib/python3.12/site-packages/pytorch_lightning/trainer/trainer.py", line 1054, in _run_stage
[rank1]:     self._run_sanity_check()
[rank1]:   File "/home/users/mendrika/virtual-env/DeepLearning/lib/python3.12/site-packages/pytorch_lightning/trainer/trainer.py", line 1083, in _run_sanity_check
[rank1]:     val_loop.run()
[rank1]:   File "/home/users/mendrika/virtual-env/DeepLearning/lib/python3.12/site-packages/pytorch_lightning/loops/utilities.py", line 179, in _decorator
[rank1]:     return loop_run(self, *args, **kwargs)
[rank1]:            ^^^^^^^^^^^^^^^^^^^^^^^^^^^^^^^
[rank1]:   File "/home/users/mendrika/virtual-env/DeepLearning/lib/python3.12/site-packages/pytorch_lightning/loops/evaluation_loop.py", line 145, in run
[rank1]:     self._evaluation_step(batch, batch_idx, dataloader_idx, dataloader_iter)
[rank1]:   File "/home/users/mendrika/virtual-env/DeepLearning/lib/python3.12/site-packages/pytorch_lightning/loops/evaluation_loop.py", line 437, in _evaluation_step
[rank1]:     output = call._call_strategy_hook(trainer, hook_name, *step_args)
[rank1]:              ^^^^^^^^^^^^^^^^^^^^^^^^^^^^^^^^^^^^^^^^^^^^^^^^^^^^^^^^
[rank1]:   File "/home/users/mendrika/virtual-env/DeepLearning/lib/python3.12/site-packages/pytorch_lightning/trainer/call.py", line 328, in _call_strategy_hook
[rank1]:     output = fn(*args, **kwargs)
[rank1]:              ^^^^^^^^^^^^^^^^^^^
[rank1]:   File "/home/users/mendrika/virtual-env/DeepLearning/lib/python3.12/site-packages/pytorch_lightning/strategies/strategy.py", line 411, in validation_step
[rank1]:     return self._forward_redirection(self.model, self.lightning_module, "validation_step", *args, **kwargs)
[rank1]:            ^^^^^^^^^^^^^^^^^^^^^^^^^^^^^^^^^^^^^^^^^^^^^^^^^^^^^^^^^^^^^^^^^^^^^^^^^^^^^^^^^^^^^^^^^^^^^^^^
[rank1]:   File "/home/users/mendrika/virtual-env/DeepLearning/lib/python3.12/site-packages/pytorch_lightning/strategies/strategy.py", line 641, in __call__
[rank1]:     wrapper_output = wrapper_module(*args, **kwargs)
[rank1]:                      ^^^^^^^^^^^^^^^^^^^^^^^^^^^^^^^
[rank1]:   File "/home/users/mendrika/virtual-env/DeepLearning/lib/python3.12/site-packages/torch/nn/modules/module.py", line 1751, in _wrapped_call_impl
[rank1]:     return self._call_impl(*args, **kwargs)
[rank1]:            ^^^^^^^^^^^^^^^^^^^^^^^^^^^^^^^^
[rank1]:   File "/home/users/mendrika/virtual-env/DeepLearning/lib/python3.12/site-packages/torch/nn/modules/module.py", line 1762, in _call_impl
[rank1]:     return forward_call(*args, **kwargs)
[rank1]:            ^^^^^^^^^^^^^^^^^^^^^^^^^^^^^
[rank1]:   File "/home/users/mendrika/virtual-env/DeepLearning/lib/python3.12/site-packages/torch/nn/parallel/distributed.py", line 1637, in forward
[rank1]:     else self._run_ddp_forward(*inputs, **kwargs)
[rank1]:          ^^^^^^^^^^^^^^^^^^^^^^^^^^^^^^^^^^^^^^^^
[rank1]:   File "/home/users/mendrika/virtual-env/DeepLearning/lib/python3.12/site-packages/torch/nn/parallel/distributed.py", line 1464, in _run_ddp_forward
[rank1]:     return self.module(*inputs, **kwargs)  # type: ignore[index]
[rank1]:            ^^^^^^^^^^^^^^^^^^^^^^^^^^^^^^
[rank1]:   File "/home/users/mendrika/virtual-env/DeepLearning/lib/python3.12/site-packages/torch/nn/modules/module.py", line 1751, in _wrapped_call_impl
[rank1]:     return self._call_impl(*args, **kwargs)
[rank1]:            ^^^^^^^^^^^^^^^^^^^^^^^^^^^^^^^^
[rank1]:   File "/home/users/mendrika/virtual-env/DeepLearning/lib/python3.12/site-packages/torch/nn/modules/module.py", line 1762, in _call_impl
[rank1]:     return forward_call(*args, **kwargs)
[rank1]:            ^^^^^^^^^^^^^^^^^^^^^^^^^^^^^
[rank1]:   File "/home/users/mendrika/virtual-env/DeepLearning/lib/python3.12/site-packages/pytorch_lightning/strategies/strategy.py", line 634, in wrapped_forward
[rank1]:     out = method(*_args, **_kwargs)
[rank1]:           ^^^^^^^^^^^^^^^^^^^^^^^^^
[rank1]:   File "/home/users/mendrika/EPS-Impact-Case-AI-Nowcasting/model/africa/pancast/training/iter-shard-10/iter-shard-full-ds-self-transpose2d.py", line 194, in validation_step
[rank1]:     preds = torch.sigmoid(self(x))
[rank1]:                           ^^^^^^^
[rank1]:   File "/home/users/mendrika/virtual-env/DeepLearning/lib/python3.12/site-packages/torch/nn/modules/module.py", line 1751, in _wrapped_call_impl
[rank1]:     return self._call_impl(*args, **kwargs)
[rank1]:            ^^^^^^^^^^^^^^^^^^^^^^^^^^^^^^^^
[rank1]:   File "/home/users/mendrika/virtual-env/DeepLearning/lib/python3.12/site-packages/torch/nn/modules/module.py", line 1762, in _call_impl
[rank1]:     return forward_call(*args, **kwargs)
[rank1]:            ^^^^^^^^^^^^^^^^^^^^^^^^^^^^^
[rank1]:   File "/home/users/mendrika/EPS-Impact-Case-AI-Nowcasting/model/africa/pancast/training/iter-shard-10/iter-shard-full-ds-self-transpose2d.py", line 183, in forward
[rank1]:     return self.decoder(x)
[rank1]:            ^^^^^^^^^^^^^^^
[rank1]:   File "/home/users/mendrika/virtual-env/DeepLearning/lib/python3.12/site-packages/torch/nn/modules/module.py", line 1751, in _wrapped_call_impl
[rank1]:     return self._call_impl(*args, **kwargs)
[rank1]:            ^^^^^^^^^^^^^^^^^^^^^^^^^^^^^^^^
[rank1]:   File "/home/users/mendrika/virtual-env/DeepLearning/lib/python3.12/site-packages/torch/nn/modules/module.py", line 1762, in _call_impl
[rank1]:     return forward_call(*args, **kwargs)
[rank1]:            ^^^^^^^^^^^^^^^^^^^^^^^^^^^^^
[rank1]:   File "/home/users/mendrika/EPS-Impact-Case-AI-Nowcasting/model/africa/pancast/training/iter-shard-10/iter-shard-full-ds-self-transpose2d.py", line 138, in forward
[rank1]:     s = F.avg_pool2d(s, kernel_size=2)
[rank1]:         ^^^^^^^^^^^^^^^^^^^^^^^^^^^^^^
[rank1]: RuntimeError: Given input size: (128x1x1). Calculated output size: (128x0x0). Output size is too small
[rank2]: Traceback (most recent call last):
[rank2]:   File "/home/users/mendrika/EPS-Impact-Case-AI-Nowcasting/model/africa/pancast/training/iter-shard-10/iter-shard-full-ds-self-transpose2d.py", line 258, in <module>
[rank2]:     main()
[rank2]:   File "/home/users/mendrika/EPS-Impact-Case-AI-Nowcasting/model/africa/pancast/training/iter-shard-10/iter-shard-full-ds-self-transpose2d.py", line 253, in main
[rank2]:     trainer.fit(model, train_loader, val_loader)
[rank2]:   File "/home/users/mendrika/virtual-env/DeepLearning/lib/python3.12/site-packages/pytorch_lightning/trainer/trainer.py", line 561, in fit
[rank2]:     call._call_and_handle_interrupt(
[rank2]:   File "/home/users/mendrika/virtual-env/DeepLearning/lib/python3.12/site-packages/pytorch_lightning/trainer/call.py", line 47, in _call_and_handle_interrupt
[rank2]:     return trainer.strategy.launcher.launch(trainer_fn, *args, trainer=trainer, **kwargs)
[rank2]:            ^^^^^^^^^^^^^^^^^^^^^^^^^^^^^^^^^^^^^^^^^^^^^^^^^^^^^^^^^^^^^^^^^^^^^^^^^^^^^^
[rank2]:   File "/home/users/mendrika/virtual-env/DeepLearning/lib/python3.12/site-packages/pytorch_lightning/strategies/launchers/subprocess_script.py", line 105, in launch
[rank2]:     return function(*args, **kwargs)
[rank2]:            ^^^^^^^^^^^^^^^^^^^^^^^^^
[rank2]:   File "/home/users/mendrika/virtual-env/DeepLearning/lib/python3.12/site-packages/pytorch_lightning/trainer/trainer.py", line 599, in _fit_impl
[rank2]:     self._run(model, ckpt_path=ckpt_path)
[rank2]:   File "/home/users/mendrika/virtual-env/DeepLearning/lib/python3.12/site-packages/pytorch_lightning/trainer/trainer.py", line 1012, in _run
[rank2]:     results = self._run_stage()
[rank2]:               ^^^^^^^^^^^^^^^^^
[rank2]:   File "/home/users/mendrika/virtual-env/DeepLearning/lib/python3.12/site-packages/pytorch_lightning/trainer/trainer.py", line 1054, in _run_stage
[rank2]:     self._run_sanity_check()
[rank2]:   File "/home/users/mendrika/virtual-env/DeepLearning/lib/python3.12/site-packages/pytorch_lightning/trainer/trainer.py", line 1083, in _run_sanity_check
[rank2]:     val_loop.run()
[rank2]:   File "/home/users/mendrika/virtual-env/DeepLearning/lib/python3.12/site-packages/pytorch_lightning/loops/utilities.py", line 179, in _decorator
[rank2]:     return loop_run(self, *args, **kwargs)
[rank2]:            ^^^^^^^^^^^^^^^^^^^^^^^^^^^^^^^
[rank2]:   File "/home/users/mendrika/virtual-env/DeepLearning/lib/python3.12/site-packages/pytorch_lightning/loops/evaluation_loop.py", line 145, in run
[rank2]:     self._evaluation_step(batch, batch_idx, dataloader_idx, dataloader_iter)
[rank2]:   File "/home/users/mendrika/virtual-env/DeepLearning/lib/python3.12/site-packages/pytorch_lightning/loops/evaluation_loop.py", line 437, in _evaluation_step
[rank2]:     output = call._call_strategy_hook(trainer, hook_name, *step_args)
[rank2]:              ^^^^^^^^^^^^^^^^^^^^^^^^^^^^^^^^^^^^^^^^^^^^^^^^^^^^^^^^
[rank2]:   File "/home/users/mendrika/virtual-env/DeepLearning/lib/python3.12/site-packages/pytorch_lightning/trainer/call.py", line 328, in _call_strategy_hook
[rank2]:     output = fn(*args, **kwargs)
[rank2]:              ^^^^^^^^^^^^^^^^^^^
[rank2]:   File "/home/users/mendrika/virtual-env/DeepLearning/lib/python3.12/site-packages/pytorch_lightning/strategies/strategy.py", line 411, in validation_step
[rank2]:     return self._forward_redirection(self.model, self.lightning_module, "validation_step", *args, **kwargs)
[rank2]:            ^^^^^^^^^^^^^^^^^^^^^^^^^^^^^^^^^^^^^^^^^^^^^^^^^^^^^^^^^^^^^^^^^^^^^^^^^^^^^^^^^^^^^^^^^^^^^^^^
[rank2]:   File "/home/users/mendrika/virtual-env/DeepLearning/lib/python3.12/site-packages/pytorch_lightning/strategies/strategy.py", line 641, in __call__
[rank2]:     wrapper_output = wrapper_module(*args, **kwargs)
[rank2]:                      ^^^^^^^^^^^^^^^^^^^^^^^^^^^^^^^
[rank2]:   File "/home/users/mendrika/virtual-env/DeepLearning/lib/python3.12/site-packages/torch/nn/modules/module.py", line 1751, in _wrapped_call_impl
[rank2]:     return self._call_impl(*args, **kwargs)
[rank2]:            ^^^^^^^^^^^^^^^^^^^^^^^^^^^^^^^^
[rank2]:   File "/home/users/mendrika/virtual-env/DeepLearning/lib/python3.12/site-packages/torch/nn/modules/module.py", line 1762, in _call_impl
[rank2]:     return forward_call(*args, **kwargs)
[rank2]:            ^^^^^^^^^^^^^^^^^^^^^^^^^^^^^
[rank2]:   File "/home/users/mendrika/virtual-env/DeepLearning/lib/python3.12/site-packages/torch/nn/parallel/distributed.py", line 1637, in forward
[rank2]:     else self._run_ddp_forward(*inputs, **kwargs)
[rank2]:          ^^^^^^^^^^^^^^^^^^^^^^^^^^^^^^^^^^^^^^^^
[rank2]:   File "/home/users/mendrika/virtual-env/DeepLearning/lib/python3.12/site-packages/torch/nn/parallel/distributed.py", line 1464, in _run_ddp_forward
[rank2]:     return self.module(*inputs, **kwargs)  # type: ignore[index]
[rank2]:            ^^^^^^^^^^^^^^^^^^^^^^^^^^^^^^
[rank2]:   File "/home/users/mendrika/virtual-env/DeepLearning/lib/python3.12/site-packages/torch/nn/modules/module.py", line 1751, in _wrapped_call_impl
[rank2]:     return self._call_impl(*args, **kwargs)
[rank2]:            ^^^^^^^^^^^^^^^^^^^^^^^^^^^^^^^^
[rank2]:   File "/home/users/mendrika/virtual-env/DeepLearning/lib/python3.12/site-packages/torch/nn/modules/module.py", line 1762, in _call_impl
[rank2]:     return forward_call(*args, **kwargs)
[rank2]:            ^^^^^^^^^^^^^^^^^^^^^^^^^^^^^
[rank2]:   File "/home/users/mendrika/virtual-env/DeepLearning/lib/python3.12/site-packages/pytorch_lightning/strategies/strategy.py", line 634, in wrapped_forward
[rank2]:     out = method(*_args, **_kwargs)
[rank2]:           ^^^^^^^^^^^^^^^^^^^^^^^^^
[rank2]:   File "/home/users/mendrika/EPS-Impact-Case-AI-Nowcasting/model/africa/pancast/training/iter-shard-10/iter-shard-full-ds-self-transpose2d.py", line 194, in validation_step
[rank2]:     preds = torch.sigmoid(self(x))
[rank2]:                           ^^^^^^^
[rank2]:   File "/home/users/mendrika/virtual-env/DeepLearning/lib/python3.12/site-packages/torch/nn/modules/module.py", line 1751, in _wrapped_call_impl
[rank2]:     return self._call_impl(*args, **kwargs)
[rank2]:            ^^^^^^^^^^^^^^^^^^^^^^^^^^^^^^^^
[rank2]:   File "/home/users/mendrika/virtual-env/DeepLearning/lib/python3.12/site-packages/torch/nn/modules/module.py", line 1762, in _call_impl
[rank2]:     return forward_call(*args, **kwargs)
[rank2]:            ^^^^^^^^^^^^^^^^^^^^^^^^^^^^^
[rank2]:   File "/home/users/mendrika/EPS-Impact-Case-AI-Nowcasting/model/africa/pancast/training/iter-shard-10/iter-shard-full-ds-self-transpose2d.py", line 183, in forward
[rank2]:     return self.decoder(x)
[rank2]:            ^^^^^^^^^^^^^^^
[rank2]:   File "/home/users/mendrika/virtual-env/DeepLearning/lib/python3.12/site-packages/torch/nn/modules/module.py", line 1751, in _wrapped_call_impl
[rank2]:     return self._call_impl(*args, **kwargs)
[rank2]:            ^^^^^^^^^^^^^^^^^^^^^^^^^^^^^^^^
[rank2]:   File "/home/users/mendrika/virtual-env/DeepLearning/lib/python3.12/site-packages/torch/nn/modules/module.py", line 1762, in _call_impl
[rank2]:     return forward_call(*args, **kwargs)
[rank2]:            ^^^^^^^^^^^^^^^^^^^^^^^^^^^^^
[rank2]:   File "/home/users/mendrika/EPS-Impact-Case-AI-Nowcasting/model/africa/pancast/training/iter-shard-10/iter-shard-full-ds-self-transpose2d.py", line 138, in forward
[rank2]:     s = F.avg_pool2d(s, kernel_size=2)
[rank2]:         ^^^^^^^^^^^^^^^^^^^^^^^^^^^^^^
[rank2]: RuntimeError: Given input size: (128x1x1). Calculated output size: (128x0x0). Output size is too small
[rank3]: Traceback (most recent call last):
[rank3]:   File "/home/users/mendrika/EPS-Impact-Case-AI-Nowcasting/model/africa/pancast/training/iter-shard-10/iter-shard-full-ds-self-transpose2d.py", line 258, in <module>
[rank3]:     main()
[rank3]:   File "/home/users/mendrika/EPS-Impact-Case-AI-Nowcasting/model/africa/pancast/training/iter-shard-10/iter-shard-full-ds-self-transpose2d.py", line 253, in main
[rank3]:     trainer.fit(model, train_loader, val_loader)
[rank3]:   File "/home/users/mendrika/virtual-env/DeepLearning/lib/python3.12/site-packages/pytorch_lightning/trainer/trainer.py", line 561, in fit
[rank3]:     call._call_and_handle_interrupt(
[rank3]:   File "/home/users/mendrika/virtual-env/DeepLearning/lib/python3.12/site-packages/pytorch_lightning/trainer/call.py", line 47, in _call_and_handle_interrupt
[rank3]:     return trainer.strategy.launcher.launch(trainer_fn, *args, trainer=trainer, **kwargs)
[rank3]:            ^^^^^^^^^^^^^^^^^^^^^^^^^^^^^^^^^^^^^^^^^^^^^^^^^^^^^^^^^^^^^^^^^^^^^^^^^^^^^^
[rank3]:   File "/home/users/mendrika/virtual-env/DeepLearning/lib/python3.12/site-packages/pytorch_lightning/strategies/launchers/subprocess_script.py", line 105, in launch
[rank3]:     return function(*args, **kwargs)
[rank3]:            ^^^^^^^^^^^^^^^^^^^^^^^^^
[rank3]:   File "/home/users/mendrika/virtual-env/DeepLearning/lib/python3.12/site-packages/pytorch_lightning/trainer/trainer.py", line 599, in _fit_impl
[rank3]:     self._run(model, ckpt_path=ckpt_path)
[rank3]:   File "/home/users/mendrika/virtual-env/DeepLearning/lib/python3.12/site-packages/pytorch_lightning/trainer/trainer.py", line 1012, in _run
[rank3]:     results = self._run_stage()
[rank3]:               ^^^^^^^^^^^^^^^^^
[rank3]:   File "/home/users/mendrika/virtual-env/DeepLearning/lib/python3.12/site-packages/pytorch_lightning/trainer/trainer.py", line 1054, in _run_stage
[rank3]:     self._run_sanity_check()
[rank3]:   File "/home/users/mendrika/virtual-env/DeepLearning/lib/python3.12/site-packages/pytorch_lightning/trainer/trainer.py", line 1083, in _run_sanity_check
[rank3]:     val_loop.run()
[rank3]:   File "/home/users/mendrika/virtual-env/DeepLearning/lib/python3.12/site-packages/pytorch_lightning/loops/utilities.py", line 179, in _decorator
[rank3]:     return loop_run(self, *args, **kwargs)
[rank3]:            ^^^^^^^^^^^^^^^^^^^^^^^^^^^^^^^
[rank3]:   File "/home/users/mendrika/virtual-env/DeepLearning/lib/python3.12/site-packages/pytorch_lightning/loops/evaluation_loop.py", line 145, in run
[rank3]:     self._evaluation_step(batch, batch_idx, dataloader_idx, dataloader_iter)
[rank3]:   File "/home/users/mendrika/virtual-env/DeepLearning/lib/python3.12/site-packages/pytorch_lightning/loops/evaluation_loop.py", line 437, in _evaluation_step
[rank3]:     output = call._call_strategy_hook(trainer, hook_name, *step_args)
[rank3]:              ^^^^^^^^^^^^^^^^^^^^^^^^^^^^^^^^^^^^^^^^^^^^^^^^^^^^^^^^
[rank3]:   File "/home/users/mendrika/virtual-env/DeepLearning/lib/python3.12/site-packages/pytorch_lightning/trainer/call.py", line 328, in _call_strategy_hook
[rank3]:     output = fn(*args, **kwargs)
[rank3]:              ^^^^^^^^^^^^^^^^^^^
[rank3]:   File "/home/users/mendrika/virtual-env/DeepLearning/lib/python3.12/site-packages/pytorch_lightning/strategies/strategy.py", line 411, in validation_step
[rank3]:     return self._forward_redirection(self.model, self.lightning_module, "validation_step", *args, **kwargs)
[rank3]:            ^^^^^^^^^^^^^^^^^^^^^^^^^^^^^^^^^^^^^^^^^^^^^^^^^^^^^^^^^^^^^^^^^^^^^^^^^^^^^^^^^^^^^^^^^^^^^^^^
[rank3]:   File "/home/users/mendrika/virtual-env/DeepLearning/lib/python3.12/site-packages/pytorch_lightning/strategies/strategy.py", line 641, in __call__
[rank3]:     wrapper_output = wrapper_module(*args, **kwargs)
[rank3]:                      ^^^^^^^^^^^^^^^^^^^^^^^^^^^^^^^
[rank3]:   File "/home/users/mendrika/virtual-env/DeepLearning/lib/python3.12/site-packages/torch/nn/modules/module.py", line 1751, in _wrapped_call_impl
[rank3]:     return self._call_impl(*args, **kwargs)
[rank3]:            ^^^^^^^^^^^^^^^^^^^^^^^^^^^^^^^^
[rank3]:   File "/home/users/mendrika/virtual-env/DeepLearning/lib/python3.12/site-packages/torch/nn/modules/module.py", line 1762, in _call_impl
[rank3]:     return forward_call(*args, **kwargs)
[rank3]:            ^^^^^^^^^^^^^^^^^^^^^^^^^^^^^
[rank3]:   File "/home/users/mendrika/virtual-env/DeepLearning/lib/python3.12/site-packages/torch/nn/parallel/distributed.py", line 1637, in forward
[rank3]:     else self._run_ddp_forward(*inputs, **kwargs)
[rank3]:          ^^^^^^^^^^^^^^^^^^^^^^^^^^^^^^^^^^^^^^^^
[rank3]:   File "/home/users/mendrika/virtual-env/DeepLearning/lib/python3.12/site-packages/torch/nn/parallel/distributed.py", line 1464, in _run_ddp_forward
[rank3]:     return self.module(*inputs, **kwargs)  # type: ignore[index]
[rank3]:            ^^^^^^^^^^^^^^^^^^^^^^^^^^^^^^
[rank3]:   File "/home/users/mendrika/virtual-env/DeepLearning/lib/python3.12/site-packages/torch/nn/modules/module.py", line 1751, in _wrapped_call_impl
[rank3]:     return self._call_impl(*args, **kwargs)
[rank3]:            ^^^^^^^^^^^^^^^^^^^^^^^^^^^^^^^^
[rank3]:   File "/home/users/mendrika/virtual-env/DeepLearning/lib/python3.12/site-packages/torch/nn/modules/module.py", line 1762, in _call_impl
[rank3]:     return forward_call(*args, **kwargs)
[rank3]:            ^^^^^^^^^^^^^^^^^^^^^^^^^^^^^
[rank3]:   File "/home/users/mendrika/virtual-env/DeepLearning/lib/python3.12/site-packages/pytorch_lightning/strategies/strategy.py", line 634, in wrapped_forward
[rank3]:     out = method(*_args, **_kwargs)
[rank3]:           ^^^^^^^^^^^^^^^^^^^^^^^^^
[rank3]:   File "/home/users/mendrika/EPS-Impact-Case-AI-Nowcasting/model/africa/pancast/training/iter-shard-10/iter-shard-full-ds-self-transpose2d.py", line 194, in validation_step
[rank3]:     preds = torch.sigmoid(self(x))
[rank3]:                           ^^^^^^^
[rank3]:   File "/home/users/mendrika/virtual-env/DeepLearning/lib/python3.12/site-packages/torch/nn/modules/module.py", line 1751, in _wrapped_call_impl
[rank3]:     return self._call_impl(*args, **kwargs)
[rank3]:            ^^^^^^^^^^^^^^^^^^^^^^^^^^^^^^^^
[rank3]:   File "/home/users/mendrika/virtual-env/DeepLearning/lib/python3.12/site-packages/torch/nn/modules/module.py", line 1762, in _call_impl
[rank3]:     return forward_call(*args, **kwargs)
[rank3]:            ^^^^^^^^^^^^^^^^^^^^^^^^^^^^^
[rank3]:   File "/home/users/mendrika/EPS-Impact-Case-AI-Nowcasting/model/africa/pancast/training/iter-shard-10/iter-shard-full-ds-self-transpose2d.py", line 183, in forward
[rank3]:     return self.decoder(x)
[rank3]:            ^^^^^^^^^^^^^^^
[rank3]:   File "/home/users/mendrika/virtual-env/DeepLearning/lib/python3.12/site-packages/torch/nn/modules/module.py", line 1751, in _wrapped_call_impl
[rank3]:     return self._call_impl(*args, **kwargs)
[rank3]:            ^^^^^^^^^^^^^^^^^^^^^^^^^^^^^^^^
[rank3]:   File "/home/users/mendrika/virtual-env/DeepLearning/lib/python3.12/site-packages/torch/nn/modules/module.py", line 1762, in _call_impl
[rank3]:     return forward_call(*args, **kwargs)
[rank3]:            ^^^^^^^^^^^^^^^^^^^^^^^^^^^^^
[rank3]:   File "/home/users/mendrika/EPS-Impact-Case-AI-Nowcasting/model/africa/pancast/training/iter-shard-10/iter-shard-full-ds-self-transpose2d.py", line 138, in forward
[rank3]:     s = F.avg_pool2d(s, kernel_size=2)
[rank3]:         ^^^^^^^^^^^^^^^^^^^^^^^^^^^^^^
[rank3]: RuntimeError: Given input size: (128x1x1). Calculated output size: (128x0x0). Output size is too small
W0626 03:41:02.582000 268826 torch/distributed/elastic/multiprocessing/api.py:900] Sending process 268833 closing signal SIGTERM
W0626 03:41:02.583000 268826 torch/distributed/elastic/multiprocessing/api.py:900] Sending process 268835 closing signal SIGTERM
W0626 03:41:02.583000 268826 torch/distributed/elastic/multiprocessing/api.py:900] Sending process 268836 closing signal SIGTERM
E0626 03:41:04.351000 268826 torch/distributed/elastic/multiprocessing/api.py:874] failed (exitcode: 1) local_rank: 1 (pid: 268834) of binary: /home/users/mendrika/virtual-env/DeepLearning/bin/python
Traceback (most recent call last):
  File "/home/users/mendrika/virtual-env/DeepLearning/bin/torchrun", line 8, in <module>
    sys.exit(main())
             ^^^^^^
  File "/home/users/mendrika/virtual-env/DeepLearning/lib/python3.12/site-packages/torch/distributed/elastic/multiprocessing/errors/__init__.py", line 355, in wrapper
    return f(*args, **kwargs)
           ^^^^^^^^^^^^^^^^^^
  File "/home/users/mendrika/virtual-env/DeepLearning/lib/python3.12/site-packages/torch/distributed/run.py", line 892, in main
    run(args)
  File "/home/users/mendrika/virtual-env/DeepLearning/lib/python3.12/site-packages/torch/distributed/run.py", line 883, in run
    elastic_launch(
  File "/home/users/mendrika/virtual-env/DeepLearning/lib/python3.12/site-packages/torch/distributed/launcher/api.py", line 139, in __call__
    return launch_agent(self._config, self._entrypoint, list(args))
           ^^^^^^^^^^^^^^^^^^^^^^^^^^^^^^^^^^^^^^^^^^^^^^^^^^^^^^^^
  File "/home/users/mendrika/virtual-env/DeepLearning/lib/python3.12/site-packages/torch/distributed/launcher/api.py", line 270, in launch_agent
    raise ChildFailedError(
torch.distributed.elastic.multiprocessing.errors.ChildFailedError: 
============================================================
/home/users/mendrika/EPS-Impact-Case-AI-Nowcasting/model/africa/pancast/training/iter-shard-10/iter-shard-full-ds-self-transpose2d.py FAILED
------------------------------------------------------------
Failures:
  <NO_OTHER_FAILURES>
------------------------------------------------------------
Root Cause (first observed failure):
[0]:
  time      : 2025-06-26_03:41:02
  host      : gpuhost003.jc.rl.ac.uk
  rank      : 1 (local_rank: 1)
  exitcode  : 1 (pid: 268834)
  error_file: <N/A>
  traceback : To enable traceback see: https://pytorch.org/docs/stable/elastic/errors.html
============================================================
