Using bfloat16 Automatic Mixed Precision (AMP)
GPU available: True (cuda), used: True
TPU available: False, using: 0 TPU cores
HPU available: False, using: 0 HPUs
Initializing distributed: GLOBAL_RANK: 1, MEMBER: 2/4
Initializing distributed: GLOBAL_RANK: 3, MEMBER: 4/4
Initializing distributed: GLOBAL_RANK: 2, MEMBER: 3/4
Initializing distributed: GLOBAL_RANK: 0, MEMBER: 1/4
----------------------------------------------------------------------------------------------------
distributed_backend=nccl
All distributed processes registered. Starting with 4 processes
----------------------------------------------------------------------------------------------------

wandb: Currently logged in as: mgrakotomanga (mgrakotomanga-university-of-leeds) to https://api.wandb.ai. Use `wandb login --relogin` to force relogin
wandb: Tracking run with wandb version 0.20.1
wandb: Run data is saved locally in ./wandb/run-20250626_040413-689aro2o
wandb: Run `wandb offline` to turn off syncing.
wandb: Syncing run pancast-10km-deconv
wandb: ⭐️ View project at https://wandb.ai/mgrakotomanga-university-of-leeds/pancast-t3
wandb: 🚀 View run at https://wandb.ai/mgrakotomanga-university-of-leeds/pancast-t3/runs/689aro2o
LOCAL_RANK: 0 - CUDA_VISIBLE_DEVICES: [0,1,2,3]
LOCAL_RANK: 3 - CUDA_VISIBLE_DEVICES: [0,1,2,3]
LOCAL_RANK: 2 - CUDA_VISIBLE_DEVICES: [0,1,2,3]
LOCAL_RANK: 1 - CUDA_VISIBLE_DEVICES: [0,1,2,3]

  | Name        | Type               | Params | Mode 
-----------------------------------------------------------
0 | in_proj     | Linear             | 1.3 K  | train
1 | transformer | TransformerEncoder | 793 K  | train
2 | set_pool    | AdaptiveAvgPool1d  | 0      | train
3 | map_proj    | Linear             | 4.2 M  | train
4 | decoder     | SimpleDecoder      | 7.0 M  | train
5 | criterion   | SelfFSSLoss        | 0      | train
6 | val_auc     | BinaryAUROC        | 0      | train
-----------------------------------------------------------
12.0 M    Trainable params
0         Non-trainable params
12.0 M    Total params
48.016    Total estimated model params size (MB)
87        Modules in train mode
0         Modules in eval mode
[rank: 3] Metric val_auc improved. New best score: 0.664
[rank: 0] Metric val_auc improved. New best score: 0.664
[rank: 2] Metric val_auc improved. New best score: 0.664
[rank: 1] Metric val_auc improved. New best score: 0.664
Epoch 0, global step 1210: 'val_auc' reached 0.66394 (best 0.66394), saving model to './pancast-t3/689aro2o/checkpoints/best-core2map.ckpt' as top 1
[rank: 1] Metric val_auc improved by 0.137 >= min_delta = 0.01. New best score: 0.801
[rank: 0] Metric val_auc improved by 0.137 >= min_delta = 0.01. New best score: 0.801
[rank: 2] Metric val_auc improved by 0.137 >= min_delta = 0.01. New best score: 0.801
[rank: 3] Metric val_auc improved by 0.137 >= min_delta = 0.01. New best score: 0.801
Epoch 1, global step 2420: 'val_auc' reached 0.80094 (best 0.80094), saving model to './pancast-t3/689aro2o/checkpoints/best-core2map.ckpt' as top 1
[rank: 3] Metric val_auc improved by 0.080 >= min_delta = 0.01. New best score: 0.881
[rank: 1] Metric val_auc improved by 0.080 >= min_delta = 0.01. New best score: 0.881
[rank: 2] Metric val_auc improved by 0.080 >= min_delta = 0.01. New best score: 0.881
[rank: 0] Metric val_auc improved by 0.080 >= min_delta = 0.01. New best score: 0.881
Epoch 2, global step 3630: 'val_auc' reached 0.88139 (best 0.88139), saving model to './pancast-t3/689aro2o/checkpoints/best-core2map.ckpt' as top 1
[rank: 0] Metric val_auc improved by 0.031 >= min_delta = 0.01. New best score: 0.912
[rank: 1] Metric val_auc improved by 0.031 >= min_delta = 0.01. New best score: 0.912
[rank: 3] Metric val_auc improved by 0.031 >= min_delta = 0.01. New best score: 0.912
[rank: 2] Metric val_auc improved by 0.031 >= min_delta = 0.01. New best score: 0.912
Epoch 3, global step 4840: 'val_auc' reached 0.91213 (best 0.91213), saving model to './pancast-t3/689aro2o/checkpoints/best-core2map.ckpt' as top 1
[rank: 3] Metric val_auc improved by 0.016 >= min_delta = 0.01. New best score: 0.928
[rank: 0] Metric val_auc improved by 0.016 >= min_delta = 0.01. New best score: 0.928
[rank: 2] Metric val_auc improved by 0.016 >= min_delta = 0.01. New best score: 0.928
[rank: 1] Metric val_auc improved by 0.016 >= min_delta = 0.01. New best score: 0.928
Epoch 4, global step 6050: 'val_auc' reached 0.92814 (best 0.92814), saving model to './pancast-t3/689aro2o/checkpoints/best-core2map.ckpt' as top 1
Epoch 5, global step 7260: 'val_auc' reached 0.93263 (best 0.93263), saving model to './pancast-t3/689aro2o/checkpoints/best-core2map.ckpt' as top 1
Epoch 6, global step 8470: 'val_auc' reached 0.93425 (best 0.93425), saving model to './pancast-t3/689aro2o/checkpoints/best-core2map.ckpt' as top 1
Epoch 7, global step 9680: 'val_auc' reached 0.93616 (best 0.93616), saving model to './pancast-t3/689aro2o/checkpoints/best-core2map.ckpt' as top 1
Epoch 8, global step 10890: 'val_auc' was not in top 1
[rank: 1] Monitored metric val_auc did not improve in the last 5 records. Best score: 0.928. Signaling Trainer to stop.
[rank: 0] Monitored metric val_auc did not improve in the last 5 records. Best score: 0.928. Signaling Trainer to stop.
[rank: 2] Monitored metric val_auc did not improve in the last 5 records. Best score: 0.928. Signaling Trainer to stop.
[rank: 3] Monitored metric val_auc did not improve in the last 5 records. Best score: 0.928. Signaling Trainer to stop.
Epoch 9, global step 12100: 'val_auc' was not in top 1
