Using bfloat16 Automatic Mixed Precision (AMP)
GPU available: True (cuda), used: True
TPU available: False, using: 0 TPU cores
HPU available: False, using: 0 HPUs
Initializing distributed: GLOBAL_RANK: 0, MEMBER: 1/4
----------------------------------------------------------------------------------------------------
distributed_backend=nccl
All distributed processes registered. Starting with 4 processes
----------------------------------------------------------------------------------------------------

Initializing distributed: GLOBAL_RANK: 1, MEMBER: 2/4
Initializing distributed: GLOBAL_RANK: 2, MEMBER: 3/4
Initializing distributed: GLOBAL_RANK: 3, MEMBER: 4/4
wandb: Currently logged in as: mgrakotomanga (mgrakotomanga-university-of-leeds) to https://api.wandb.ai. Use `wandb login --relogin` to force relogin
wandb: Tracking run with wandb version 0.20.1
wandb: Run data is saved locally in ./wandb/run-20250626_034639-k5u2r1s3
wandb: Run `wandb offline` to turn off syncing.
wandb: Syncing run pancast-10km-deconv
wandb: ⭐️ View project at https://wandb.ai/mgrakotomanga-university-of-leeds/pancast-t1
wandb: 🚀 View run at https://wandb.ai/mgrakotomanga-university-of-leeds/pancast-t1/runs/k5u2r1s3
LOCAL_RANK: 0 - CUDA_VISIBLE_DEVICES: [0,1,2,3]
LOCAL_RANK: 2 - CUDA_VISIBLE_DEVICES: [0,1,2,3]
LOCAL_RANK: 3 - CUDA_VISIBLE_DEVICES: [0,1,2,3]
LOCAL_RANK: 1 - CUDA_VISIBLE_DEVICES: [0,1,2,3]

  | Name        | Type               | Params | Mode 
-----------------------------------------------------------
0 | in_proj     | Linear             | 1.3 K  | train
1 | transformer | TransformerEncoder | 793 K  | train
2 | set_pool    | AdaptiveAvgPool1d  | 0      | train
3 | map_proj    | Linear             | 4.2 M  | train
4 | decoder     | SimpleDecoder      | 7.0 M  | train
5 | criterion   | SelfFSSLoss        | 0      | train
6 | val_auc     | BinaryAUROC        | 0      | train
-----------------------------------------------------------
12.0 M    Trainable params
0         Non-trainable params
12.0 M    Total params
48.016    Total estimated model params size (MB)
87        Modules in train mode
0         Modules in eval mode
[rank: 2] Metric val_auc improved. New best score: 0.558
[rank: 0] Metric val_auc improved. New best score: 0.558
[rank: 1] Metric val_auc improved. New best score: 0.558
[rank: 3] Metric val_auc improved. New best score: 0.558
Epoch 0, global step 1210: 'val_auc' reached 0.55775 (best 0.55775), saving model to './pancast-t1/k5u2r1s3/checkpoints/best-core2map.ckpt' as top 1
[rank: 1] Metric val_auc improved by 0.208 >= min_delta = 0.001. New best score: 0.766
[rank: 2] Metric val_auc improved by 0.208 >= min_delta = 0.001. New best score: 0.766
[rank: 3] Metric val_auc improved by 0.208 >= min_delta = 0.001. New best score: 0.766
[rank: 0] Metric val_auc improved by 0.208 >= min_delta = 0.001. New best score: 0.766
Epoch 1, global step 2420: 'val_auc' reached 0.76614 (best 0.76614), saving model to './pancast-t1/k5u2r1s3/checkpoints/best-core2map.ckpt' as top 1
[rank: 2] Metric val_auc improved by 0.089 >= min_delta = 0.001. New best score: 0.855
[rank: 3] Metric val_auc improved by 0.089 >= min_delta = 0.001. New best score: 0.855
[rank: 0] Metric val_auc improved by 0.089 >= min_delta = 0.001. New best score: 0.855
[rank: 1] Metric val_auc improved by 0.089 >= min_delta = 0.001. New best score: 0.855
Epoch 2, global step 3630: 'val_auc' reached 0.85486 (best 0.85486), saving model to './pancast-t1/k5u2r1s3/checkpoints/best-core2map.ckpt' as top 1
[rank: 1] Metric val_auc improved by 0.052 >= min_delta = 0.001. New best score: 0.907
[rank: 0] Metric val_auc improved by 0.052 >= min_delta = 0.001. New best score: 0.907
[rank: 2] Metric val_auc improved by 0.052 >= min_delta = 0.001. New best score: 0.907
[rank: 3] Metric val_auc improved by 0.052 >= min_delta = 0.001. New best score: 0.907
Epoch 3, global step 4840: 'val_auc' reached 0.90736 (best 0.90736), saving model to './pancast-t1/k5u2r1s3/checkpoints/best-core2map.ckpt' as top 1
[rank: 0] Metric val_auc improved by 0.020 >= min_delta = 0.001. New best score: 0.927
[rank: 2] Metric val_auc improved by 0.020 >= min_delta = 0.001. New best score: 0.927
[rank: 1] Metric val_auc improved by 0.020 >= min_delta = 0.001. New best score: 0.927
[rank: 3] Metric val_auc improved by 0.020 >= min_delta = 0.001. New best score: 0.927
Epoch 4, global step 6050: 'val_auc' reached 0.92712 (best 0.92712), saving model to './pancast-t1/k5u2r1s3/checkpoints/best-core2map.ckpt' as top 1
[rank: 0] Metric val_auc improved by 0.012 >= min_delta = 0.001. New best score: 0.939
[rank: 3] Metric val_auc improved by 0.012 >= min_delta = 0.001. New best score: 0.939
[rank: 1] Metric val_auc improved by 0.012 >= min_delta = 0.001. New best score: 0.939
[rank: 2] Metric val_auc improved by 0.012 >= min_delta = 0.001. New best score: 0.939
Epoch 5, global step 7260: 'val_auc' reached 0.93914 (best 0.93914), saving model to './pancast-t1/k5u2r1s3/checkpoints/best-core2map.ckpt' as top 1
[rank: 2] Metric val_auc improved by 0.007 >= min_delta = 0.001. New best score: 0.946
[rank: 1] Metric val_auc improved by 0.007 >= min_delta = 0.001. New best score: 0.946
[rank: 3] Metric val_auc improved by 0.007 >= min_delta = 0.001. New best score: 0.946
[rank: 0] Metric val_auc improved by 0.007 >= min_delta = 0.001. New best score: 0.946
Epoch 6, global step 8470: 'val_auc' reached 0.94586 (best 0.94586), saving model to './pancast-t1/k5u2r1s3/checkpoints/best-core2map.ckpt' as top 1
[rank: 2] Metric val_auc improved by 0.002 >= min_delta = 0.001. New best score: 0.948
[rank: 3] Metric val_auc improved by 0.002 >= min_delta = 0.001. New best score: 0.948
[rank: 0] Metric val_auc improved by 0.002 >= min_delta = 0.001. New best score: 0.948
[rank: 1] Metric val_auc improved by 0.002 >= min_delta = 0.001. New best score: 0.948
Epoch 7, global step 9680: 'val_auc' reached 0.94792 (best 0.94792), saving model to './pancast-t1/k5u2r1s3/checkpoints/best-core2map.ckpt' as top 1
Epoch 8, global step 10890: 'val_auc' reached 0.94880 (best 0.94880), saving model to './pancast-t1/k5u2r1s3/checkpoints/best-core2map.ckpt' as top 1
[rank: 0] Metric val_auc improved by 0.001 >= min_delta = 0.001. New best score: 0.949
[rank: 3] Metric val_auc improved by 0.001 >= min_delta = 0.001. New best score: 0.949
[rank: 2] Metric val_auc improved by 0.001 >= min_delta = 0.001. New best score: 0.949
[rank: 1] Metric val_auc improved by 0.001 >= min_delta = 0.001. New best score: 0.949
Epoch 9, global step 12100: 'val_auc' reached 0.94909 (best 0.94909), saving model to './pancast-t1/k5u2r1s3/checkpoints/best-core2map.ckpt' as top 1
Epoch 10, global step 13310: 'val_auc' reached 0.94911 (best 0.94911), saving model to './pancast-t1/k5u2r1s3/checkpoints/best-core2map.ckpt' as top 1
Epoch 11, global step 14520: 'val_auc' was not in top 1
Epoch 12, global step 15730: 'val_auc' was not in top 1
Epoch 13, global step 16940: 'val_auc' was not in top 1
Epoch 14, global step 18150: 'val_auc' was not in top 1
Epoch 15, global step 19360: 'val_auc' was not in top 1
Epoch 16, global step 20570: 'val_auc' was not in top 1
Epoch 17, global step 21780: 'val_auc' was not in top 1
Epoch 18, global step 22990: 'val_auc' was not in top 1
[rank: 2] Monitored metric val_auc did not improve in the last 10 records. Best score: 0.949. Signaling Trainer to stop.
[rank: 1] Monitored metric val_auc did not improve in the last 10 records. Best score: 0.949. Signaling Trainer to stop.
[rank: 3] Monitored metric val_auc did not improve in the last 10 records. Best score: 0.949. Signaling Trainer to stop.
[rank: 0] Monitored metric val_auc did not improve in the last 10 records. Best score: 0.949. Signaling Trainer to stop.
Epoch 19, global step 24200: 'val_auc' was not in top 1
`Trainer.fit` stopped: `max_epochs=20` reached.
